Archive member included to satisfy reference by file (symbol)

C:/ST/STM32CubeIDE_1.10.1/STM32CubeIDE/plugins/com.st.stm32cube.ide.mcu.externaltools.gnu-tools-for-stm32.11.3.rel1.win32_1.1.100.202309141235/tools/bin/../lib/gcc/arm-none-eabi/11.3.1/../../../../arm-none-eabi/lib/thumb/v8-m.main+fp/hard\libc_nano.a(libc_a-exit.o)
                              C:/ST/STM32CubeIDE_1.10.1/STM32CubeIDE/plugins/com.st.stm32cube.ide.mcu.externaltools.gnu-tools-for-stm32.11.3.rel1.win32_1.1.100.202309141235/tools/bin/../lib/gcc/arm-none-eabi/11.3.1/../../../../arm-none-eabi/lib/thumb/v8-m.main+fp/hard/crt0.o (exit)
C:/ST/STM32CubeIDE_1.10.1/STM32CubeIDE/plugins/com.st.stm32cube.ide.mcu.externaltools.gnu-tools-for-stm32.11.3.rel1.win32_1.1.100.202309141235/tools/bin/../lib/gcc/arm-none-eabi/11.3.1/../../../../arm-none-eabi/lib/thumb/v8-m.main+fp/hard\libc_nano.a(libc_a-findfp.o)
                              C:/ST/STM32CubeIDE_1.10.1/STM32CubeIDE/plugins/com.st.stm32cube.ide.mcu.externaltools.gnu-tools-for-stm32.11.3.rel1.win32_1.1.100.202309141235/tools/bin/../lib/gcc/arm-none-eabi/11.3.1/../../../../arm-none-eabi/lib/thumb/v8-m.main+fp/hard\libc_nano.a(libc_a-exit.o) (__stdio_exit_handler)
C:/ST/STM32CubeIDE_1.10.1/STM32CubeIDE/plugins/com.st.stm32cube.ide.mcu.externaltools.gnu-tools-for-stm32.11.3.rel1.win32_1.1.100.202309141235/tools/bin/../lib/gcc/arm-none-eabi/11.3.1/../../../../arm-none-eabi/lib/thumb/v8-m.main+fp/hard\libc_nano.a(libc_a-fwalk.o)
                              C:/ST/STM32CubeIDE_1.10.1/STM32CubeIDE/plugins/com.st.stm32cube.ide.mcu.externaltools.gnu-tools-for-stm32.11.3.rel1.win32_1.1.100.202309141235/tools/bin/../lib/gcc/arm-none-eabi/11.3.1/../../../../arm-none-eabi/lib/thumb/v8-m.main+fp/hard\libc_nano.a(libc_a-findfp.o) (_fwalk_sglue)
C:/ST/STM32CubeIDE_1.10.1/STM32CubeIDE/plugins/com.st.stm32cube.ide.mcu.externaltools.gnu-tools-for-stm32.11.3.rel1.win32_1.1.100.202309141235/tools/bin/../lib/gcc/arm-none-eabi/11.3.1/../../../../arm-none-eabi/lib/thumb/v8-m.main+fp/hard\libc_nano.a(libc_a-stdio.o)
                              C:/ST/STM32CubeIDE_1.10.1/STM32CubeIDE/plugins/com.st.stm32cube.ide.mcu.externaltools.gnu-tools-for-stm32.11.3.rel1.win32_1.1.100.202309141235/tools/bin/../lib/gcc/arm-none-eabi/11.3.1/../../../../arm-none-eabi/lib/thumb/v8-m.main+fp/hard\libc_nano.a(libc_a-findfp.o) (__sread)
C:/ST/STM32CubeIDE_1.10.1/STM32CubeIDE/plugins/com.st.stm32cube.ide.mcu.externaltools.gnu-tools-for-stm32.11.3.rel1.win32_1.1.100.202309141235/tools/bin/../lib/gcc/arm-none-eabi/11.3.1/../../../../arm-none-eabi/lib/thumb/v8-m.main+fp/hard\libc_nano.a(libc_a-memset.o)
                              C:/ST/STM32CubeIDE_1.10.1/STM32CubeIDE/plugins/com.st.stm32cube.ide.mcu.externaltools.gnu-tools-for-stm32.11.3.rel1.win32_1.1.100.202309141235/tools/bin/../lib/gcc/arm-none-eabi/11.3.1/../../../../arm-none-eabi/lib/thumb/v8-m.main+fp/hard/crt0.o (memset)
C:/ST/STM32CubeIDE_1.10.1/STM32CubeIDE/plugins/com.st.stm32cube.ide.mcu.externaltools.gnu-tools-for-stm32.11.3.rel1.win32_1.1.100.202309141235/tools/bin/../lib/gcc/arm-none-eabi/11.3.1/../../../../arm-none-eabi/lib/thumb/v8-m.main+fp/hard\libc_nano.a(libc_a-closer.o)
                              C:/ST/STM32CubeIDE_1.10.1/STM32CubeIDE/plugins/com.st.stm32cube.ide.mcu.externaltools.gnu-tools-for-stm32.11.3.rel1.win32_1.1.100.202309141235/tools/bin/../lib/gcc/arm-none-eabi/11.3.1/../../../../arm-none-eabi/lib/thumb/v8-m.main+fp/hard\libc_nano.a(libc_a-stdio.o) (_close_r)
C:/ST/STM32CubeIDE_1.10.1/STM32CubeIDE/plugins/com.st.stm32cube.ide.mcu.externaltools.gnu-tools-for-stm32.11.3.rel1.win32_1.1.100.202309141235/tools/bin/../lib/gcc/arm-none-eabi/11.3.1/../../../../arm-none-eabi/lib/thumb/v8-m.main+fp/hard\libc_nano.a(libc_a-reent.o)
                              C:/ST/STM32CubeIDE_1.10.1/STM32CubeIDE/plugins/com.st.stm32cube.ide.mcu.externaltools.gnu-tools-for-stm32.11.3.rel1.win32_1.1.100.202309141235/tools/bin/../lib/gcc/arm-none-eabi/11.3.1/../../../../arm-none-eabi/lib/thumb/v8-m.main+fp/hard\libc_nano.a(libc_a-closer.o) (errno)
C:/ST/STM32CubeIDE_1.10.1/STM32CubeIDE/plugins/com.st.stm32cube.ide.mcu.externaltools.gnu-tools-for-stm32.11.3.rel1.win32_1.1.100.202309141235/tools/bin/../lib/gcc/arm-none-eabi/11.3.1/../../../../arm-none-eabi/lib/thumb/v8-m.main+fp/hard\libc_nano.a(libc_a-impure.o)
                              C:/ST/STM32CubeIDE_1.10.1/STM32CubeIDE/plugins/com.st.stm32cube.ide.mcu.externaltools.gnu-tools-for-stm32.11.3.rel1.win32_1.1.100.202309141235/tools/bin/../lib/gcc/arm-none-eabi/11.3.1/../../../../arm-none-eabi/lib/thumb/v8-m.main+fp/hard\libc_nano.a(libc_a-reent.o) (_impure_ptr)
C:/ST/STM32CubeIDE_1.10.1/STM32CubeIDE/plugins/com.st.stm32cube.ide.mcu.externaltools.gnu-tools-for-stm32.11.3.rel1.win32_1.1.100.202309141235/tools/bin/../lib/gcc/arm-none-eabi/11.3.1/../../../../arm-none-eabi/lib/thumb/v8-m.main+fp/hard\libc_nano.a(libc_a-lseekr.o)
[...]
Memory Configuration

Name             Origin             Length             Attributes
RAM              0x0000000020000000 0x00000000000c0000 xrw
SRAM4            0x0000000028000000 0x0000000000004000 xrw
FLASH            0x0000000008000000 0x0000000000200000 xr
*default*        0x0000000000000000 0xffffffffffffffff

Linker script and memory map

LOAD C:/ST/STM32CubeIDE_1.10.1/STM32CubeIDE/plugins/com.st.stm32cube.ide.mcu.externaltools.gnu-tools-for-stm32.11.3.rel1.win32_1.1.100.202309141235/tools/bin/../lib/gcc/arm-none-eabi/11.3.1/thumb/v8-m.main+fp/hard/crti.o
LOAD C:/ST/STM32CubeIDE_1.10.1/STM32CubeIDE/plugins/com.st.stm32cube.ide.mcu.externaltools.gnu-tools-for-stm32.11.3.rel1.win32_1.1.100.202309141235/tools/bin/../lib/gcc/arm-none-eabi/11.3.1/thumb/v8-m.main+fp/hard/crtbegin.o
LOAD C:/ST/STM32CubeIDE_1.10.1/STM32CubeIDE/plugins/com.st.stm32cube.ide.mcu.externaltools.gnu-tools-for-stm32.11.3.rel1.win32_1.1.100.202309141235/tools/bin/../lib/gcc/arm-none-eabi/11.3.1/../../../../arm-none-eabi/lib/thumb/v8-m.main+fp/hard/crt0.o
LOAD ./Core/Src/main.o
LOAD ./Core/Src/nrf24.o
LOAD ./Core/Src/radio_demo.o
LOAD ./Core/Src/stm32u5xx_hal_msp.o
LOAD ./Core/Src/stm32u5xx_it.o
LOAD ./Core/Src/syscalls.o
LOAD ./Core/Src/sysmem.o
LOAD ./Core/Src/system_stm32u5xx.o
LOAD ./Core/Startup/startup_stm32u575zitxq.o
LOAD ./Drivers/STM32U5xx_HAL_Driver/Src/stm32u5xx_hal.o
LOAD ./Drivers/STM32U5xx_HAL_Driver/Src/stm32u5xx_hal_adc.o
LOAD ./Drivers/STM32U5xx_HAL_Driver/Src/stm32u5xx_hal_adc_ex.o
LOAD ./Drivers/STM32U5xx_HAL_Driver/Src/stm32u5xx_hal_cortex.o
LOAD ./Drivers/STM32U5xx_HAL_Driver/Src/stm32u5xx_hal_dma.o
LOAD ./Drivers/STM32U5xx_HAL_Driver/Src/stm32u5xx_hal_dma_ex.o
LOAD ./Drivers/STM32U5xx_HAL_Driver/Src/stm32u5xx_hal_exti.o
LOAD ./Drivers/STM32U5xx_HAL_Driver/Src/stm32u5xx_hal_flash.o
LOAD ./Drivers/STM32U5xx_HAL_Driver/Src/stm32u5xx_hal_flash_ex.o
LOAD ./Drivers/STM32U5xx_HAL_Driver/Src/stm32u5xx_hal_gpio.o
LOAD ./Drivers/STM32U5xx_HAL_Driver/Src/stm32u5xx_hal_gtzc.o
LOAD ./Drivers/STM32U5xx_HAL_Driver/Src/stm32u5xx_hal_i2c.o
LOAD ./Drivers/STM32U5xx_HAL_Driver/Src/stm32u5xx_hal_i2c_ex.o
LOAD ./Drivers/STM32U5xx_HAL_Driver/Src/stm32u5xx_hal_icache.o
LOAD ./Drivers/STM32U5xx_HAL_Driver/Src/stm32u5xx_hal_pcd.o
LOAD ./Drivers/STM32U5xx_HAL_Driver/Src/stm32u5xx_hal_pcd_ex.o
LOAD ./Drivers/STM32U5xx_HAL_Driver/Src/stm32u5xx_hal_pwr.o
LOAD ./Drivers/STM32U5xx_HAL_Driver/Src/stm32u5xx_hal_pwr_ex.o
LOAD ./Drivers/STM32U5xx_HAL_Driver/Src/stm32u5xx_hal_rcc.o
LOAD ./Drivers/STM32U5xx_HAL_Driver/Src/stm32u5xx_hal_rcc_ex.o
LOAD ./Drivers/STM32U5xx_HAL_Driver/Src/stm32u5xx_hal_spi.o
LOAD ./Drivers/STM32U5xx_HAL_Driver/Src/stm32u5xx_hal_spi_ex.o
LOAD ./Drivers/STM32U5xx_HAL_Driver/Src/stm32u5xx_hal_tim.o
LOAD ./Drivers/STM32U5xx_HAL_Driver/Src/stm32u5xx_hal_tim_ex.o
LOAD ./Drivers/STM32U5xx_HAL_Driver/Src/stm32u5xx_hal_uart.o
LOAD ./Drivers/STM32U5xx_HAL_Driver/Src/stm32u5xx_hal_uart_ex.o
LOAD ./Drivers/STM32U5xx_HAL_Driver/Src/stm32u5xx_ll_dma.o
LOAD ./Drivers/STM32U5xx_HAL_Driver/Src/stm32u5xx_ll_exti.o
LOAD ./Drivers/STM32U5xx_HAL_Driver/Src/stm32u5xx_ll_gpio.o
LOAD ./Drivers/STM32U5xx_HAL_Driver/Src/stm32u5xx_ll_lpgpio.o
LOAD ./Drivers/STM32U5xx_HAL_Driver/Src/stm32u5xx_ll_ucpd.o
LOAD ./Drivers/STM32U5xx_HAL_Driver/Src/stm32u5xx_ll_usb.o
LOAD ./Drivers/STM32U5xx_HAL_Driver/Src/stm32u5xx_ll_utils.o
START GROUP
LOAD C:/ST/STM32CubeIDE_1.10.1/STM32CubeIDE/plugins/com.st.stm32cube.ide.mcu.externaltools.gnu-tools-for-stm32.11.3.rel1.win32_1.1.100.202309141235/tools/bin/../lib/gcc/arm-none-eabi/11.3.1/../../../../arm-none-eabi/lib/thumb/v8-m.main+fp/hard\libc_nano.a
LOAD C:/ST/STM32CubeIDE_1.10.1/STM32CubeIDE/plugins/com.st.stm32cube.ide.mcu.externaltools.gnu-tools-for-stm32.11.3.rel1.win32_1.1.100.202309141235/tools/bin/../lib/gcc/arm-none-eabi/11.3.1/../../../../arm-none-eabi/lib/thumb/v8-m.main+fp/hard\libm.a
END GROUP
START GROUP
LOAD C:/ST/STM32CubeIDE_1.10.1/STM32CubeIDE/plugins/com.st.stm32cube.ide.mcu.externaltools.gnu-tools-for-stm32.11.3.rel1.win32_1.1.100.202309141235/tools/bin/../lib/gcc/arm-none-eabi/11.3.1/thumb/v8-m.main+fp/hard\libgcc.a
LOAD C:/ST/STM32CubeIDE_1.10.1/STM32CubeIDE/plugins/com.st.stm32cube.ide.mcu.externaltools.gnu-tools-for-stm32.11.3.rel1.win32_1.1.100.202309141235/tools/bin/../lib/gcc/arm-none-eabi/11.3.1/../../../../arm-none-eabi/lib/thumb/v8-m.main+fp/hard\libc_nano.a
END GROUP
START GROUP
LOAD C:/ST/STM32CubeIDE_1.10.1/STM32CubeIDE/plugins/com.st.stm32cube.ide.mcu.externaltools.gnu-tools-for-stm32.11.3.rel1.win32_1.1.100.202309141235/tools/bin/../lib/gcc/arm-none-eabi/11.3.1/thumb/v8-m.main+fp/hard\libgcc.a
LOAD C:/ST/STM32CubeIDE_1.10.1/STM32CubeIDE/plugins/com.st.stm32cube.ide.mcu.externaltools.gnu-tools-for-stm32.11.3.rel1.win32_1.1.100.202309141235/tools/bin/../lib/gcc/arm-none-eabi/11.3.1/../../../../arm-none-eabi/lib/thumb/v8-m.main+fp/hard\libc_nano.a
LOAD C:/ST/STM32CubeIDE_1.10.1/STM32CubeIDE/plugins/com.st.stm32cube.ide.mcu.externaltools.gnu-tools-for-stm32.11.3.rel1.win32_1.1.100.202309141235/tools/bin/../lib/gcc/arm-none-eabi/11.3.1/../../../../arm-none-eabi/lib/thumb/v8-m.main+fp/hard\libnosys.a
END GROUP
START GROUP
LOAD C:/ST/STM32CubeIDE_1.10.1/STM32CubeIDE/plugins/com.st.stm32cube.ide.mcu.externaltools.gnu-tools-for-stm32.11.3.rel1.win32_1.1.100.202309141235/tools/bin/../lib/gcc/arm-none-eabi/11.3.1/thumb/v8-m.main+fp/hard\libgcc.a
LOAD C:/ST/STM32CubeIDE_1.10.1/STM32CubeIDE/plugins/com.st.stm32cube.ide.mcu.externaltools.gnu-tools-for-stm32.11.3.rel1.win32_1.1.100.202309141235/tools/bin/../lib/gcc/arm-none-eabi/11.3.1/../../../../arm-none-eabi/lib/thumb/v8-m.main+fp/hard\libc_nano.a
LOAD C:/ST/STM32CubeIDE_1.10.1/STM32CubeIDE/plugins/com.st.stm32cube.ide.mcu.externaltools.gnu-tools-for-stm32.11.3.rel1.win32_1.1.100.202309141235/tools/bin/../lib/gcc/arm-none-eabi/11.3.1/../../../../arm-none-eabi/lib/thumb/v8-m.main+fp/hard\libnosys.a
END GROUP
LOAD C:/ST/STM32CubeIDE_1.10.1/STM32CubeIDE/plugins/com.st.stm32cube.ide.mcu.externaltools.gnu-tools-for-stm32.11.3.rel1.win32_1.1.100.202309141235/tools/bin/../lib/gcc/arm-none-eabi/11.3.1/thumb/v8-m.main+fp/hard/crtend.o
LOAD C:/ST/STM32CubeIDE_1.10.1/STM32CubeIDE/plugins/com.st.stm32cube.ide.mcu.externaltools.gnu-tools-for-stm32.11.3.rel1.win32_1.1.100.202309141235/tools/bin/../lib/gcc/arm-none-eabi/11.3.1/thumb/v8-m.main+fp/hard/crtn.o
                0x00000000200c0000                _estack = (ORIGIN (RAM) + LENGTH (RAM))
                0x0000000000000200                _Min_Heap_Size = 0x200
                0x0000000000000400                _Min_Stack_Size = 0x400

.isr_vector     0x0000000008000000      0x238
 *(.isr_vector)
 .isr_vector    0x0000000008000000      0x238 ./Core/Startup/startup_stm32u575zitxq.o
                0x0000000008000000                g_pfnVectors

.text           0x0000000008000238     0xa2d0
 *(.text)
 .text          0x0000000008000238       0x40 C:/ST/STM32CubeIDE_1.10.1/STM32CubeIDE/plugins/com.st.stm32cube.ide.mcu.externaltools.gnu-tools-for-stm32.11.3.rel1.win32_1.1.100.202309141235/tools/bin/../lib/gcc/arm-none-eabi/11.3.1/thumb/v8-m.main+fp/hard/crtbegin.o
 .text          0x0000000008000278       0x10 C:/ST/STM32CubeIDE_1.10.1/STM32CubeIDE/plugins/com.st.stm32cube.ide.mcu.externaltools.gnu-tools-for-stm32.11.3.rel1.win32_1.1.100.202309141235/tools/bin/../lib/gcc/arm-none-eabi/11.3.1/../../../../arm-none-eabi/lib/thumb/v8-m.main+fp/hard\libc_nano.a(libc_a-strlen.o)
                0x0000000008000278                strlen
 .text          0x0000000008000288       0x30 C:/ST/STM32CubeIDE_1.10.1/STM32CubeIDE/plugins/com.st.stm32cube.ide.mcu.externaltools.gnu-tools-for-stm32.11.3.rel1.win32_1.1.100.202309141235/tools/bin/../lib/gcc/arm-none-eabi/11.3.1/thumb/v8-m.main+fp/hard\libgcc.a(_aeabi_uldivmod.o)
                0x0000000008000288                __aeabi_uldivmod
 .text          0x00000000080002b8      0x2ec C:/ST/STM32CubeIDE_1.10.1/STM32CubeIDE/plugins/com.st.stm32cube.ide.mcu.externaltools.gnu-tools-for-stm32.11.3.rel1.win32_1.1.100.202309141235/tools/bin/../lib/gcc/arm-none-eabi/11.3.1/thumb/v8-m.main+fp/hard\libgcc.a(_udivmoddi4.o)
                0x00000000080002b8                __udivmoddi4
 .text          0x00000000080005a4        0x4 C:/ST/STM32CubeIDE_1.10.1/STM32CubeIDE/plugins/com.st.stm32cube.ide.mcu.externaltools.gnu-tools-for-stm32.11.3.rel1.win32_1.1.100.202309141235/tools/bin/../lib/gcc/arm-none-eabi/11.3.1/thumb/v8-m.main+fp/hard\libgcc.a(_dvmd_tls.o)
                0x00000000080005a4                __aeabi_idiv0
                0x00000000080005a4                __aeabi_ldiv0
 *(.text*)
 .text.LL_AHB2_GRP1_EnableClock
                0x00000000080005a8       0x38 ./Core/Src/main.o
 .text.LL_APB1_GRP2_EnableClock
                0x00000000080005e0       0x38 ./Core/Src/main.o
 .text.main     0x0000000008000618       0x32 ./Core/Src/main.o
                0x0000000008000618                main
 .text.SystemClock_Config
                0x000000000800064a       0xc8 ./Core/Src/main.o
                0x000000000800064a                SystemClock_Config
 .text.SystemPower_Config
                0x0000000008000712       0x1c ./Core/Src/main.o
 *fill*         0x000000000800072e        0x2 
 .text.MX_ADC1_Init
                0x0000000008000730       0x88 ./Core/Src/main.o
 .text.MX_ICACHE_Init
                0x00000000080007b8       0x74 ./Core/Src/main.o
 .text.MX_SPI1_Init
                0x000000000800082c       0xe0 ./Core/Src/main.o
 .text.MX_UCPD1_Init
                0x000000000800090c       0x6c ./Core/Src/main.o
 .text.MX_USART1_UART_Init
                0x0000000008000978       0x98 ./Core/Src/main.o
 .text.MX_USB_OTG_FS_PCD_Init
                0x0000000008000a10       0x64 ./Core/Src/main.o
 .text.MX_GPIO_Init
                0x0000000008000a74      0x220 ./Core/Src/main.o
 .text.Error_Handler
                0x0000000008000c94        0xa ./Core/Src/main.o
                0x0000000008000c94                Error_Handler
 *fill*         0x0000000008000c9e        0x2 
 .text.nRF24_CSN_L
                0x0000000008000ca0       0x18 ./Core/Src/nrf24.o
 .text.nRF24_CSN_H
                0x0000000008000cb8       0x18 ./Core/Src/nrf24.o
 .text.nRF24_LL_RW
                0x0000000008000cd0       0x38 ./Core/Src/nrf24.o
 .text.nRF24_ReadReg
                0x0000000008000d08       0x34 ./Core/Src/nrf24.o
 .text.nRF24_WriteReg
                0x0000000008000d3c       0x76 ./Core/Src/nrf24.o
 .text.nRF24_ReadMBReg
                0x0000000008000db2       0x4a ./Core/Src/nrf24.o
 .text.nRF24_WriteMBReg
                0x0000000008000dfc       0x42 ./Core/Src/nrf24.o
 .text.nRF24_Init
                0x0000000008000e3e       0x98 ./Core/Src/nrf24.o
                0x0000000008000e3e                nRF24_Init
 *fill*         0x0000000008000ed6        0x2 
 .text.nRF24_Check
                0x0000000008000ed8       0x5c ./Core/Src/nrf24.o
                0x0000000008000ed8                nRF24_Check
 .text.nRF24_SetPowerMode
                0x0000000008000f34       0x3e ./Core/Src/nrf24.o
                0x0000000008000f34                nRF24_SetPowerMode
 .text.nRF24_SetOperationalMode
                0x0000000008000f72       0x42 ./Core/Src/nrf24.o
                0x0000000008000f72                nRF24_SetOperationalMode
 .text.nRF24_SetDynamicPayloadLength
                0x0000000008000fb4       0x54 ./Core/Src/nrf24.o
                0x0000000008000fb4                nRF24_SetDynamicPayloadLength
 .text.nRF24_SetPayloadWithAck
                0x0000000008001008       0x44 ./Core/Src/nrf24.o
                0x0000000008001008                nRF24_SetPayloadWithAck
 .text.nRF24_SetCRCScheme
                0x000000000800104c       0x42 ./Core/Src/nrf24.o
                0x000000000800104c                nRF24_SetCRCScheme
 .text.nRF24_SetRFChannel
                0x000000000800108e       0x1c ./Core/Src/nrf24.o
                0x000000000800108e                nRF24_SetRFChannel
 .text.nRF24_SetAutoRetr
                0x00000000080010aa       0x36 ./Core/Src/nrf24.o
                0x00000000080010aa                nRF24_SetAutoRetr
 .text.nRF24_SetAddrWidth
                0x00000000080010e0       0x20 ./Core/Src/nrf24.o
                0x00000000080010e0                nRF24_SetAddrWidth
 .text.nRF24_SetAddr
                0x0000000008001100       0x94 ./Core/Src/nrf24.o
                0x0000000008001100                nRF24_SetAddr
 .text.nRF24_SetTXPower
                0x0000000008001194       0x36 ./Core/Src/nrf24.o
                0x0000000008001194                nRF24_SetTXPower
 .text.nRF24_SetDataRate
                0x00000000080011ca       0x36 ./Core/Src/nrf24.o
                0x00000000080011ca                nRF24_SetDataRate
 .text.nRF24_EnableAA
                0x0000000008001200       0x3a ./Core/Src/nrf24.o
                0x0000000008001200                nRF24_EnableAA
 .text.nRF24_GetStatus
                0x000000000800123a       0x10 ./Core/Src/nrf24.o
                0x000000000800123a                nRF24_GetStatus
 .text.nRF24_GetRetransmitCounters
                0x000000000800124a       0x10 ./Core/Src/nrf24.o
                0x000000000800124a                nRF24_GetRetransmitCounters
 .text.nRF24_ResetPLOS
                0x000000000800125a       0x22 ./Core/Src/nrf24.o
                0x000000000800125a                nRF24_ResetPLOS
 .text.nRF24_FlushTX
                0x000000000800127c       0x10 ./Core/Src/nrf24.o
                0x000000000800127c                nRF24_FlushTX
 .text.nRF24_FlushRX
                0x000000000800128c       0x10 ./Core/Src/nrf24.o
                0x000000000800128c                nRF24_FlushRX
 .text.nRF24_ClearIRQFlags
                0x000000000800129c       0x2a ./Core/Src/nrf24.o
                0x000000000800129c                nRF24_ClearIRQFlags
 .text.nRF24_WritePayload
                0x00000000080012c6       0x20 ./Core/Src/nrf24.o
                0x00000000080012c6                nRF24_WritePayload
 .text.nRF24_GetRxDplPayloadWidth
                0x00000000080012e6       0x28 ./Core/Src/nrf24.o
 *fill*         0x000000000800130e        0x2 
 .text.nRF24_ReadPayloadGeneric
                0x0000000008001310       0x90 ./Core/Src/nrf24.o
 .text.nRF24_ReadPayloadDpl
                0x00000000080013a0       0x1e ./Core/Src/nrf24.o
                0x00000000080013a0                nRF24_ReadPayloadDpl
 *fill*         0x00000000080013be        0x2 
 .text.nRF24_CE_L
                0x00000000080013c0       0x18 ./Core/Src/radio_demo.o
 .text.nRF24_CE_H
                0x00000000080013d8       0x18 ./Core/Src/radio_demo.o
 .text.Delay_ms
                0x00000000080013f0       0x16 ./Core/Src/radio_demo.o
 *fill*         0x0000000008001406        0x2 
 .text.UART_SendChar
                0x0000000008001408       0x24 ./Core/Src/radio_demo.o
                0x0000000008001408                UART_SendChar
 .text.UART_SendStr
                0x000000000800142c       0x28 ./Core/Src/radio_demo.o
                0x000000000800142c                UART_SendStr
 .text.Toggle_LED
                0x0000000008001454       0x14 ./Core/Src/radio_demo.o
                0x0000000008001454                Toggle_LED
 .text.UART_SendBufHex
                0x0000000008001468       0x5c ./Core/Src/radio_demo.o
                0x0000000008001468                UART_SendBufHex
 .text.UART_SendHex8
                0x00000000080014c4       0x3c ./Core/Src/radio_demo.o
                0x00000000080014c4                UART_SendHex8
 .text.UART_SendInt
                0x0000000008001500       0x94 ./Core/Src/radio_demo.o
                0x0000000008001500                UART_SendInt
 .text.nRF24_TransmitPacket
                0x0000000008001594       0xa0 ./Core/Src/radio_demo.o
                0x0000000008001594                nRF24_TransmitPacket
 .text.runRadio
                0x0000000008001634      0x1d4 ./Core/Src/radio_demo.o
                0x0000000008001634                runRadio
 .text.HAL_MspInit
                0x0000000008001808       0x3c ./Core/Src/stm32u5xx_hal_msp.o
                0x0000000008001808                HAL_MspInit
 .text.HAL_ADC_MspInit
                0x0000000008001844       0xc8 ./Core/Src/stm32u5xx_hal_msp.o
                0x0000000008001844                HAL_ADC_MspInit
 .text.HAL_SPI_MspInit
                0x000000000800190c      0x120 ./Core/Src/stm32u5xx_hal_msp.o
                0x000000000800190c                HAL_SPI_MspInit
 .text.HAL_UART_MspInit
                0x0000000008001a2c       0xd0 ./Core/Src/stm32u5xx_hal_msp.o
                0x0000000008001a2c                HAL_UART_MspInit
 .text.HAL_PCD_MspInit
                0x0000000008001afc      0x128 ./Core/Src/stm32u5xx_hal_msp.o
                0x0000000008001afc                HAL_PCD_MspInit
 .text.NMI_Handler
                0x0000000008001c24        0x6 ./Core/Src/stm32u5xx_it.o
                0x0000000008001c24                NMI_Handler
 .text.HardFault_Handler
                0x0000000008001c2a        0x6 ./Core/Src/stm32u5xx_it.o
                0x0000000008001c2a                HardFault_Handler
 .text.MemManage_Handler
                0x0000000008001c30        0x6 ./Core/Src/stm32u5xx_it.o
                0x0000000008001c30                MemManage_Handler
 .text.BusFault_Handler
                0x0000000008001c36        0x6 ./Core/Src/stm32u5xx_it.o
                0x0000000008001c36                BusFault_Handler
 .text.UsageFault_Handler
                0x0000000008001c3c        0x6 ./Core/Src/stm32u5xx_it.o
                0x0000000008001c3c                UsageFault_Handler
 .text.SVC_Handler
                0x0000000008001c42        0xe ./Core/Src/stm32u5xx_it.o
                0x0000000008001c42                SVC_Handler
 .text.DebugMon_Handler
                0x0000000008001c50        0xe ./Core/Src/stm32u5xx_it.o
                0x0000000008001c50                DebugMon_Handler
 .text.PendSV_Handler
                0x0000000008001c5e        0xe ./Core/Src/stm32u5xx_it.o
                0x0000000008001c5e                PendSV_Handler
 .text.SysTick_Handler
                0x0000000008001c6c        0xc ./Core/Src/stm32u5xx_it.o
                0x0000000008001c6c                SysTick_Handler
 .text.OTG_FS_IRQHandler
                0x0000000008001c78       0x14 ./Core/Src/stm32u5xx_it.o
                0x0000000008001c78                OTG_FS_IRQHandler
 .text.SystemInit
                0x0000000008001c8c       0x70 ./Core/Src/system_stm32u5xx.o
                0x0000000008001c8c                SystemInit
 .text.Reset_Handler
                0x0000000008001cfc       0x50 ./Core/Startup/startup_stm32u575zitxq.o
                0x0000000008001cfc                Reset_Handler
 .text.Default_Handler
                0x0000000008001d4c        0x2 ./Core/Startup/startup_stm32u575zitxq.o
                0x0000000008001d4c                EXTI2_IRQHandler
                0x0000000008001d4c                TIM8_TRG_COM_IRQHandler
                0x0000000008001d4c                TIM8_CC_IRQHandler
                0x0000000008001d4c                EXTI5_IRQHandler
                0x0000000008001d4c                FLASH_S_IRQHandler
                0x0000000008001d4c                EXTI13_IRQHandler
                0x0000000008001d4c                TIM1_CC_IRQHandler
                0x0000000008001d4c                TSC_IRQHandler
                0x0000000008001d4c                TAMP_IRQHandler
                0x0000000008001d4c                TIM6_IRQHandler
                0x0000000008001d4c                EXTI12_IRQHandler
                0x0000000008001d4c                CORDIC_IRQHandler
                0x0000000008001d4c                EXTI3_IRQHandler
                0x0000000008001d4c                LPTIM4_IRQHandler
                0x0000000008001d4c                GPDMA1_Channel5_IRQHandler
                0x0000000008001d4c                EXTI8_IRQHandler
                0x0000000008001d4c                LPTIM2_IRQHandler
                0x0000000008001d4c                I2C3_ER_IRQHandler
                0x0000000008001d4c                PWR_S3WU_IRQHandler
                0x0000000008001d4c                MDF1_FLT2_IRQHandler
                0x0000000008001d4c                LPDMA1_Channel3_IRQHandler
                0x0000000008001d4c                LPTIM3_IRQHandler
                0x0000000008001d4c                EXTI0_IRQHandler
                0x0000000008001d4c                I2C2_EV_IRQHandler
                0x0000000008001d4c                FPU_IRQHandler
                0x0000000008001d4c                GPDMA1_Channel3_IRQHandler
                0x0000000008001d4c                GPDMA1_Channel7_IRQHandler
                0x0000000008001d4c                MDF1_FLT4_IRQHandler
                0x0000000008001d4c                FDCAN1_IT1_IRQHandler
                0x0000000008001d4c                RAMCFG_IRQHandler
                0x0000000008001d4c                GPDMA1_Channel9_IRQHandler
                0x0000000008001d4c                DCACHE1_IRQHandler
                0x0000000008001d4c                SPI1_IRQHandler
                0x0000000008001d4c                OCTOSPI1_IRQHandler
                0x0000000008001d4c                GPDMA1_Channel2_IRQHandler
                0x0000000008001d4c                TIM8_UP_IRQHandler
                0x0000000008001d4c                RCC_S_IRQHandler
                0x0000000008001d4c                OCTOSPI2_IRQHandler
                0x0000000008001d4c                SAI2_IRQHandler
                0x0000000008001d4c                MDF1_FLT1_IRQHandler
                0x0000000008001d4c                ADC1_IRQHandler
                0x0000000008001d4c                MDF1_FLT5_IRQHandler
                0x0000000008001d4c                EXTI15_IRQHandler
                0x0000000008001d4c                TIM17_IRQHandler
                0x0000000008001d4c                USART3_IRQHandler
                0x0000000008001d4c                RTC_IRQHandler
                0x0000000008001d4c                EXTI9_IRQHandler
                0x0000000008001d4c                UART5_IRQHandler
                0x0000000008001d4c                TIM4_IRQHandler
                0x0000000008001d4c                I2C1_EV_IRQHandler
                0x0000000008001d4c                GPDMA1_Channel12_IRQHandler
                0x0000000008001d4c                GPDMA1_Channel1_IRQHandler
                0x0000000008001d4c                TIM16_IRQHandler
                0x0000000008001d4c                GPDMA1_Channel15_IRQHandler
                0x0000000008001d4c                UART4_IRQHandler
                0x0000000008001d4c                SecureFault_Handler
                0x0000000008001d4c                TIM3_IRQHandler
                0x0000000008001d4c                RCC_IRQHandler
                0x0000000008001d4c                TIM1_TRG_COM_IRQHandler
                0x0000000008001d4c                Default_Handler
                0x0000000008001d4c                GPDMA1_Channel8_IRQHandler
                0x0000000008001d4c                FMAC_IRQHandler
                0x0000000008001d4c                GPDMA1_Channel11_IRQHandler
                0x0000000008001d4c                TIM7_IRQHandler
                0x0000000008001d4c                SDMMC1_IRQHandler
                0x0000000008001d4c                TIM5_IRQHandler
                0x0000000008001d4c                UCPD1_IRQHandler
                0x0000000008001d4c                GPDMA1_Channel0_IRQHandler
                0x0000000008001d4c                TIM15_IRQHandler
                0x0000000008001d4c                I2C3_EV_IRQHandler
                0x0000000008001d4c                LPDMA1_Channel0_IRQHandler
                0x0000000008001d4c                PVD_PVM_IRQHandler
                0x0000000008001d4c                SPI2_IRQHandler
                0x0000000008001d4c                LPDMA1_Channel1_IRQHandler
                0x0000000008001d4c                EXTI14_IRQHandler
                0x0000000008001d4c                EXTI11_IRQHandler
                0x0000000008001d4c                CRS_IRQHandler
                0x0000000008001d4c                GPDMA1_Channel14_IRQHandler
                0x0000000008001d4c                LSECSSD_IRQHandler
                0x0000000008001d4c                EXTI4_IRQHandler
                0x0000000008001d4c                RTC_S_IRQHandler
                0x0000000008001d4c                GPDMA1_Channel13_IRQHandler
                0x0000000008001d4c                RNG_IRQHandler
                0x0000000008001d4c                COMP_IRQHandler
                0x0000000008001d4c                TIM1_UP_IRQHandler
                0x0000000008001d4c                ADC4_IRQHandler
                0x0000000008001d4c                WWDG_IRQHandler
                0x0000000008001d4c                I2C4_EV_IRQHandler
                0x0000000008001d4c                ADF1_IRQHandler
                0x0000000008001d4c                IWDG_IRQHandler
                0x0000000008001d4c                LPUART1_IRQHandler
                0x0000000008001d4c                MDF1_FLT0_IRQHandler
                0x0000000008001d4c                FDCAN1_IT0_IRQHandler
                0x0000000008001d4c                TIM2_IRQHandler
                0x0000000008001d4c                GPDMA1_Channel4_IRQHandler
                0x0000000008001d4c                EXTI7_IRQHandler
                0x0000000008001d4c                DMA2D_IRQHandler
                0x0000000008001d4c                TIM1_BRK_IRQHandler
                0x0000000008001d4c                EXTI1_IRQHandler
                0x0000000008001d4c                SDMMC2_IRQHandler
                0x0000000008001d4c                DAC1_IRQHandler
                0x0000000008001d4c                GTZC_IRQHandler
                0x0000000008001d4c                MDF1_FLT3_IRQHandler
                0x0000000008001d4c                USART2_IRQHandler
                0x0000000008001d4c                GPDMA1_Channel6_IRQHandler
                0x0000000008001d4c                I2C2_ER_IRQHandler
                0x0000000008001d4c                TIM8_BRK_IRQHandler
                0x0000000008001d4c                FLASH_IRQHandler
                0x0000000008001d4c                USART1_IRQHandler
                0x0000000008001d4c                EXTI10_IRQHandler
                0x0000000008001d4c                SPI3_IRQHandler
                0x0000000008001d4c                LPDMA1_Channel2_IRQHandler
                0x0000000008001d4c                I2C1_ER_IRQHandler
                0x0000000008001d4c                FMC_IRQHandler
                0x0000000008001d4c                EXTI6_IRQHandler
                0x0000000008001d4c                LPTIM1_IRQHandler
                0x0000000008001d4c                DCMI_PSSI_IRQHandler
                0x0000000008001d4c                I2C4_ER_IRQHandler
                0x0000000008001d4c                GPDMA1_Channel10_IRQHandler
                0x0000000008001d4c                ICACHE_IRQHandler
                0x0000000008001d4c                SAI1_IRQHandler
                0x0000000008001d4c                HASH_IRQHandler
 *fill*         0x0000000008001d4e        0x2 
 .text.HAL_Init
                0x0000000008001d50       0x5c ./Drivers/STM32U5xx_HAL_Driver/Src/stm32u5xx_hal.o
                0x0000000008001d50                HAL_Init
 .text.HAL_InitTick
                0x0000000008001dac       0x6c ./Drivers/STM32U5xx_HAL_Driver/Src/stm32u5xx_hal.o
                0x0000000008001dac                HAL_InitTick
 .text.HAL_IncTick
                0x0000000008001e18       0x28 ./Drivers/STM32U5xx_HAL_Driver/Src/stm32u5xx_hal.o
                0x0000000008001e18                HAL_IncTick
 .text.HAL_GetTick
                0x0000000008001e40       0x18 ./Drivers/STM32U5xx_HAL_Driver/Src/stm32u5xx_hal.o
                0x0000000008001e40                HAL_GetTick
 .text.HAL_Delay
                0x0000000008001e58       0x48 ./Drivers/STM32U5xx_HAL_Driver/Src/stm32u5xx_hal.o
                0x0000000008001e58                HAL_Delay
 .text.LL_ADC_SetCommonClock
                0x0000000008001ea0       0x26 ./Drivers/STM32U5xx_HAL_Driver/Src/stm32u5xx_hal_adc.o
 *fill*         0x0000000008001ec6        0x2 
 .text.LL_ADC_SetResolution
                0x0000000008001ec8       0x40 ./Drivers/STM32U5xx_HAL_Driver/Src/stm32u5xx_hal_adc.o
 .text.LL_ADC_SetGainCompensation
                0x0000000008001f08       0x46 ./Drivers/STM32U5xx_HAL_Driver/Src/stm32u5xx_hal_adc.o
 .text.LL_ADC_SetSamplingTimeCommonChannels
                0x0000000008001f4e       0x3e ./Drivers/STM32U5xx_HAL_Driver/Src/stm32u5xx_hal_adc.o
 .text.LL_ADC_DisableDeepPowerDown
                0x0000000008001f8c       0x24 ./Drivers/STM32U5xx_HAL_Driver/Src/stm32u5xx_hal_adc.o
 .text.LL_ADC_IsDeepPowerDownEnabled
                0x0000000008001fb0       0x28 ./Drivers/STM32U5xx_HAL_Driver/Src/stm32u5xx_hal_adc.o
 .text.LL_ADC_EnableInternalRegulator
                0x0000000008001fd8       0x28 ./Drivers/STM32U5xx_HAL_Driver/Src/stm32u5xx_hal_adc.o
 .text.LL_ADC_IsInternalRegulatorEnabled
                0x0000000008002000       0x28 ./Drivers/STM32U5xx_HAL_Driver/Src/stm32u5xx_hal_adc.o
 .text.LL_ADC_IsEnabled
                0x0000000008002028       0x26 ./Drivers/STM32U5xx_HAL_Driver/Src/stm32u5xx_hal_adc.o
 .text.LL_ADC_REG_IsConversionOngoing
                0x000000000800204e       0x26 ./Drivers/STM32U5xx_HAL_Driver/Src/stm32u5xx_hal_adc.o
 .text.LL_ADC_INJ_IsConversionOngoing
                0x0000000008002074       0x26 ./Drivers/STM32U5xx_HAL_Driver/Src/stm32u5xx_hal_adc.o
 *fill*         0x000000000800209a        0x2 
 .text.HAL_ADC_Init
                0x000000000800209c      0x594 ./Drivers/STM32U5xx_HAL_Driver/Src/stm32u5xx_hal_adc.o
                0x000000000800209c                HAL_ADC_Init
 .text.__NVIC_SetPriorityGrouping
                0x0000000008002630       0x48 ./Drivers/STM32U5xx_HAL_Driver/Src/stm32u5xx_hal_cortex.o
 .text.__NVIC_GetPriorityGrouping
                0x0000000008002678       0x1c ./Drivers/STM32U5xx_HAL_Driver/Src/stm32u5xx_hal_cortex.o
 .text.__NVIC_EnableIRQ
                0x0000000008002694       0x3c ./Drivers/STM32U5xx_HAL_Driver/Src/stm32u5xx_hal_cortex.o
 .text.__NVIC_SetPriority
                0x00000000080026d0       0x54 ./Drivers/STM32U5xx_HAL_Driver/Src/stm32u5xx_hal_cortex.o
 .text.NVIC_EncodePriority
                0x0000000008002724       0x66 ./Drivers/STM32U5xx_HAL_Driver/Src/stm32u5xx_hal_cortex.o
 *fill*         0x000000000800278a        0x2 
 .text.SysTick_Config
                0x000000000800278c       0x44 ./Drivers/STM32U5xx_HAL_Driver/Src/stm32u5xx_hal_cortex.o
 .text.HAL_NVIC_SetPriorityGrouping
                0x00000000080027d0       0x16 ./Drivers/STM32U5xx_HAL_Driver/Src/stm32u5xx_hal_cortex.o
                0x00000000080027d0                HAL_NVIC_SetPriorityGrouping
 .text.HAL_NVIC_SetPriority
                0x00000000080027e6       0x34 ./Drivers/STM32U5xx_HAL_Driver/Src/stm32u5xx_hal_cortex.o
                0x00000000080027e6                HAL_NVIC_SetPriority
 .text.HAL_NVIC_EnableIRQ
                0x000000000800281a       0x1c ./Drivers/STM32U5xx_HAL_Driver/Src/stm32u5xx_hal_cortex.o
                0x000000000800281a                HAL_NVIC_EnableIRQ
 .text.HAL_SYSTICK_Config
                0x0000000008002836       0x18 ./Drivers/STM32U5xx_HAL_Driver/Src/stm32u5xx_hal_cortex.o
                0x0000000008002836                HAL_SYSTICK_Config
 *fill*         0x000000000800284e        0x2 
 .text.HAL_GPIO_Init
                0x0000000008002850      0x3b0 ./Drivers/STM32U5xx_HAL_Driver/Src/stm32u5xx_hal_gpio.o
                0x0000000008002850                HAL_GPIO_Init
 .text.HAL_GPIO_WritePin
                0x0000000008002c00       0x30 ./Drivers/STM32U5xx_HAL_Driver/Src/stm32u5xx_hal_gpio.o
                0x0000000008002c00                HAL_GPIO_WritePin
 .text.HAL_GPIO_TogglePin
                0x0000000008002c30       0x34 ./Drivers/STM32U5xx_HAL_Driver/Src/stm32u5xx_hal_gpio.o
                0x0000000008002c30                HAL_GPIO_TogglePin
 .text.HAL_ICACHE_ConfigAssociativityMode
                0x0000000008002c64       0x40 ./Drivers/STM32U5xx_HAL_Driver/Src/stm32u5xx_hal_icache.o
                0x0000000008002c64                HAL_ICACHE_ConfigAssociativityMode
 .text.HAL_ICACHE_Enable
                0x0000000008002ca4       0x20 ./Drivers/STM32U5xx_HAL_Driver/Src/stm32u5xx_hal_icache.o
                0x0000000008002ca4                HAL_ICACHE_Enable
 .text.HAL_ICACHE_Disable
                0x0000000008002cc4       0x60 ./Drivers/STM32U5xx_HAL_Driver/Src/stm32u5xx_hal_icache.o
                0x0000000008002cc4                HAL_ICACHE_Disable
 .text.HAL_ICACHE_EnableRemapRegion
                0x0000000008002d24       0xa4 ./Drivers/STM32U5xx_HAL_Driver/Src/stm32u5xx_hal_icache.o
                0x0000000008002d24                HAL_ICACHE_EnableRemapRegion
 .text.HAL_PCD_Init
                0x0000000008002dc8      0x248 ./Drivers/STM32U5xx_HAL_Driver/Src/stm32u5xx_hal_pcd.o
                0x0000000008002dc8                HAL_PCD_Init
 .text.HAL_PCD_IRQHandler
                0x0000000008003010      0x998 ./Drivers/STM32U5xx_HAL_Driver/Src/stm32u5xx_hal_pcd.o
                0x0000000008003010                HAL_PCD_IRQHandler
 .text.HAL_PCD_DataOutStageCallback
                0x00000000080039a8       0x18 ./Drivers/STM32U5xx_HAL_Driver/Src/stm32u5xx_hal_pcd.o
                0x00000000080039a8                HAL_PCD_DataOutStageCallback
 .text.HAL_PCD_DataInStageCallback
                0x00000000080039c0       0x18 ./Drivers/STM32U5xx_HAL_Driver/Src/stm32u5xx_hal_pcd.o
                0x00000000080039c0                HAL_PCD_DataInStageCallback
 .text.HAL_PCD_SetupStageCallback
                0x00000000080039d8       0x14 ./Drivers/STM32U5xx_HAL_Driver/Src/stm32u5xx_hal_pcd.o
                0x00000000080039d8                HAL_PCD_SetupStageCallback
 .text.HAL_PCD_SOFCallback
                0x00000000080039ec       0x14 ./Drivers/STM32U5xx_HAL_Driver/Src/stm32u5xx_hal_pcd.o
                0x00000000080039ec                HAL_PCD_SOFCallback
 .text.HAL_PCD_ResetCallback
                0x0000000008003a00       0x14 ./Drivers/STM32U5xx_HAL_Driver/Src/stm32u5xx_hal_pcd.o
                0x0000000008003a00                HAL_PCD_ResetCallback
 .text.HAL_PCD_SuspendCallback
                0x0000000008003a14       0x14 ./Drivers/STM32U5xx_HAL_Driver/Src/stm32u5xx_hal_pcd.o
                0x0000000008003a14                HAL_PCD_SuspendCallback
 .text.HAL_PCD_ResumeCallback
                0x0000000008003a28       0x14 ./Drivers/STM32U5xx_HAL_Driver/Src/stm32u5xx_hal_pcd.o
                0x0000000008003a28                HAL_PCD_ResumeCallback
 .text.HAL_PCD_ISOOUTIncompleteCallback
                0x0000000008003a3c       0x18 ./Drivers/STM32U5xx_HAL_Driver/Src/stm32u5xx_hal_pcd.o
                0x0000000008003a3c                HAL_PCD_ISOOUTIncompleteCallback
 .text.HAL_PCD_ISOINIncompleteCallback
                0x0000000008003a54       0x18 ./Drivers/STM32U5xx_HAL_Driver/Src/stm32u5xx_hal_pcd.o
                0x0000000008003a54                HAL_PCD_ISOINIncompleteCallback
 .text.HAL_PCD_ConnectCallback
                0x0000000008003a6c       0x14 ./Drivers/STM32U5xx_HAL_Driver/Src/stm32u5xx_hal_pcd.o
                0x0000000008003a6c                HAL_PCD_ConnectCallback
 .text.HAL_PCD_DisconnectCallback
                0x0000000008003a80       0x14 ./Drivers/STM32U5xx_HAL_Driver/Src/stm32u5xx_hal_pcd.o
                0x0000000008003a80                HAL_PCD_DisconnectCallback
 .text.HAL_PCD_EP_Abort
                0x0000000008003a94       0x62 ./Drivers/STM32U5xx_HAL_Driver/Src/stm32u5xx_hal_pcd.o
                0x0000000008003a94                HAL_PCD_EP_Abort
 .text.PCD_WriteEmptyTxFifo
                0x0000000008003af6      0x11a ./Drivers/STM32U5xx_HAL_Driver/Src/stm32u5xx_hal_pcd.o
 .text.PCD_EP_OutXfrComplete_int
                0x0000000008003c10      0x1d0 ./Drivers/STM32U5xx_HAL_Driver/Src/stm32u5xx_hal_pcd.o
 .text.PCD_EP_OutSetupPacket_int
                0x0000000008003de0       0x8c ./Drivers/STM32U5xx_HAL_Driver/Src/stm32u5xx_hal_pcd.o
 .text.HAL_PCDEx_ActivateLPM
                0x0000000008003e6c       0x48 ./Drivers/STM32U5xx_HAL_Driver/Src/stm32u5xx_hal_pcd_ex.o
                0x0000000008003e6c                HAL_PCDEx_ActivateLPM
 .text.HAL_PCDEx_LPM_Callback
                0x0000000008003eb4       0x18 ./Drivers/STM32U5xx_HAL_Driver/Src/stm32u5xx_hal_pcd_ex.o
                0x0000000008003eb4                HAL_PCDEx_LPM_Callback
 .text.HAL_PWREx_ControlVoltageScaling
                0x0000000008003ecc       0xfc ./Drivers/STM32U5xx_HAL_Driver/Src/stm32u5xx_hal_pwr_ex.o
                0x0000000008003ecc                HAL_PWREx_ControlVoltageScaling
 .text.HAL_PWREx_GetVoltageRange
                0x0000000008003fc8       0x1c ./Drivers/STM32U5xx_HAL_Driver/Src/stm32u5xx_hal_pwr_ex.o
                0x0000000008003fc8                HAL_PWREx_GetVoltageRange
 .text.HAL_PWREx_ConfigSupply
                0x0000000008003fe4       0xa0 ./Drivers/STM32U5xx_HAL_Driver/Src/stm32u5xx_hal_pwr_ex.o
                0x0000000008003fe4                HAL_PWREx_ConfigSupply
 .text.HAL_PWREx_EnableVddUSB
                0x0000000008004084       0x20 ./Drivers/STM32U5xx_HAL_Driver/Src/stm32u5xx_hal_pwr_ex.o
                0x0000000008004084                HAL_PWREx_EnableVddUSB
 .text.HAL_PWREx_EnableVddIO2
                0x00000000080040a4       0x20 ./Drivers/STM32U5xx_HAL_Driver/Src/stm32u5xx_hal_pwr_ex.o
                0x00000000080040a4                HAL_PWREx_EnableVddIO2
 .text.HAL_PWREx_EnableVddA
                0x00000000080040c4       0x20 ./Drivers/STM32U5xx_HAL_Driver/Src/stm32u5xx_hal_pwr_ex.o
                0x00000000080040c4                HAL_PWREx_EnableVddA
 .text.HAL_RCC_OscConfig
                0x00000000080040e4      0xdb8 ./Drivers/STM32U5xx_HAL_Driver/Src/stm32u5xx_hal_rcc.o
                0x00000000080040e4                HAL_RCC_OscConfig
 .text.HAL_RCC_ClockConfig
                0x0000000008004e9c      0x3e4 ./Drivers/STM32U5xx_HAL_Driver/Src/stm32u5xx_hal_rcc.o
                0x0000000008004e9c                HAL_RCC_ClockConfig
 .text.HAL_RCC_GetSysClockFreq
                0x0000000008005280      0x204 ./Drivers/STM32U5xx_HAL_Driver/Src/stm32u5xx_hal_rcc.o
                0x0000000008005280                HAL_RCC_GetSysClockFreq
 .text.HAL_RCC_GetHCLKFreq
                0x0000000008005484       0x34 ./Drivers/STM32U5xx_HAL_Driver/Src/stm32u5xx_hal_rcc.o
                0x0000000008005484                HAL_RCC_GetHCLKFreq
 .text.HAL_RCC_GetPCLK1Freq
                0x00000000080054b8       0x28 ./Drivers/STM32U5xx_HAL_Driver/Src/stm32u5xx_hal_rcc.o
                0x00000000080054b8                HAL_RCC_GetPCLK1Freq
 .text.HAL_RCC_GetPCLK2Freq
                0x00000000080054e0       0x28 ./Drivers/STM32U5xx_HAL_Driver/Src/stm32u5xx_hal_rcc.o
                0x00000000080054e0                HAL_RCC_GetPCLK2Freq
 .text.HAL_RCC_GetPCLK3Freq
                0x0000000008005508       0x28 ./Drivers/STM32U5xx_HAL_Driver/Src/stm32u5xx_hal_rcc.o
                0x0000000008005508                HAL_RCC_GetPCLK3Freq
 .text.RCC_SetFlashLatencyFromMSIRange
                0x0000000008005530      0x10c ./Drivers/STM32U5xx_HAL_Driver/Src/stm32u5xx_hal_rcc.o
 .text.HAL_RCCEx_PeriphCLKConfig
                0x000000000800563c      0xb48 ./Drivers/STM32U5xx_HAL_Driver/Src/stm32u5xx_hal_rcc_ex.o
                0x000000000800563c                HAL_RCCEx_PeriphCLKConfig
 .text.HAL_RCCEx_GetPLL1ClockFreq
                0x0000000008006184      0x2b4 ./Drivers/STM32U5xx_HAL_Driver/Src/stm32u5xx_hal_rcc_ex.o
                0x0000000008006184                HAL_RCCEx_GetPLL1ClockFreq
 .text.HAL_RCCEx_GetPLL2ClockFreq
                0x0000000008006438      0x2b4 ./Drivers/STM32U5xx_HAL_Driver/Src/stm32u5xx_hal_rcc_ex.o
                0x0000000008006438                HAL_RCCEx_GetPLL2ClockFreq
 .text.HAL_RCCEx_GetPLL3ClockFreq
                0x00000000080066ec      0x2b4 ./Drivers/STM32U5xx_HAL_Driver/Src/stm32u5xx_hal_rcc_ex.o
                0x00000000080066ec                HAL_RCCEx_GetPLL3ClockFreq
 .text.HAL_RCCEx_GetPeriphCLKFreq
                0x00000000080069a0     0x136c ./Drivers/STM32U5xx_HAL_Driver/Src/stm32u5xx_hal_rcc_ex.o
                0x00000000080069a0                HAL_RCCEx_GetPeriphCLKFreq
 .text.RCCEx_PLL2_Config
                0x0000000008007d0c      0x130 ./Drivers/STM32U5xx_HAL_Driver/Src/stm32u5xx_hal_rcc_ex.o
 .text.RCCEx_PLL3_Config
                0x0000000008007e3c      0x130 ./Drivers/STM32U5xx_HAL_Driver/Src/stm32u5xx_hal_rcc_ex.o
 .text.HAL_SPI_Init
                0x0000000008007f6c      0x22c ./Drivers/STM32U5xx_HAL_Driver/Src/stm32u5xx_hal_spi.o
                0x0000000008007f6c                HAL_SPI_Init
 .text.HAL_SPI_TransmitReceive
                0x0000000008008198      0x47c ./Drivers/STM32U5xx_HAL_Driver/Src/stm32u5xx_hal_spi.o
                0x0000000008008198                HAL_SPI_TransmitReceive
 .text.SPI_CloseTransfer
                0x0000000008008614      0x140 ./Drivers/STM32U5xx_HAL_Driver/Src/stm32u5xx_hal_spi.o
 .text.SPI_WaitOnFlagUntilTimeout
                0x0000000008008754       0x5c ./Drivers/STM32U5xx_HAL_Driver/Src/stm32u5xx_hal_spi.o
 .text.SPI_GetPacketSize
                0x00000000080087b0       0x36 ./Drivers/STM32U5xx_HAL_Driver/Src/stm32u5xx_hal_spi.o
 .text.HAL_SPIEx_SetConfigAutonomousMode
                0x00000000080087e6       0x82 ./Drivers/STM32U5xx_HAL_Driver/Src/stm32u5xx_hal_spi_ex.o
                0x00000000080087e6                HAL_SPIEx_SetConfigAutonomousMode
 .text.HAL_UART_Init
                0x0000000008008868       0xa0 ./Drivers/STM32U5xx_HAL_Driver/Src/stm32u5xx_hal_uart.o
                0x0000000008008868                HAL_UART_Init
 .text.HAL_UART_Transmit
                0x0000000008008908      0x13c ./Drivers/STM32U5xx_HAL_Driver/Src/stm32u5xx_hal_uart.o
                0x0000000008008908                HAL_UART_Transmit
 .text.HAL_UART_Receive
                0x0000000008008a44      0x1ae ./Drivers/STM32U5xx_HAL_Driver/Src/stm32u5xx_hal_uart.o
                0x0000000008008a44                HAL_UART_Receive
 *fill*         0x0000000008008bf2        0x2 
 .text.UART_SetConfig
                0x0000000008008bf4      0x344 ./Drivers/STM32U5xx_HAL_Driver/Src/stm32u5xx_hal_uart.o
                0x0000000008008bf4                UART_SetConfig
 .text.UART_AdvFeatureConfig
                0x0000000008008f38      0x144 ./Drivers/STM32U5xx_HAL_Driver/Src/stm32u5xx_hal_uart.o
                0x0000000008008f38                UART_AdvFeatureConfig
 .text.UART_CheckIdleState
                0x000000000800907c      0x154 ./Drivers/STM32U5xx_HAL_Driver/Src/stm32u5xx_hal_uart.o
                0x000000000800907c                UART_CheckIdleState
 .text.UART_WaitOnFlagUntilTimeout
                0x00000000080091d0       0xce ./Drivers/STM32U5xx_HAL_Driver/Src/stm32u5xx_hal_uart.o
                0x00000000080091d0                UART_WaitOnFlagUntilTimeout
 .text.UART_EndRxTransfer
                0x000000000800929e       0xcc ./Drivers/STM32U5xx_HAL_Driver/Src/stm32u5xx_hal_uart.o
 .text.HAL_UARTEx_DisableFifoMode
                0x000000000800936a       0x72 ./Drivers/STM32U5xx_HAL_Driver/Src/stm32u5xx_hal_uart_ex.o
                0x000000000800936a                HAL_UARTEx_DisableFifoMode
 .text.HAL_UARTEx_SetTxFifoThreshold
                0x00000000080093dc       0x7c ./Drivers/STM32U5xx_HAL_Driver/Src/stm32u5xx_hal_uart_ex.o
                0x00000000080093dc                HAL_UARTEx_SetTxFifoThreshold
 .text.HAL_UARTEx_SetRxFifoThreshold
                0x0000000008009458       0x7c ./Drivers/STM32U5xx_HAL_Driver/Src/stm32u5xx_hal_uart_ex.o
                0x0000000008009458                HAL_UARTEx_SetRxFifoThreshold
 .text.UARTEx_SetNbDataToProcess
                0x00000000080094d4       0x9c ./Drivers/STM32U5xx_HAL_Driver/Src/stm32u5xx_hal_uart_ex.o
 .text.LL_GPIO_SetPinMode
                0x0000000008009570       0x7a ./Drivers/STM32U5xx_HAL_Driver/Src/stm32u5xx_ll_gpio.o
 .text.LL_GPIO_SetPinOutputType
                0x00000000080095ea       0x30 ./Drivers/STM32U5xx_HAL_Driver/Src/stm32u5xx_ll_gpio.o
 .text.LL_GPIO_SetPinSpeed
                0x000000000800961a       0x7a ./Drivers/STM32U5xx_HAL_Driver/Src/stm32u5xx_ll_gpio.o
 .text.LL_GPIO_SetPinPull
                0x0000000008009694       0x7a ./Drivers/STM32U5xx_HAL_Driver/Src/stm32u5xx_ll_gpio.o
 .text.LL_GPIO_SetAFPin_0_7
                0x000000000800970e       0x7a ./Drivers/STM32U5xx_HAL_Driver/Src/stm32u5xx_ll_gpio.o
 .text.LL_GPIO_SetAFPin_8_15
                0x0000000008009788       0x7e ./Drivers/STM32U5xx_HAL_Driver/Src/stm32u5xx_ll_gpio.o
 .text.LL_GPIO_Init
                0x0000000008009806       0xfc ./Drivers/STM32U5xx_HAL_Driver/Src/stm32u5xx_ll_gpio.o
                0x0000000008009806                LL_GPIO_Init
 .text.USB_CoreInit
                0x0000000008009902       0x58 ./Drivers/STM32U5xx_HAL_Driver/Src/stm32u5xx_ll_usb.o
                0x0000000008009902                USB_CoreInit
 *fill*         0x000000000800995a        0x2 
 .text.USB_SetTurnaroundTime
                0x000000000800995c      0x144 ./Drivers/STM32U5xx_HAL_Driver/Src/stm32u5xx_ll_usb.o
                0x000000000800995c                USB_SetTurnaroundTime
 .text.USB_DisableGlobalInt
                0x0000000008009aa0       0x22 ./Drivers/STM32U5xx_HAL_Driver/Src/stm32u5xx_ll_usb.o
                0x0000000008009aa0                USB_DisableGlobalInt
 .text.USB_SetCurrentMode
                0x0000000008009ac2       0x98 ./Drivers/STM32U5xx_HAL_Driver/Src/stm32u5xx_ll_usb.o
                0x0000000008009ac2                USB_SetCurrentMode
 *fill*         0x0000000008009b5a        0x2 
 .text.USB_DevInit
                0x0000000008009b5c      0x288 ./Drivers/STM32U5xx_HAL_Driver/Src/stm32u5xx_ll_usb.o
                0x0000000008009b5c                USB_DevInit
 .text.USB_FlushTxFifo
                0x0000000008009de4       0x68 ./Drivers/STM32U5xx_HAL_Driver/Src/stm32u5xx_ll_usb.o
                0x0000000008009de4                USB_FlushTxFifo
 .text.USB_FlushRxFifo
                0x0000000008009e4c       0x60 ./Drivers/STM32U5xx_HAL_Driver/Src/stm32u5xx_ll_usb.o
                0x0000000008009e4c                USB_FlushRxFifo
 .text.USB_SetDevSpeed
                0x0000000008009eac       0x32 ./Drivers/STM32U5xx_HAL_Driver/Src/stm32u5xx_ll_usb.o
                0x0000000008009eac                USB_SetDevSpeed
 .text.USB_GetDevSpeed
                0x0000000008009ede       0x4a ./Drivers/STM32U5xx_HAL_Driver/Src/stm32u5xx_ll_usb.o
                0x0000000008009ede                USB_GetDevSpeed
 .text.USB_EPStopXfer
                0x0000000008009f28      0x154 ./Drivers/STM32U5xx_HAL_Driver/Src/stm32u5xx_ll_usb.o
                0x0000000008009f28                USB_EPStopXfer
 .text.USB_WritePacket
                0x000000000800a07c       0x7c ./Drivers/STM32U5xx_HAL_Driver/Src/stm32u5xx_ll_usb.o
                0x000000000800a07c                USB_WritePacket
 .text.USB_ReadPacket
                0x000000000800a0f8       0xb0 ./Drivers/STM32U5xx_HAL_Driver/Src/stm32u5xx_ll_usb.o
                0x000000000800a0f8                USB_ReadPacket
 .text.USB_DevDisconnect
                0x000000000800a1a8       0x42 ./Drivers/STM32U5xx_HAL_Driver/Src/stm32u5xx_ll_usb.o
                0x000000000800a1a8                USB_DevDisconnect
 .text.USB_ReadInterrupts
                0x000000000800a1ea       0x26 ./Drivers/STM32U5xx_HAL_Driver/Src/stm32u5xx_ll_usb.o
                0x000000000800a1ea                USB_ReadInterrupts
 .text.USB_ReadDevAllOutEpInterrupt
                0x000000000800a210       0x34 ./Drivers/STM32U5xx_HAL_Driver/Src/stm32u5xx_ll_usb.o
                0x000000000800a210                USB_ReadDevAllOutEpInterrupt
 .text.USB_ReadDevAllInEpInterrupt
                0x000000000800a244       0x34 ./Drivers/STM32U5xx_HAL_Driver/Src/stm32u5xx_ll_usb.o
                0x000000000800a244                USB_ReadDevAllInEpInterrupt
 .text.USB_ReadDevOutEPInterrupt
                0x000000000800a278       0x3c ./Drivers/STM32U5xx_HAL_Driver/Src/stm32u5xx_ll_usb.o
                0x000000000800a278                USB_ReadDevOutEPInterrupt
 .text.USB_ReadDevInEPInterrupt
                0x000000000800a2b4       0x5c ./Drivers/STM32U5xx_HAL_Driver/Src/stm32u5xx_ll_usb.o
                0x000000000800a2b4                USB_ReadDevInEPInterrupt
 .text.USB_GetMode
                0x000000000800a310       0x1c ./Drivers/STM32U5xx_HAL_Driver/Src/stm32u5xx_ll_usb.o
                0x000000000800a310                USB_GetMode
 .text.USB_ActivateSetup
                0x000000000800a32c       0x46 ./Drivers/STM32U5xx_HAL_Driver/Src/stm32u5xx_ll_usb.o
                0x000000000800a32c                USB_ActivateSetup
 *fill*         0x000000000800a372        0x2 
 .text.USB_EP0_OutStart
                0x000000000800a374       0xbc ./Drivers/STM32U5xx_HAL_Driver/Src/stm32u5xx_ll_usb.o
                0x000000000800a374                USB_EP0_OutStart
 .text.USB_CoreReset
                0x000000000800a430       0x68 ./Drivers/STM32U5xx_HAL_Driver/Src/stm32u5xx_ll_usb.o
 .text.memset   0x000000000800a498       0x10 C:/ST/STM32CubeIDE_1.10.1/STM32CubeIDE/plugins/com.st.stm32cube.ide.mcu.externaltools.gnu-tools-for-stm32.11.3.rel1.win32_1.1.100.202309141235/tools/bin/../lib/gcc/arm-none-eabi/11.3.1/../../../../arm-none-eabi/lib/thumb/v8-m.main+fp/hard\libc_nano.a(libc_a-memset.o)
                0x000000000800a498                memset
 .text.__libc_init_array
                0x000000000800a4a8       0x48 C:/ST/STM32CubeIDE_1.10.1/STM32CubeIDE/plugins/com.st.stm32cube.ide.mcu.externaltools.gnu-tools-for-stm32.11.3.rel1.win32_1.1.100.202309141235/tools/bin/../lib/gcc/arm-none-eabi/11.3.1/../../../../arm-none-eabi/lib/thumb/v8-m.main+fp/hard\libc_nano.a(libc_a-init.o)
                0x000000000800a4a8                __libc_init_array
 *(.glue_7)
 .glue_7        0x000000000800a4f0        0x0 linker stubs
 *(.glue_7t)
 .glue_7t       0x000000000800a4f0        0x0 linker stubs
 *(.eh_frame)
 .eh_frame      0x000000000800a4f0        0x0 C:/ST/STM32CubeIDE_1.10.1/STM32CubeIDE/plugins/com.st.stm32cube.ide.mcu.externaltools.gnu-tools-for-stm32.11.3.rel1.win32_1.1.100.202309141235/tools/bin/../lib/gcc/arm-none-eabi/11.3.1/thumb/v8-m.main+fp/hard/crtbegin.o
 *(.init)
 .init          0x000000000800a4f0        0x4 C:/ST/STM32CubeIDE_1.10.1/STM32CubeIDE/plugins/com.st.stm32cube.ide.mcu.externaltools.gnu-tools-for-stm32.11.3.rel1.win32_1.1.100.202309141235/tools/bin/../lib/gcc/arm-none-eabi/11.3.1/thumb/v8-m.main+fp/hard/crti.o
                0x000000000800a4f0                _init
 .init          0x000000000800a4f4        0x8 C:/ST/STM32CubeIDE_1.10.1/STM32CubeIDE/plugins/com.st.stm32cube.ide.mcu.externaltools.gnu-tools-for-stm32.11.3.rel1.win32_1.1.100.202309141235/tools/bin/../lib/gcc/arm-none-eabi/11.3.1/thumb/v8-m.main+fp/hard/crtn.o
 *(.fini)
 .fini          0x000000000800a4fc        0x4 C:/ST/STM32CubeIDE_1.10.1/STM32CubeIDE/plugins/com.st.stm32cube.ide.mcu.externaltools.gnu-tools-for-stm32.11.3.rel1.win32_1.1.100.202309141235/tools/bin/../lib/gcc/arm-none-eabi/11.3.1/thumb/v8-m.main+fp/hard/crti.o
                0x000000000800a4fc                _fini
 .fini          0x000000000800a500        0x8 C:/ST/STM32CubeIDE_1.10.1/STM32CubeIDE/plugins/com.st.stm32cube.ide.mcu.externaltools.gnu-tools-for-stm32.11.3.rel1.win32_1.1.100.202309141235/tools/bin/../lib/gcc/arm-none-eabi/11.3.1/thumb/v8-m.main+fp/hard/crtn.o
                0x000000000800a508                _etext = .

.vfp11_veneer   0x000000000800a508        0x0
 .vfp11_veneer  0x000000000800a508        0x0 linker stubs

.v4_bx          0x000000000800a508        0x0
 .v4_bx         0x000000000800a508        0x0 linker stubs

.iplt           0x000000000800a508        0x0
 .iplt          0x000000000800a508        0x0 C:/ST/STM32CubeIDE_1.10.1/STM32CubeIDE/plugins/com.st.stm32cube.ide.mcu.externaltools.gnu-tools-for-stm32.11.3.rel1.win32_1.1.100.202309141235/tools/bin/../lib/gcc/arm-none-eabi/11.3.1/thumb/v8-m.main+fp/hard/crtbegin.o

.rodata         0x000000000800a508      0x1e0
 *(.rodata)
 .rodata        0x000000000800a508        0x6 ./Core/Src/nrf24.o
 *fill*         0x000000000800a50e        0x2 
 .rodata        0x000000000800a510       0xc3 ./Core/Src/radio_demo.o
 *(.rodata*)
 *fill*         0x000000000800a5d3        0x1 
 .rodata.nRF24_RX_PW_PIPE
                0x000000000800a5d4        0x6 ./Core/Src/nrf24.o
 *fill*         0x000000000800a5da        0x2 
 .rodata.nRF24_ADDR_REGS
                0x000000000800a5dc        0x7 ./Core/Src/nrf24.o
 *fill*         0x000000000800a5e3        0x1 
 .rodata.nRF24_ADDR.0
                0x000000000800a5e4        0x3 ./Core/Src/radio_demo.o
 *fill*         0x000000000800a5e7        0x1 
 .rodata.AHBPrescTable
                0x000000000800a5e8       0x10 ./Core/Src/system_stm32u5xx.o
                0x000000000800a5e8                AHBPrescTable
 .rodata.APBPrescTable
                0x000000000800a5f8        0x8 ./Core/Src/system_stm32u5xx.o
                0x000000000800a5f8                APBPrescTable
 .rodata.MSIRangeTable
                0x000000000800a600       0x40 ./Core/Src/system_stm32u5xx.o
                0x000000000800a600                MSIRangeTable
 .rodata.LPGPIO_Map
                0x000000000800a640       0x80 ./Drivers/STM32U5xx_HAL_Driver/Src/stm32u5xx_hal_gpio.o
 .rodata.UARTPrescTable
                0x000000000800a6c0       0x18 ./Drivers/STM32U5xx_HAL_Driver/Src/stm32u5xx_hal_uart.o
                0x000000000800a6c0                UARTPrescTable
 .rodata.numerator.1
                0x000000000800a6d8        0x8 ./Drivers/STM32U5xx_HAL_Driver/Src/stm32u5xx_hal_uart_ex.o
 .rodata.denominator.0
                0x000000000800a6e0        0x8 ./Drivers/STM32U5xx_HAL_Driver/Src/stm32u5xx_hal_uart_ex.o

.ARM.extab
 *(.ARM.extab* .gnu.linkonce.armextab.*)

.ARM            0x000000000800a6e8        0x8
                0x000000000800a6e8                __exidx_start = .
 *(.ARM.exidx*)
 .ARM.exidx     0x000000000800a6e8        0x8 C:/ST/STM32CubeIDE_1.10.1/STM32CubeIDE/plugins/com.st.stm32cube.ide.mcu.externaltools.gnu-tools-for-stm32.11.3.rel1.win32_1.1.100.202309141235/tools/bin/../lib/gcc/arm-none-eabi/11.3.1/thumb/v8-m.main+fp/hard\libgcc.a(_udivmoddi4.o)
                0x000000000800a6f0                __exidx_end = .

.rel.dyn        0x000000000800a6f0        0x0
 .rel.iplt      0x000000000800a6f0        0x0 C:/ST/STM32CubeIDE_1.10.1/STM32CubeIDE/plugins/com.st.stm32cube.ide.mcu.externaltools.gnu-tools-for-stm32.11.3.rel1.win32_1.1.100.202309141235/tools/bin/../lib/gcc/arm-none-eabi/11.3.1/thumb/v8-m.main+fp/hard/crtbegin.o

.preinit_array  0x000000000800a6f0        0x0
                0x000000000800a6f0                PROVIDE (__preinit_array_start = .)
 *(.preinit_array*)
                0x000000000800a6f0                PROVIDE (__preinit_array_end = .)

.init_array     0x000000000800a6f0        0x4
                0x000000000800a6f0                PROVIDE (__init_array_start = .)
 *(SORT_BY_NAME(.init_array.*))
 *(.init_array*)
 .init_array    0x000000000800a6f0        0x4 C:/ST/STM32CubeIDE_1.10.1/STM32CubeIDE/plugins/com.st.stm32cube.ide.mcu.externaltools.gnu-tools-for-stm32.11.3.rel1.win32_1.1.100.202309141235/tools/bin/../lib/gcc/arm-none-eabi/11.3.1/thumb/v8-m.main+fp/hard/crtbegin.o
                0x000000000800a6f4                PROVIDE (__init_array_end = .)

.fini_array     0x000000000800a6f4        0x4
                [!provide]                        PROVIDE (__fini_array_start = .)
 *(SORT_BY_NAME(.fini_array.*))
 *(.fini_array*)
 .fini_array    0x000000000800a6f4        0x4 C:/ST/STM32CubeIDE_1.10.1/STM32CubeIDE/plugins/com.st.stm32cube.ide.mcu.externaltools.gnu-tools-for-stm32.11.3.rel1.win32_1.1.100.202309141235/tools/bin/../lib/gcc/arm-none-eabi/11.3.1/thumb/v8-m.main+fp/hard/crtbegin.o
                [!provide]                        PROVIDE (__fini_array_end = .)
                0x000000000800a6f8                _sidata = LOADADDR (.data)

.data           0x0000000020000000        0x9 load address 0x000000000800a6f8
                0x0000000020000000                _sdata = .
 *(.data)
 *(.data*)
 .data.SystemCoreClock
                0x0000000020000000        0x4 ./Core/Src/system_stm32u5xx.o
                0x0000000020000000                SystemCoreClock
 .data.uwTickPrio
                0x0000000020000004        0x4 ./Drivers/STM32U5xx_HAL_Driver/Src/stm32u5xx_hal.o
                0x0000000020000004                uwTickPrio
 .data.uwTickFreq
                0x0000000020000008        0x1 ./Drivers/STM32U5xx_HAL_Driver/Src/stm32u5xx_hal.o
                0x0000000020000008                uwTickFreq
 *(.RamFunc)
 *(.RamFunc*)
                0x0000000020000009                _edata = .

.igot.plt       0x000000002000000c        0x0 load address 0x000000000800a701
 .igot.plt      0x000000002000000c        0x0 C:/ST/STM32CubeIDE_1.10.1/STM32CubeIDE/plugins/com.st.stm32cube.ide.mcu.externaltools.gnu-tools-for-stm32.11.3.rel1.win32_1.1.100.202309141235/tools/bin/../lib/gcc/arm-none-eabi/11.3.1/thumb/v8-m.main+fp/hard/crtbegin.o

.bss            0x000000002000000c      0x704 load address 0x000000000800a701
                0x000000002000000c                _sbss = .
                0x000000002000000c                __bss_start__ = _sbss
 *(.bss)
 .bss           0x000000002000000c       0x1c C:/ST/STM32CubeIDE_1.10.1/STM32CubeIDE/plugins/com.st.stm32cube.ide.mcu.externaltools.gnu-tools-for-stm32.11.3.rel1.win32_1.1.100.202309141235/tools/bin/../lib/gcc/arm-none-eabi/11.3.1/thumb/v8-m.main+fp/hard/crtbegin.o
 *(.bss*)
 .bss.hadc1     0x0000000020000028       0x8c ./Core/Src/main.o
                0x0000000020000028                hadc1
 .bss.hspi1     0x00000000200000b4       0x90 ./Core/Src/main.o
                0x00000000200000b4                hspi1
 .bss.huart1    0x0000000020000144       0x94 ./Core/Src/main.o
                0x0000000020000144                huart1
 .bss.hpcd_USB_OTG_FS
                0x00000000200001d8      0x50c ./Core/Src/main.o
                0x00000000200001d8                hpcd_USB_OTG_FS
 .bss.nRF24_payload
                0x00000000200006e4       0x20 ./Core/Src/radio_demo.o
                0x00000000200006e4                nRF24_payload
 .bss.j         0x0000000020000704        0x4 ./Core/Src/radio_demo.o
                0x0000000020000704                j
 .bss.payload_length
                0x0000000020000708        0x1 ./Core/Src/radio_demo.o
                0x0000000020000708                payload_length
 .bss.tx_res    0x0000000020000709        0x1 ./Core/Src/radio_demo.o
                0x0000000020000709                tx_res
 *fill*         0x000000002000070a        0x2 
 .bss.uwTick    0x000000002000070c        0x4 ./Drivers/STM32U5xx_HAL_Driver/Src/stm32u5xx_hal.o
                0x000000002000070c                uwTick
 *(COMMON)
                0x0000000020000710                _ebss = .
                0x0000000020000710                __bss_end__ = _ebss

._user_heap_stack
                0x0000000020000710      0x600 load address 0x000000000800a701
                0x0000000020000710                . = ALIGN (0x8)
                [!provide]                        PROVIDE (end = .)
                0x0000000020000710                PROVIDE (_end = .)
                0x0000000020000910                . = (. + _Min_Heap_Size)
 *fill*         0x0000000020000710      0x200 
                0x0000000020000d10                . = (. + _Min_Stack_Size)
 *fill*         0x0000000020000910      0x400 
                0x0000000020000d10                . = ALIGN (0x8)

/DISCARD/
 libc.a(*)
 libm.a(*)
 libgcc.a(*)

.ARM.attributes
                0x0000000000000000       0x36
 *(.ARM.attributes)
 .ARM.attributes
                0x0000000000000000       0x22 C:/ST/STM32CubeIDE_1.10.1/STM32CubeIDE/plugins/com.st.stm32cube.ide.mcu.externaltools.gnu-tools-for-stm32.11.3.rel1.win32_1.1.100.202309141235/tools/bin/../lib/gcc/arm-none-eabi/11.3.1/thumb/v8-m.main+fp/hard/crti.o
 .ARM.attributes
                0x0000000000000022       0x38 C:/ST/STM32CubeIDE_1.10.1/STM32CubeIDE/plugins/com.st.stm32cube.ide.mcu.externaltools.gnu-tools-for-stm32.11.3.rel1.win32_1.1.100.202309141235/tools/bin/../lib/gcc/arm-none-eabi/11.3.1/thumb/v8-m.main+fp/hard/crtbegin.o
 .ARM.attributes
                0x000000000000005a       0x3a ./Core/Src/main.o
 .ARM.attributes
                0x0000000000000094       0x3a ./Core/Src/nrf24.o
 .ARM.attributes
                0x00000000000000ce       0x3a ./Core/Src/radio_demo.o
 .ARM.attributes
                0x0000000000000108       0x3a ./Core/Src/stm32u5xx_hal_msp.o
 .ARM.attributes
                0x0000000000000142       0x3a ./Core/Src/stm32u5xx_it.o
 .ARM.attributes
                0x000000000000017c       0x3a ./Core/Src/system_stm32u5xx.o
 .ARM.attributes
                0x00000000000001b6       0x24 ./Core/Startup/startup_stm32u575zitxq.o
 .ARM.attributes
                0x00000000000001da       0x3a ./Drivers/STM32U5xx_HAL_Driver/Src/stm32u5xx_hal.o
 .ARM.attributes
                0x0000000000000214       0x3a ./Drivers/STM32U5xx_HAL_Driver/Src/stm32u5xx_hal_adc.o
 .ARM.attributes
                0x000000000000024e       0x3a ./Drivers/STM32U5xx_HAL_Driver/Src/stm32u5xx_hal_cortex.o
 .ARM.attributes
                0x0000000000000288       0x3a ./Drivers/STM32U5xx_HAL_Driver/Src/stm32u5xx_hal_gpio.o
 .ARM.attributes
                0x00000000000002c2       0x3a ./Drivers/STM32U5xx_HAL_Driver/Src/stm32u5xx_hal_icache.o
 .ARM.attributes
                0x00000000000002fc       0x3a ./Drivers/STM32U5xx_HAL_Driver/Src/stm32u5xx_hal_pcd.o
 .ARM.attributes
                0x0000000000000336       0x3a ./Drivers/STM32U5xx_HAL_Driver/Src/stm32u5xx_hal_pcd_ex.o
 .ARM.attributes
                0x0000000000000370       0x3a ./Drivers/STM32U5xx_HAL_Driver/Src/stm32u5xx_hal_pwr_ex.o
 .ARM.attributes
                0x00000000000003aa       0x3a ./Drivers/STM32U5xx_HAL_Driver/Src/stm32u5xx_hal_rcc.o
 .ARM.attributes
                0x00000000000003e4       0x3a ./Drivers/STM32U5xx_HAL_Driver/Src/stm32u5xx_hal_rcc_ex.o
 .ARM.attributes
                0x000000000000041e       0x3a ./Drivers/STM32U5xx_HAL_Driver/Src/stm32u5xx_hal_spi.o
 .ARM.attributes
                0x0000000000000458       0x3a ./Drivers/STM32U5xx_HAL_Driver/Src/stm32u5xx_hal_spi_ex.o
 .ARM.attributes
                0x0000000000000492       0x3a ./Drivers/STM32U5xx_HAL_Driver/Src/stm32u5xx_hal_uart.o
 .ARM.attributes
                0x00000000000004cc       0x3a ./Drivers/STM32U5xx_HAL_Driver/Src/stm32u5xx_hal_uart_ex.o
 .ARM.attributes
                0x0000000000000506       0x3a ./Drivers/STM32U5xx_HAL_Driver/Src/stm32u5xx_ll_gpio.o
 .ARM.attributes
                0x0000000000000540       0x3a ./Drivers/STM32U5xx_HAL_Driver/Src/stm32u5xx_ll_usb.o
 .ARM.attributes
                0x000000000000057a       0x38 C:/ST/STM32CubeIDE_1.10.1/STM32CubeIDE/plugins/com.st.stm32cube.ide.mcu.externaltools.gnu-tools-for-stm32.11.3.rel1.win32_1.1.100.202309141235/tools/bin/../lib/gcc/arm-none-eabi/11.3.1/../../../../arm-none-eabi/lib/thumb/v8-m.main+fp/hard\libc_nano.a(libc_a-memset.o)
 .ARM.attributes
                0x00000000000005b2       0x38 C:/ST/STM32CubeIDE_1.10.1/STM32CubeIDE/plugins/com.st.stm32cube.ide.mcu.externaltools.gnu-tools-for-stm32.11.3.rel1.win32_1.1.100.202309141235/tools/bin/../lib/gcc/arm-none-eabi/11.3.1/../../../../arm-none-eabi/lib/thumb/v8-m.main+fp/hard\libc_nano.a(libc_a-init.o)
 .ARM.attributes
                0x00000000000005ea       0x17 C:/ST/STM32CubeIDE_1.10.1/STM32CubeIDE/plugins/com.st.stm32cube.ide.mcu.externaltools.gnu-tools-for-stm32.11.3.rel1.win32_1.1.100.202309141235/tools/bin/../lib/gcc/arm-none-eabi/11.3.1/../../../../arm-none-eabi/lib/thumb/v8-m.main+fp/hard\libc_nano.a(libc_a-strlen.o)
 .ARM.attributes
                0x0000000000000601       0x22 C:/ST/STM32CubeIDE_1.10.1/STM32CubeIDE/plugins/com.st.stm32cube.ide.mcu.externaltools.gnu-tools-for-stm32.11.3.rel1.win32_1.1.100.202309141235/tools/bin/../lib/gcc/arm-none-eabi/11.3.1/thumb/v8-m.main+fp/hard\libgcc.a(_aeabi_uldivmod.o)
 .ARM.attributes
                0x0000000000000623       0x38 C:/ST/STM32CubeIDE_1.10.1/STM32CubeIDE/plugins/com.st.stm32cube.ide.mcu.externaltools.gnu-tools-for-stm32.11.3.rel1.win32_1.1.100.202309141235/tools/bin/../lib/gcc/arm-none-eabi/11.3.1/thumb/v8-m.main+fp/hard\libgcc.a(_udivmoddi4.o)
 .ARM.attributes
                0x000000000000065b       0x22 C:/ST/STM32CubeIDE_1.10.1/STM32CubeIDE/plugins/com.st.stm32cube.ide.mcu.externaltools.gnu-tools-for-stm32.11.3.rel1.win32_1.1.100.202309141235/tools/bin/../lib/gcc/arm-none-eabi/11.3.1/thumb/v8-m.main+fp/hard\libgcc.a(_dvmd_tls.o)
 .ARM.attributes
                0x000000000000067d       0x22 C:/ST/STM32CubeIDE_1.10.1/STM32CubeIDE/plugins/com.st.stm32cube.ide.mcu.externaltools.gnu-tools-for-stm32.11.3.rel1.win32_1.1.100.202309141235/tools/bin/../lib/gcc/arm-none-eabi/11.3.1/thumb/v8-m.main+fp/hard/crtn.o
OUTPUT(STM32U5_NRF24.elf elf32-littlearm)
LOAD linker stubs
LOAD C:/ST/STM32CubeIDE_1.10.1/STM32CubeIDE/plugins/com.st.stm32cube.ide.mcu.externaltools.gnu-tools-for-stm32.11.3.rel1.win32_1.1.100.202309141235/tools/bin/../lib/gcc/arm-none-eabi/11.3.1/../../../../arm-none-eabi/lib/thumb/v8-m.main+fp/hard\libc.a
LOAD C:/ST/STM32CubeIDE_1.10.1/STM32CubeIDE/plugins/com.st.stm32cube.ide.mcu.externaltools.gnu-tools-for-stm32.11.3.rel1.win32_1.1.100.202309141235/tools/bin/../lib/gcc/arm-none-eabi/11.3.1/../../../../arm-none-eabi/lib/thumb/v8-m.main+fp/hard\libm.a
LOAD C:/ST/STM32CubeIDE_1.10.1/STM32CubeIDE/plugins/com.st.stm32cube.ide.mcu.externaltools.gnu-tools-for-stm32.11.3.rel1.win32_1.1.100.202309141235/tools/bin/../lib/gcc/arm-none-eabi/11.3.1/thumb/v8-m.main+fp/hard\libgcc.a

.comment        0x0000000000000000       0x43
 .comment       0x0000000000000000       0x43 C:/ST/STM32CubeIDE_1.10.1/STM32CubeIDE/plugins/com.st.stm32cube.ide.mcu.externaltools.gnu-tools-for-stm32.11.3.rel1.win32_1.1.100.202309141235/tools/bin/../lib/gcc/arm-none-eabi/11.3.1/thumb/v8-m.main+fp/hard/crtbegin.o
                                         0x44 (size before relaxing)
 .comment       0x0000000000000043       0x44 ./Core/Src/main.o
 .comment       0x0000000000000043       0x44 ./Core/Src/nrf24.o
 .comment       0x0000000000000043       0x44 ./Core/Src/radio_demo.o
 .comment       0x0000000000000043       0x44 ./Core/Src/stm32u5xx_hal_msp.o
 .comment       0x0000000000000043       0x44 ./Core/Src/stm32u5xx_it.o
 .comment       0x0000000000000043       0x44 ./Core/Src/system_stm32u5xx.o
 .comment       0x0000000000000043       0x44 ./Drivers/STM32U5xx_HAL_Driver/Src/stm32u5xx_hal.o
 .comment       0x0000000000000043       0x44 ./Drivers/STM32U5xx_HAL_Driver/Src/stm32u5xx_hal_adc.o
 .comment       0x0000000000000043       0x44 ./Drivers/STM32U5xx_HAL_Driver/Src/stm32u5xx_hal_cortex.o
 .comment       0x0000000000000043       0x44 ./Drivers/STM32U5xx_HAL_Driver/Src/stm32u5xx_hal_gpio.o
 .comment       0x0000000000000043       0x44 ./Drivers/STM32U5xx_HAL_Driver/Src/stm32u5xx_hal_icache.o
 .comment       0x0000000000000043       0x44 ./Drivers/STM32U5xx_HAL_Driver/Src/stm32u5xx_hal_pcd.o
 .comment       0x0000000000000043       0x44 ./Drivers/STM32U5xx_HAL_Driver/Src/stm32u5xx_hal_pcd_ex.o
 .comment       0x0000000000000043       0x44 ./Drivers/STM32U5xx_HAL_Driver/Src/stm32u5xx_hal_pwr_ex.o
 .comment       0x0000000000000043       0x44 ./Drivers/STM32U5xx_HAL_Driver/Src/stm32u5xx_hal_rcc.o
 .comment       0x0000000000000043       0x44 ./Drivers/STM32U5xx_HAL_Driver/Src/stm32u5xx_hal_rcc_ex.o
 .comment       0x0000000000000043       0x44 ./Drivers/STM32U5xx_HAL_Driver/Src/stm32u5xx_hal_spi.o
 .comment       0x0000000000000043       0x44 ./Drivers/STM32U5xx_HAL_Driver/Src/stm32u5xx_hal_spi_ex.o
 .comment       0x0000000000000043       0x44 ./Drivers/STM32U5xx_HAL_Driver/Src/stm32u5xx_hal_uart.o
 .comment       0x0000000000000043       0x44 ./Drivers/STM32U5xx_HAL_Driver/Src/stm32u5xx_hal_uart_ex.o
 .comment       0x0000000000000043       0x44 ./Drivers/STM32U5xx_HAL_Driver/Src/stm32u5xx_ll_gpio.o
 .comment       0x0000000000000043       0x44 ./Drivers/STM32U5xx_HAL_Driver/Src/stm32u5xx_ll_usb.o

.debug_info     0x0000000000000000    0x1c377
 .debug_info    0x0000000000000000     0x235a ./Core/Src/main.o
 .debug_info    0x000000000000235a     0x1270 ./Core/Src/nrf24.o
 .debug_info    0x00000000000035ca     0x10cb ./Core/Src/radio_demo.o
 .debug_info    0x0000000000004695     0x252e ./Core/Src/stm32u5xx_hal_msp.o
 .debug_info    0x0000000000006bc3      0x6ea ./Core/Src/stm32u5xx_it.o
 .debug_info    0x00000000000072ad      0x929 ./Core/Src/system_stm32u5xx.o
 .debug_info    0x0000000000007bd6       0x23 ./Core/Startup/startup_stm32u575zitxq.o
 .debug_info    0x0000000000007bf9     0x11ab ./Drivers/STM32U5xx_HAL_Driver/Src/stm32u5xx_hal.o
 .debug_info    0x0000000000008da4     0x2669 ./Drivers/STM32U5xx_HAL_Driver/Src/stm32u5xx_hal_adc.o
 .debug_info    0x000000000000b40d     0x15e0 ./Drivers/STM32U5xx_HAL_Driver/Src/stm32u5xx_hal_cortex.o
 .debug_info    0x000000000000c9ed      0x859 ./Drivers/STM32U5xx_HAL_Driver/Src/stm32u5xx_hal_gpio.o
 .debug_info    0x000000000000d246      0x53a ./Drivers/STM32U5xx_HAL_Driver/Src/stm32u5xx_hal_icache.o
 .debug_info    0x000000000000d780     0x1572 ./Drivers/STM32U5xx_HAL_Driver/Src/stm32u5xx_hal_pcd.o
 .debug_info    0x000000000000ecf2      0x8bd ./Drivers/STM32U5xx_HAL_Driver/Src/stm32u5xx_hal_pcd_ex.o
 .debug_info    0x000000000000f5af      0xe3e ./Drivers/STM32U5xx_HAL_Driver/Src/stm32u5xx_hal_pwr_ex.o
 .debug_info    0x00000000000103ed     0x11f0 ./Drivers/STM32U5xx_HAL_Driver/Src/stm32u5xx_hal_rcc.o
 .debug_info    0x00000000000115dd     0x157f ./Drivers/STM32U5xx_HAL_Driver/Src/stm32u5xx_hal_rcc_ex.o
 .debug_info    0x0000000000012b5c     0x15cc ./Drivers/STM32U5xx_HAL_Driver/Src/stm32u5xx_hal_spi.o
 .debug_info    0x0000000000014128      0xa97 ./Drivers/STM32U5xx_HAL_Driver/Src/stm32u5xx_hal_spi_ex.o
 .debug_info    0x0000000000014bbf     0x4029 ./Drivers/STM32U5xx_HAL_Driver/Src/stm32u5xx_hal_uart.o
 .debug_info    0x0000000000018be8     0x11f0 ./Drivers/STM32U5xx_HAL_Driver/Src/stm32u5xx_hal_uart_ex.o
 .debug_info    0x0000000000019dd8      0xb17 ./Drivers/STM32U5xx_HAL_Driver/Src/stm32u5xx_ll_gpio.o
 .debug_info    0x000000000001a8ef     0x1a88 ./Drivers/STM32U5xx_HAL_Driver/Src/stm32u5xx_ll_usb.o

.debug_abbrev   0x0000000000000000     0x3788
 .debug_abbrev  0x0000000000000000      0x350 ./Core/Src/main.o
 .debug_abbrev  0x0000000000000350      0x34f ./Core/Src/nrf24.o
 .debug_abbrev  0x000000000000069f      0x2c2 ./Core/Src/radio_demo.o
 .debug_abbrev  0x0000000000000961      0x28a ./Core/Src/stm32u5xx_hal_msp.o
 .debug_abbrev  0x0000000000000beb      0x1bc ./Core/Src/stm32u5xx_it.o
 .debug_abbrev  0x0000000000000da7      0x129 ./Core/Src/system_stm32u5xx.o
 .debug_abbrev  0x0000000000000ed0       0x12 ./Core/Startup/startup_stm32u575zitxq.o
 .debug_abbrev  0x0000000000000ee2      0x292 ./Drivers/STM32U5xx_HAL_Driver/Src/stm32u5xx_hal.o
 .debug_abbrev  0x0000000000001174      0x2ce ./Drivers/STM32U5xx_HAL_Driver/Src/stm32u5xx_hal_adc.o
 .debug_abbrev  0x0000000000001442      0x30d ./Drivers/STM32U5xx_HAL_Driver/Src/stm32u5xx_hal_cortex.o
 .debug_abbrev  0x000000000000174f      0x25a ./Drivers/STM32U5xx_HAL_Driver/Src/stm32u5xx_hal_gpio.o
 .debug_abbrev  0x00000000000019a9      0x23b ./Drivers/STM32U5xx_HAL_Driver/Src/stm32u5xx_hal_icache.o
 .debug_abbrev  0x0000000000001be4      0x2cd ./Drivers/STM32U5xx_HAL_Driver/Src/stm32u5xx_hal_pcd.o
 .debug_abbrev  0x0000000000001eb1      0x25a ./Drivers/STM32U5xx_HAL_Driver/Src/stm32u5xx_hal_pcd_ex.o
 .debug_abbrev  0x000000000000210b      0x215 ./Drivers/STM32U5xx_HAL_Driver/Src/stm32u5xx_hal_pwr_ex.o
 .debug_abbrev  0x0000000000002320      0x2cb ./Drivers/STM32U5xx_HAL_Driver/Src/stm32u5xx_hal_rcc.o
 .debug_abbrev  0x00000000000025eb      0x23d ./Drivers/STM32U5xx_HAL_Driver/Src/stm32u5xx_hal_rcc_ex.o
 .debug_abbrev  0x0000000000002828      0x2b3 ./Drivers/STM32U5xx_HAL_Driver/Src/stm32u5xx_hal_spi.o
 .debug_abbrev  0x0000000000002adb      0x1c7 ./Drivers/STM32U5xx_HAL_Driver/Src/stm32u5xx_hal_spi_ex.o
 .debug_abbrev  0x0000000000002ca2      0x305 ./Drivers/STM32U5xx_HAL_Driver/Src/stm32u5xx_hal_uart.o
 .debug_abbrev  0x0000000000002fa7      0x2d4 ./Drivers/STM32U5xx_HAL_Driver/Src/stm32u5xx_hal_uart_ex.o
 .debug_abbrev  0x000000000000327b      0x25d ./Drivers/STM32U5xx_HAL_Driver/Src/stm32u5xx_ll_gpio.o
 .debug_abbrev  0x00000000000034d8      0x2b0 ./Drivers/STM32U5xx_HAL_Driver/Src/stm32u5xx_ll_usb.o

.debug_aranges  0x0000000000000000     0x1610
 .debug_aranges
                0x0000000000000000       0x80 ./Core/Src/main.o
 .debug_aranges
                0x0000000000000080      0x168 ./Core/Src/nrf24.o
 .debug_aranges
                0x00000000000001e8       0x70 ./Core/Src/radio_demo.o
 .debug_aranges
                0x0000000000000258       0x60 ./Core/Src/stm32u5xx_hal_msp.o
 .debug_aranges
                0x00000000000002b8       0x68 ./Core/Src/stm32u5xx_it.o
 .debug_aranges
                0x0000000000000320       0x28 ./Core/Src/system_stm32u5xx.o
 .debug_aranges
                0x0000000000000348       0x28 ./Core/Startup/startup_stm32u575zitxq.o
 .debug_aranges
                0x0000000000000370      0x138 ./Drivers/STM32U5xx_HAL_Driver/Src/stm32u5xx_hal.o
 .debug_aranges
                0x00000000000004a8      0x270 ./Drivers/STM32U5xx_HAL_Driver/Src/stm32u5xx_hal_adc.o
 .debug_aranges
                0x0000000000000718      0x130 ./Drivers/STM32U5xx_HAL_Driver/Src/stm32u5xx_hal_cortex.o
 .debug_aranges
                0x0000000000000848       0x78 ./Drivers/STM32U5xx_HAL_Driver/Src/stm32u5xx_hal_gpio.o
 .debug_aranges
                0x00000000000008c0       0xa8 ./Drivers/STM32U5xx_HAL_Driver/Src/stm32u5xx_hal_icache.o
 .debug_aranges
                0x0000000000000968      0x140 ./Drivers/STM32U5xx_HAL_Driver/Src/stm32u5xx_hal_pcd.o
 .debug_aranges
                0x0000000000000aa8       0x60 ./Drivers/STM32U5xx_HAL_Driver/Src/stm32u5xx_hal_pcd_ex.o
 .debug_aranges
                0x0000000000000b08      0x200 ./Drivers/STM32U5xx_HAL_Driver/Src/stm32u5xx_hal_pwr_ex.o
 .debug_aranges
                0x0000000000000d08       0xa8 ./Drivers/STM32U5xx_HAL_Driver/Src/stm32u5xx_hal_rcc.o
 .debug_aranges
                0x0000000000000db0      0x160 ./Drivers/STM32U5xx_HAL_Driver/Src/stm32u5xx_hal_rcc_ex.o
 .debug_aranges
                0x0000000000000f10      0x1a8 ./Drivers/STM32U5xx_HAL_Driver/Src/stm32u5xx_hal_spi.o
 .debug_aranges
                0x00000000000010b8       0x48 ./Drivers/STM32U5xx_HAL_Driver/Src/stm32u5xx_hal_spi_ex.o
 .debug_aranges
                0x0000000000001100      0x248 ./Drivers/STM32U5xx_HAL_Driver/Src/stm32u5xx_hal_uart.o
 .debug_aranges
                0x0000000000001348       0xb8 ./Drivers/STM32U5xx_HAL_Driver/Src/stm32u5xx_hal_uart_ex.o
 .debug_aranges
                0x0000000000001400       0x70 ./Drivers/STM32U5xx_HAL_Driver/Src/stm32u5xx_ll_gpio.o
 .debug_aranges
                0x0000000000001470      0x1a0 ./Drivers/STM32U5xx_HAL_Driver/Src/stm32u5xx_ll_usb.o

.debug_rnglists
                0x0000000000000000     0x10ea
 .debug_rnglists
                0x0000000000000000       0x60 ./Core/Src/main.o
 .debug_rnglists
                0x0000000000000060      0x10d ./Core/Src/nrf24.o
 .debug_rnglists
                0x000000000000016d       0x52 ./Core/Src/radio_demo.o
 .debug_rnglists
                0x00000000000001bf       0x47 ./Core/Src/stm32u5xx_hal_msp.o
 .debug_rnglists
                0x0000000000000206       0x49 ./Core/Src/stm32u5xx_it.o
 .debug_rnglists
                0x000000000000024f       0x1a ./Core/Src/system_stm32u5xx.o
 .debug_rnglists
                0x0000000000000269       0x19 ./Core/Startup/startup_stm32u575zitxq.o
 .debug_rnglists
                0x0000000000000282       0xe6 ./Drivers/STM32U5xx_HAL_Driver/Src/stm32u5xx_hal.o
 .debug_rnglists
                0x0000000000000368      0x1e2 ./Drivers/STM32U5xx_HAL_Driver/Src/stm32u5xx_hal_adc.o
 .debug_rnglists
                0x000000000000054a       0xe0 ./Drivers/STM32U5xx_HAL_Driver/Src/stm32u5xx_hal_cortex.o
 .debug_rnglists
                0x000000000000062a       0x5a ./Drivers/STM32U5xx_HAL_Driver/Src/stm32u5xx_hal_gpio.o
 .debug_rnglists
                0x0000000000000684       0x7a ./Drivers/STM32U5xx_HAL_Driver/Src/stm32u5xx_hal_icache.o
 .debug_rnglists
                0x00000000000006fe       0xf4 ./Drivers/STM32U5xx_HAL_Driver/Src/stm32u5xx_hal_pcd.o
 .debug_rnglists
                0x00000000000007f2       0x45 ./Drivers/STM32U5xx_HAL_Driver/Src/stm32u5xx_hal_pcd_ex.o
 .debug_rnglists
                0x0000000000000837      0x186 ./Drivers/STM32U5xx_HAL_Driver/Src/stm32u5xx_hal_pwr_ex.o
 .debug_rnglists
                0x00000000000009bd       0x7f ./Drivers/STM32U5xx_HAL_Driver/Src/stm32u5xx_hal_rcc.o
 .debug_rnglists
                0x0000000000000a3c      0x113 ./Drivers/STM32U5xx_HAL_Driver/Src/stm32u5xx_hal_rcc_ex.o
 .debug_rnglists
                0x0000000000000b4f      0x148 ./Drivers/STM32U5xx_HAL_Driver/Src/stm32u5xx_hal_spi.o
 .debug_rnglists
                0x0000000000000c97       0x35 ./Drivers/STM32U5xx_HAL_Driver/Src/stm32u5xx_hal_spi_ex.o
 .debug_rnglists
                0x0000000000000ccc      0x1fb ./Drivers/STM32U5xx_HAL_Driver/Src/stm32u5xx_hal_uart.o
 .debug_rnglists
                0x0000000000000ec7       0x8c ./Drivers/STM32U5xx_HAL_Driver/Src/stm32u5xx_hal_uart_ex.o
 .debug_rnglists
                0x0000000000000f53       0x51 ./Drivers/STM32U5xx_HAL_Driver/Src/stm32u5xx_ll_gpio.o
 .debug_rnglists
                0x0000000000000fa4      0x146 ./Drivers/STM32U5xx_HAL_Driver/Src/stm32u5xx_ll_usb.o

.debug_macro    0x0000000000000000    0x37bb3
 .debug_macro   0x0000000000000000      0x32c ./Core/Src/main.o
 .debug_macro   0x000000000000032c      0xab4 ./Core/Src/main.o
 .debug_macro   0x0000000000000de0      0x1f8 ./Core/Src/main.o
 .debug_macro   0x0000000000000fd8       0x2e ./Core/Src/main.o
 .debug_macro   0x0000000000001006       0x42 ./Core/Src/main.o
 .debug_macro   0x0000000000001048       0x22 ./Core/Src/main.o
 .debug_macro   0x000000000000106a       0x8e ./Core/Src/main.o
 .debug_macro   0x00000000000010f8       0x51 ./Core/Src/main.o
 .debug_macro   0x0000000000001149      0x103 ./Core/Src/main.o
 .debug_macro   0x000000000000124c       0x6a ./Core/Src/main.o
 .debug_macro   0x00000000000012b6      0x1df ./Core/Src/main.o
 .debug_macro   0x0000000000001495       0x1c ./Core/Src/main.o
 .debug_macro   0x00000000000014b1       0x29 ./Core/Src/main.o
 .debug_macro   0x00000000000014da       0xfb ./Core/Src/main.o
 .debug_macro   0x00000000000015d5     0x1685 ./Core/Src/main.o
 .debug_macro   0x0000000000002c5a       0x5e ./Core/Src/main.o
 .debug_macro   0x0000000000002cb8    0x223ac ./Core/Src/main.o
 .debug_macro   0x0000000000025064       0x6d ./Core/Src/main.o
 .debug_macro   0x00000000000250d1     0x385e ./Core/Src/main.o
 .debug_macro   0x000000000002892f      0x174 ./Core/Src/main.o
 .debug_macro   0x0000000000028aa3       0x61 ./Core/Src/main.o
 .debug_macro   0x0000000000028b04       0x2a ./Core/Src/main.o
 .debug_macro   0x0000000000028b2e       0x43 ./Core/Src/main.o
 .debug_macro   0x0000000000028b71       0x34 ./Core/Src/main.o
 .debug_macro   0x0000000000028ba5       0x16 ./Core/Src/main.o
 .debug_macro   0x0000000000028bbb       0x43 ./Core/Src/main.o
 .debug_macro   0x0000000000028bfe       0x34 ./Core/Src/main.o
 .debug_macro   0x0000000000028c32       0x10 ./Core/Src/main.o
 .debug_macro   0x0000000000028c42       0x58 ./Core/Src/main.o
 .debug_macro   0x0000000000028c9a       0x8e ./Core/Src/main.o
 .debug_macro   0x0000000000028d28       0x1c ./Core/Src/main.o
 .debug_macro   0x0000000000028d44      0x177 ./Core/Src/main.o
 .debug_macro   0x0000000000028ebb      0x369 ./Core/Src/main.o
 .debug_macro   0x0000000000029224      0x19b ./Core/Src/main.o
 .debug_macro   0x00000000000293bf       0x5d ./Core/Src/main.o
 .debug_macro   0x000000000002941c     0x1ae5 ./Core/Src/main.o
 .debug_macro   0x000000000002af01      0x7dc ./Core/Src/main.o
 .debug_macro   0x000000000002b6dd      0x15f ./Core/Src/main.o
 .debug_macro   0x000000000002b83c      0x2aa ./Core/Src/main.o
 .debug_macro   0x000000000002bae6       0xc8 ./Core/Src/main.o
 .debug_macro   0x000000000002bbae      0x5a5 ./Core/Src/main.o
 .debug_macro   0x000000000002c153      0x439 ./Core/Src/main.o
 .debug_macro   0x000000000002c58c       0xd6 ./Core/Src/main.o
 .debug_macro   0x000000000002c662      0x1cd ./Core/Src/main.o
 .debug_macro   0x000000000002c82f     0x1415 ./Core/Src/main.o
 .debug_macro   0x000000000002dc44      0x950 ./Core/Src/main.o
 .debug_macro   0x000000000002e594      0x2cd ./Core/Src/main.o
 .debug_macro   0x000000000002e861      0x432 ./Core/Src/main.o
 .debug_macro   0x000000000002ec93       0x95 ./Core/Src/main.o
 .debug_macro   0x000000000002ed28      0x11c ./Core/Src/main.o
 .debug_macro   0x000000000002ee44      0x517 ./Core/Src/main.o
 .debug_macro   0x000000000002f35b      0x4bf ./Core/Src/main.o
 .debug_macro   0x000000000002f81a      0x5cf ./Core/Src/main.o
 .debug_macro   0x000000000002fde9       0xee ./Core/Src/main.o
 .debug_macro   0x000000000002fed7       0xd6 ./Core/Src/main.o
 .debug_macro   0x000000000002ffad      0x677 ./Core/Src/main.o
 .debug_macro   0x0000000000030624      0x1a1 ./Core/Src/main.o
 .debug_macro   0x00000000000307c5      0x287 ./Core/Src/main.o
 .debug_macro   0x0000000000030a4c       0x90 ./Core/Src/main.o
 .debug_macro   0x0000000000030adc      0x1c0 ./Core/Src/main.o
 .debug_macro   0x0000000000030c9c      0x361 ./Core/Src/main.o
 .debug_macro   0x0000000000030ffd      0x2b6 ./Core/Src/main.o
 .debug_macro   0x00000000000312b3      0x36f ./Core/Src/main.o
 .debug_macro   0x0000000000031622      0x157 ./Core/Src/main.o
 .debug_macro   0x0000000000031779      0xab6 ./Core/Src/main.o
 .debug_macro   0x000000000003222f      0x28b ./Core/Src/main.o
 .debug_macro   0x00000000000324ba       0xdf ./Core/Src/main.o
 .debug_macro   0x0000000000032599      0x4e1 ./Core/Src/main.o
 .debug_macro   0x0000000000032a7a      0x167 ./Core/Src/main.o
 .debug_macro   0x0000000000032be1      0x8d6 ./Core/Src/main.o
 .debug_macro   0x00000000000334b7      0x19a ./Core/Src/main.o
 .debug_macro   0x0000000000033651       0xc4 ./Core/Src/main.o
 .debug_macro   0x0000000000033715      0x349 ./Core/Src/nrf24.o
 .debug_macro   0x0000000000033a5e      0x186 ./Core/Src/nrf24.o
 .debug_macro   0x0000000000033be4      0x3cb ./Core/Src/radio_demo.o
 .debug_macro   0x0000000000033faf       0x5b ./Core/Src/radio_demo.o
 .debug_macro   0x000000000003400a       0x94 ./Core/Src/radio_demo.o
 .debug_macro   0x000000000003409e       0x57 ./Core/Src/radio_demo.o
 .debug_macro   0x00000000000340f5       0x10 ./Core/Src/radio_demo.o
 .debug_macro   0x0000000000034105       0x35 ./Core/Src/radio_demo.o
 .debug_macro   0x000000000003413a       0x20 ./Core/Src/radio_demo.o
 .debug_macro   0x000000000003415a      0x32c ./Core/Src/stm32u5xx_hal_msp.o
 .debug_macro   0x0000000000034486      0x336 ./Core/Src/stm32u5xx_it.o
 .debug_macro   0x00000000000347bc      0x2ca ./Core/Src/system_stm32u5xx.o
 .debug_macro   0x0000000000034a86      0x2e7 ./Drivers/STM32U5xx_HAL_Driver/Src/stm32u5xx_hal.o
 .debug_macro   0x0000000000034d6d      0x2e7 ./Drivers/STM32U5xx_HAL_Driver/Src/stm32u5xx_hal_adc.o
 .debug_macro   0x0000000000035054      0x2c3 ./Drivers/STM32U5xx_HAL_Driver/Src/stm32u5xx_hal_cortex.o
 .debug_macro   0x0000000000035317      0x2f8 ./Drivers/STM32U5xx_HAL_Driver/Src/stm32u5xx_hal_gpio.o
 .debug_macro   0x000000000003560f      0x2f3 ./Drivers/STM32U5xx_HAL_Driver/Src/stm32u5xx_hal_icache.o
 .debug_macro   0x0000000000035902      0x2cf ./Drivers/STM32U5xx_HAL_Driver/Src/stm32u5xx_hal_pcd.o
 .debug_macro   0x0000000000035bd1      0x2c3 ./Drivers/STM32U5xx_HAL_Driver/Src/stm32u5xx_hal_pcd_ex.o
 .debug_macro   0x0000000000035e94      0x2ee ./Drivers/STM32U5xx_HAL_Driver/Src/stm32u5xx_hal_pwr_ex.o
 .debug_macro   0x0000000000036182      0x3c9 ./Drivers/STM32U5xx_HAL_Driver/Src/stm32u5xx_hal_rcc.o
 .debug_macro   0x000000000003654b      0x3ed ./Drivers/STM32U5xx_HAL_Driver/Src/stm32u5xx_hal_rcc_ex.o
 .debug_macro   0x0000000000036938      0x2d2 ./Drivers/STM32U5xx_HAL_Driver/Src/stm32u5xx_hal_spi.o
 .debug_macro   0x0000000000036c0a      0x2c3 ./Drivers/STM32U5xx_HAL_Driver/Src/stm32u5xx_hal_spi_ex.o
 .debug_macro   0x0000000000036ecd      0x2ee ./Drivers/STM32U5xx_HAL_Driver/Src/stm32u5xx_hal_uart.o
 .debug_macro   0x00000000000371bb      0x2cf ./Drivers/STM32U5xx_HAL_Driver/Src/stm32u5xx_hal_uart_ex.o
 .debug_macro   0x000000000003748a      0x305 ./Drivers/STM32U5xx_HAL_Driver/Src/stm32u5xx_ll_gpio.o
 .debug_macro   0x000000000003778f      0x161 ./Drivers/STM32U5xx_HAL_Driver/Src/stm32u5xx_ll_gpio.o
 .debug_macro   0x00000000000378f0      0x2c3 ./Drivers/STM32U5xx_HAL_Driver/Src/stm32u5xx_ll_usb.o

.debug_line     0x0000000000000000    0x1bdf8
 .debug_line    0x0000000000000000      0xd8a ./Core/Src/main.o
 .debug_line    0x0000000000000d8a     0x1042 ./Core/Src/nrf24.o
 .debug_line    0x0000000000001dcc      0xcb8 ./Core/Src/radio_demo.o
 .debug_line    0x0000000000002a84      0xbb0 ./Core/Src/stm32u5xx_hal_msp.o
 .debug_line    0x0000000000003634      0xaee ./Core/Src/stm32u5xx_it.o
 .debug_line    0x0000000000004122      0xa25 ./Core/Src/system_stm32u5xx.o
 .debug_line    0x0000000000004b47       0x79 ./Core/Startup/startup_stm32u575zitxq.o
 .debug_line    0x0000000000004bc0      0xd37 ./Drivers/STM32U5xx_HAL_Driver/Src/stm32u5xx_hal.o
 .debug_line    0x00000000000058f7     0x28f0 ./Drivers/STM32U5xx_HAL_Driver/Src/stm32u5xx_hal_adc.o
 .debug_line    0x00000000000081e7      0xf5b ./Drivers/STM32U5xx_HAL_Driver/Src/stm32u5xx_hal_cortex.o
 .debug_line    0x0000000000009142      0xe9d ./Drivers/STM32U5xx_HAL_Driver/Src/stm32u5xx_hal_gpio.o
 .debug_line    0x0000000000009fdf      0xc17 ./Drivers/STM32U5xx_HAL_Driver/Src/stm32u5xx_hal_icache.o
 .debug_line    0x000000000000abf6     0x1662 ./Drivers/STM32U5xx_HAL_Driver/Src/stm32u5xx_hal_pcd.o
 .debug_line    0x000000000000c258      0xb00 ./Drivers/STM32U5xx_HAL_Driver/Src/stm32u5xx_hal_pcd_ex.o
 .debug_line    0x000000000000cd58     0x12a6 ./Drivers/STM32U5xx_HAL_Driver/Src/stm32u5xx_hal_pwr_ex.o
 .debug_line    0x000000000000dffe     0x166b ./Drivers/STM32U5xx_HAL_Driver/Src/stm32u5xx_hal_rcc.o
 .debug_line    0x000000000000f669     0x23e3 ./Drivers/STM32U5xx_HAL_Driver/Src/stm32u5xx_hal_rcc_ex.o
 .debug_line    0x0000000000011a4c     0x2343 ./Drivers/STM32U5xx_HAL_Driver/Src/stm32u5xx_hal_spi.o
 .debug_line    0x0000000000013d8f      0xb4f ./Drivers/STM32U5xx_HAL_Driver/Src/stm32u5xx_hal_spi_ex.o
 .debug_line    0x00000000000148de     0x3a5c ./Drivers/STM32U5xx_HAL_Driver/Src/stm32u5xx_hal_uart.o
 .debug_line    0x000000000001833a     0x109e ./Drivers/STM32U5xx_HAL_Driver/Src/stm32u5xx_hal_uart_ex.o
 .debug_line    0x00000000000193d8      0xc6f ./Drivers/STM32U5xx_HAL_Driver/Src/stm32u5xx_ll_gpio.o
 .debug_line    0x000000000001a047     0x1db1 ./Drivers/STM32U5xx_HAL_Driver/Src/stm32u5xx_ll_usb.o

.debug_str      0x0000000000000000   0x161980
 .debug_str     0x0000000000000000   0x157051 ./Core/Src/main.o
                                     0x158fa6 (size before relaxing)
 .debug_str     0x0000000000157051      0xd17 ./Core/Src/nrf24.o
                                     0x158c15 (size before relaxing)
 .debug_str     0x0000000000157d68      0x51f ./Core/Src/radio_demo.o
                                     0x158eb0 (size before relaxing)
 .debug_str     0x0000000000158287      0xb54 ./Core/Src/stm32u5xx_hal_msp.o
                                     0x1595c3 (size before relaxing)
 .debug_str     0x0000000000158ddb       0xee ./Core/Src/stm32u5xx_it.o
                                     0x157c93 (size before relaxing)
 .debug_str     0x0000000000158ec9      0x1c9 ./Core/Src/system_stm32u5xx.o
                                     0x1459fc (size before relaxing)
 .debug_str     0x0000000000159092       0x35 ./Core/Startup/startup_stm32u575zitxq.o
                                         0x81 (size before relaxing)
 .debug_str     0x00000000001590c7      0x72c ./Drivers/STM32U5xx_HAL_Driver/Src/stm32u5xx_hal.o
                                     0x1467cc (size before relaxing)
 .debug_str     0x00000000001597f3      0xe24 ./Drivers/STM32U5xx_HAL_Driver/Src/stm32u5xx_hal_adc.o
                                     0x146cec (size before relaxing)
 .debug_str     0x000000000015a617      0x38c ./Drivers/STM32U5xx_HAL_Driver/Src/stm32u5xx_hal_cortex.o
                                     0x1465dd (size before relaxing)
 .debug_str     0x000000000015a9a3      0x2c4 ./Drivers/STM32U5xx_HAL_Driver/Src/stm32u5xx_hal_gpio.o
                                     0x145a21 (size before relaxing)
 .debug_str     0x000000000015ac67      0x602 ./Drivers/STM32U5xx_HAL_Driver/Src/stm32u5xx_hal_icache.o
                                     0x145d3f (size before relaxing)
 .debug_str     0x000000000015b269      0x801 ./Drivers/STM32U5xx_HAL_Driver/Src/stm32u5xx_hal_pcd.o
                                     0x1462e5 (size before relaxing)
 .debug_str     0x000000000015ba6a      0x174 ./Drivers/STM32U5xx_HAL_Driver/Src/stm32u5xx_hal_pcd_ex.o
                                     0x145c83 (size before relaxing)
 .debug_str     0x000000000015bbde      0x813 ./Drivers/STM32U5xx_HAL_Driver/Src/stm32u5xx_hal_pwr_ex.o
                                     0x14613c (size before relaxing)
 .debug_str     0x000000000015c3f1     0x12ed ./Drivers/STM32U5xx_HAL_Driver/Src/stm32u5xx_hal_rcc.o
                                     0x1470f1 (size before relaxing)
 .debug_str     0x000000000015d6de     0x256b ./Drivers/STM32U5xx_HAL_Driver/Src/stm32u5xx_hal_rcc_ex.o
                                     0x148354 (size before relaxing)
 .debug_str     0x000000000015fc49      0x52e ./Drivers/STM32U5xx_HAL_Driver/Src/stm32u5xx_hal_spi.o
                                     0x1462d0 (size before relaxing)
 .debug_str     0x0000000000160177       0xee ./Drivers/STM32U5xx_HAL_Driver/Src/stm32u5xx_hal_spi_ex.o
                                     0x145e60 (size before relaxing)
 .debug_str     0x0000000000160265      0x900 ./Drivers/STM32U5xx_HAL_Driver/Src/stm32u5xx_hal_uart.o
                                     0x1466c3 (size before relaxing)
 .debug_str     0x0000000000160b65      0x313 ./Drivers/STM32U5xx_HAL_Driver/Src/stm32u5xx_hal_uart_ex.o
                                     0x146175 (size before relaxing)
 .debug_str     0x0000000000160e78      0x658 ./Drivers/STM32U5xx_HAL_Driver/Src/stm32u5xx_ll_gpio.o
                                     0x147f66 (size before relaxing)
 .debug_str     0x00000000001614d0      0x4b0 ./Drivers/STM32U5xx_HAL_Driver/Src/stm32u5xx_ll_usb.o
                                     0x1461df (size before relaxing)

.debug_frame    0x0000000000000000     0x5dd0
 .debug_frame   0x0000000000000000      0x1bc ./Core/Src/main.o
 .debug_frame   0x00000000000001bc      0x594 ./Core/Src/nrf24.o
 .debug_frame   0x0000000000000750      0x180 ./Core/Src/radio_demo.o
 .debug_frame   0x00000000000008d0      0x164 ./Core/Src/stm32u5xx_hal_msp.o
 .debug_frame   0x0000000000000a34      0x120 ./Core/Src/stm32u5xx_it.o
 .debug_frame   0x0000000000000b54       0x58 ./Core/Src/system_stm32u5xx.o
 .debug_frame   0x0000000000000bac      0x4c0 ./Drivers/STM32U5xx_HAL_Driver/Src/stm32u5xx_hal.o
 .debug_frame   0x000000000000106c      0xb94 ./Drivers/STM32U5xx_HAL_Driver/Src/stm32u5xx_hal_adc.o
 .debug_frame   0x0000000000001c00      0x508 ./Drivers/STM32U5xx_HAL_Driver/Src/stm32u5xx_hal_cortex.o
 .debug_frame   0x0000000000002108      0x1ec ./Drivers/STM32U5xx_HAL_Driver/Src/stm32u5xx_hal_gpio.o
 .debug_frame   0x00000000000022f4      0x29c ./Drivers/STM32U5xx_HAL_Driver/Src/stm32u5xx_hal_icache.o
 .debug_frame   0x0000000000002590      0x594 ./Drivers/STM32U5xx_HAL_Driver/Src/stm32u5xx_hal_pcd.o
 .debug_frame   0x0000000000002b24      0x174 ./Drivers/STM32U5xx_HAL_Driver/Src/stm32u5xx_hal_pcd_ex.o
 .debug_frame   0x0000000000002c98      0x84c ./Drivers/STM32U5xx_HAL_Driver/Src/stm32u5xx_hal_pwr_ex.o
 .debug_frame   0x00000000000034e4      0x28c ./Drivers/STM32U5xx_HAL_Driver/Src/stm32u5xx_hal_rcc.o
 .debug_frame   0x0000000000003770      0x5f0 ./Drivers/STM32U5xx_HAL_Driver/Src/stm32u5xx_hal_rcc_ex.o
 .debug_frame   0x0000000000003d60      0x7ac ./Drivers/STM32U5xx_HAL_Driver/Src/stm32u5xx_hal_spi.o
 .debug_frame   0x000000000000450c      0x100 ./Drivers/STM32U5xx_HAL_Driver/Src/stm32u5xx_hal_spi_ex.o
 .debug_frame   0x000000000000460c      0xa84 ./Drivers/STM32U5xx_HAL_Driver/Src/stm32u5xx_hal_uart.o
 .debug_frame   0x0000000000005090      0x310 ./Drivers/STM32U5xx_HAL_Driver/Src/stm32u5xx_hal_uart_ex.o
 .debug_frame   0x00000000000053a0      0x1c0 ./Drivers/STM32U5xx_HAL_Driver/Src/stm32u5xx_ll_gpio.o
 .debug_frame   0x0000000000005560      0x7c0 ./Drivers/STM32U5xx_HAL_Driver/Src/stm32u5xx_ll_usb.o
 .debug_frame   0x0000000000005d20       0x20 C:/ST/STM32CubeIDE_1.10.1/STM32CubeIDE/plugins/com.st.stm32cube.ide.mcu.externaltools.gnu-tools-for-stm32.11.3.rel1.win32_1.1.100.202309141235/tools/bin/../lib/gcc/arm-none-eabi/11.3.1/../../../../arm-none-eabi/lib/thumb/v8-m.main+fp/hard\libc_nano.a(libc_a-memset.o)
 .debug_frame   0x0000000000005d40       0x2c C:/ST/STM32CubeIDE_1.10.1/STM32CubeIDE/plugins/com.st.stm32cube.ide.mcu.externaltools.gnu-tools-for-stm32.11.3.rel1.win32_1.1.100.202309141235/tools/bin/../lib/gcc/arm-none-eabi/11.3.1/../../../../arm-none-eabi/lib/thumb/v8-m.main+fp/hard\libc_nano.a(libc_a-init.o)
 .debug_frame   0x0000000000005d6c       0x2c C:/ST/STM32CubeIDE_1.10.1/STM32CubeIDE/plugins/com.st.stm32cube.ide.mcu.externaltools.gnu-tools-for-stm32.11.3.rel1.win32_1.1.100.202309141235/tools/bin/../lib/gcc/arm-none-eabi/11.3.1/thumb/v8-m.main+fp/hard\libgcc.a(_aeabi_uldivmod.o)
 .debug_frame   0x0000000000005d98       0x38 C:/ST/STM32CubeIDE_1.10.1/STM32CubeIDE/plugins/com.st.stm32cube.ide.mcu.externaltools.gnu-tools-for-stm32.11.3.rel1.win32_1.1.100.202309141235/tools/bin/../lib/gcc/arm-none-eabi/11.3.1/thumb/v8-m.main+fp/hard\libgcc.a(_udivmoddi4.o)

.debug_line_str
                0x0000000000000000       0x75
 .debug_line_str