../Core/Inc/support.h:23:20:nRF24_CSN_L	8	static
../Core/Inc/support.h:27:20:nRF24_CSN_H	8	static
../Core/Inc/support.h:32:23:nRF24_LL_RW	32	static
../Core/Src/nrf24.c:20:16:nRF24_ReadReg	24	static
../Core/Src/nrf24.c:35:13:nRF24_WriteReg	16	static
../Core/Src/nrf24.c:59:13:nRF24_ReadMBReg	24	static
../Core/Src/nrf24.c:74:13:nRF24_WriteMBReg	16	static
../Core/Src/nrf24.c:85:6:nRF24_Init	8	static
../Core/Src/nrf24.c:119:9:nRF24_Check	24	static
../Core/Src/nrf24.c:141:6:nRF24_SetPowerMode	24	static
../Core/Src/nrf24.c:160:6:nRF24_SetOperationalMode	24	static
../Core/Src/nrf24.c:173:6:nRF24_SetDynamicPayloadLength	24	static
../Core/Src/nrf24.c:188:6:nRF24_SetPayloadWithAck	24	static
../Core/Src/nrf24.c:203:6:nRF24_SetCRCScheme	24	static
../Core/Src/nrf24.c:218:6:nRF24_SetRFChannel	16	static
../Core/Src/nrf24.c:227:6:nRF24_SetAutoRetr	16	static
../Core/Src/nrf24.c:236:6:nRF24_SetAddrWidth	16	static
../Core/Src/nrf24.c:250:6:nRF24_SetAddr	24	static
../Core/Src/nrf24.c:285:6:nRF24_SetTXPower	24	static
../Core/Src/nrf24.c:298:6:nRF24_SetDataRate	24	static
../Core/Src/nrf24.c:313:6:nRF24_SetRXPipe	24	static
../Core/Src/nrf24.c:336:6:nRF24_ClosePipe	24	static
../Core/Src/nrf24.c:348:6:nRF24_EnableAA	24	static
../Core/Src/nrf24.c:360:6:nRF24_DisableAA	24	static
../Core/Src/nrf24.c:376:9:nRF24_GetStatus	8	static
../Core/Src/nrf24.c:382:9:nRF24_GetIRQFlags	8	static
../Core/Src/nrf24.c:388:9:nRF24_GetStatus_RXFIFO	8	static
../Core/Src/nrf24.c:395:9:nRF24_GetStatus_TXFIFO	8	static
../Core/Src/nrf24.c:401:9:nRF24_GetRXSource	8	static
../Core/Src/nrf24.c:409:9:nRF24_GetRetransmitCounters	8	static
../Core/Src/nrf24.c:414:6:nRF24_ResetPLOS	16	static
../Core/Src/nrf24.c:423:6:nRF24_FlushTX	8	static
../Core/Src/nrf24.c:428:6:nRF24_FlushRX	8	static
../Core/Src/nrf24.c:433:6:nRF24_ClearIRQFlags	16	static
../Core/Src/nrf24.c:446:6:nRF24_WritePayload	16	static
../Core/Src/nrf24.c:450:16:nRF24_GetRxDplPayloadWidth	16	static
../Core/Src/nrf24.c:462:23:nRF24_ReadPayloadGeneric	32	static
../Core/Src/nrf24.c:502:16:nRF24_ReadPayload	16	static
../Core/Src/nrf24.c:506:16:nRF24_ReadPayloadDpl	16	static
../Core/Src/nrf24.c:510:9:nRF24_GetFeatures	8	static
../Core/Src/nrf24.c:513:6:nRF24_ActivateFeatures	8	static
../Core/Src/nrf24.c:519:6:nRF24_WriteAckPayload	16	static
