Archive member included to satisfy reference by file (symbol)

C:/ST/STM32CubeIDE_1.10.1/STM32CubeIDE/plugins/com.st.stm32cube.ide.mcu.externaltools.gnu-tools-for-stm32.11.3.rel1.win32_1.1.100.202309141235/tools/bin/../lib/gcc/arm-none-eabi/11.3.1/../../../../arm-none-eabi/lib/thumb/v7e-m+fp/hard\libc_nano.a(libc_a-exit.o)
                              C:/ST/STM32CubeIDE_1.10.1/STM32CubeIDE/plugins/com.st.stm32cube.ide.mcu.externaltools.gnu-tools-for-stm32.11.3.rel1.win32_1.1.100.202309141235/tools/bin/../lib/gcc/arm-none-eabi/11.3.1/../../../../arm-none-eabi/lib/thumb/v7e-m+fp/hard/crt0.o (exit)
C:/ST/STM32CubeIDE_1.10.1/STM32CubeIDE/plugins/com.st.stm32cube.ide.mcu.externaltools.gnu-tools-for-stm32.11.3.rel1.win32_1.1.100.202309141235/tools/bin/../lib/gcc/arm-none-eabi/11.3.1/../../../../arm-none-eabi/lib/thumb/v7e-m+fp/hard\libc_nano.a(libc_a-findfp.o)
                              C:/ST/STM32CubeIDE_1.10.1/STM32CubeIDE/plugins/com.st.stm32cube.ide.mcu.externaltools.gnu-tools-for-stm32.11.3.rel1.win32_1.1.100.202309141235/tools/bin/../lib/gcc/arm-none-eabi/11.3.1/../../../../arm-none-eabi/lib/thumb/v7e-m+fp/hard\libc_nano.a(libc_a-exit.o) (__stdio_exit_handler)
C:/ST/STM32CubeIDE_1.10.1/STM32CubeIDE/plugins/com.st.stm32cube.ide.mcu.externaltools.gnu-tools-for-stm32.11.3.rel1.win32_1.1.100.202309141235/tools/bin/../lib/gcc/arm-none-eabi/11.3.1/../../../../arm-none-eabi/lib/thumb/v7e-m+fp/hard\libc_nano.a(libc_a-fwalk.o)
                              C:/ST/STM32CubeIDE_1.10.1/STM32CubeIDE/plugins/com.st.stm32cube.ide.mcu.externaltools.gnu-tools-for-stm32.11.3.rel1.win32_1.1.100.202309141235/tools/bin/../lib/gcc/arm-none-eabi/11.3.1/../../../../arm-none-eabi/lib/thumb/v7e-m+fp/hard\libc_nano.a(libc_a-findfp.o) (_fwalk_sglue)
C:/ST/STM32CubeIDE_1.10.1/STM32CubeIDE/plugins/com.st.stm32cube.ide.mcu.externaltools.gnu-tools-for-stm32.11.3.rel1.win32_1.1.100.202309141235/tools/bin/../lib/gcc/arm-none-eabi/11.3.1/../../../../arm-none-eabi/lib/thumb/v7e-m+fp/hard\libc_nano.a(libc_a-stdio.o)
                              C:/ST/STM32CubeIDE_1.10.1/STM32CubeIDE/plugins/com.st.stm32cube.ide.mcu.externaltools.gnu-tools-for-stm32.11.3.rel1.win32_1.1.100.202309141235/tools/bin/../lib/gcc/arm-none-eabi/11.3.1/../../../../arm-none-eabi/lib/thumb/v7e-m+fp/hard\libc_nano.a(libc_a-findfp.o) (__sread)
C:/ST/STM32CubeIDE_1.10.1/STM32CubeIDE/plugins/com.st.stm32cube.ide.mcu.externaltools.gnu-tools-for-stm32.11.3.rel1.win32_1.1.100.202309141235/tools/bin/../lib/gcc/arm-none-eabi/11.3.1/../../../../arm-none-eabi/lib/thumb/v7e-m+fp/hard\libc_nano.a(libc_a-memset.o)
                              C:/ST/STM32CubeIDE_1.10.1/STM32CubeIDE/plugins/com.st.stm32cube.ide.mcu.externaltools.gnu-tools-for-stm32.11.3.rel1.win32_1.1.100.202309141235/tools/bin/../lib/gcc/arm-none-eabi/11.3.1/../../../../arm-none-eabi/lib/thumb/v7e-m+fp/hard/crt0.o (memset)
C:/ST/STM32CubeIDE_1.10.1/STM32CubeIDE/plugins/com.st.stm32cube.ide.mcu.externaltools.gnu-tools-for-stm32.11.3.rel1.win32_1.1.100.202309141235/tools/bin/../lib/gcc/arm-none-eabi/11.3.1/../../../../arm-none-eabi/lib/thumb/v7e-m+fp/hard\libc_nano.a(libc_a-closer.o)
                              C:/ST/STM32CubeIDE_1.10.1/STM32CubeIDE/plugins/com.st.stm32cube.ide.mcu.externaltools.gnu-tools-for-stm32.11.3.rel1.win32_1.1.100.202309141235/tools/bin/../lib/gcc/arm-none-eabi/11.3.1/../../../../arm-none-eabi/lib/thumb/v7e-m+fp/hard\libc_nano.a(libc_a-stdio.o) (_close_r)
C:/ST/STM32CubeIDE_1.10.1/STM32CubeIDE/plugins/com.st.stm32cube.ide.mcu.externaltools.gnu-tools-for-stm32.11.3.rel1.win32_1.1.100.202309141235/tools/bin/../lib/gcc/arm-none-eabi/11.3.1/../../../../arm-none-eabi/lib/thumb/v7e-m+fp/hard\libc_nano.a(libc_a-reent.o)
                              C:/ST/STM32CubeIDE_1.10.1/STM32CubeIDE/plugins/com.st.stm32cube.ide.mcu.externaltools.gnu-tools-for-stm32.11.3.rel1.win32_1.1.100.202309141235/tools/bin/../lib/gcc/arm-none-eabi/11.3.1/../../../../arm-none-eabi/lib/thumb/v7e-m+fp/hard\libc_nano.a(libc_a-closer.o) (errno)
C:/ST/STM32CubeIDE_1.10.1/STM32CubeIDE/plugins/com.st.stm32cube.ide.mcu.externaltools.gnu-tools-for-stm32.11.3.rel1.win32_1.1.100.202309141235/tools/bin/../lib/gcc/arm-none-eabi/11.3.1/../../../../arm-none-eabi/lib/thumb/v7e-m+fp/hard\libc_nano.a(libc_a-impure.o)
                              C:/ST/STM32CubeIDE_1.10.1/STM32CubeIDE/plugins/com.st.stm32cube.ide.mcu.externaltools.gnu-tools-for-stm32.11.3.rel1.win32_1.1.100.202309141235/tools/bin/../lib/gcc/arm-none-eabi/11.3.1/../../../../arm-none-eabi/lib/thumb/v7e-m+fp/hard\libc_nano.a(libc_a-reent.o) (_impure_ptr)
C:/ST/STM32CubeIDE_1.10.1/STM32CubeIDE/plugins/com.st.stm32cube.ide.mcu.externaltools.gnu-tools-for-stm32.11.3.rel1.win32_1.1.100.202309141235/tools/bin/../lib/gcc/arm-none-eabi/11.3.1/../../../../arm-none-eabi/lib/thumb/v7e-m+fp/hard\libc_nano.a(libc_a-lseekr.o)
[...]
Memory Configuration

Name             Origin             Length             Attributes
CCMRAM           0x0000000010000000 0x0000000000010000 xrw
RAM              0x0000000020000000 0x0000000000020000 xrw
FLASH            0x0000000008000000 0x0000000000100000 xr
*default*        0x0000000000000000 0xffffffffffffffff

Linker script and memory map

LOAD C:/ST/STM32CubeIDE_1.10.1/STM32CubeIDE/plugins/com.st.stm32cube.ide.mcu.externaltools.gnu-tools-for-stm32.11.3.rel1.win32_1.1.100.202309141235/tools/bin/../lib/gcc/arm-none-eabi/11.3.1/thumb/v7e-m+fp/hard/crti.o
LOAD C:/ST/STM32CubeIDE_1.10.1/STM32CubeIDE/plugins/com.st.stm32cube.ide.mcu.externaltools.gnu-tools-for-stm32.11.3.rel1.win32_1.1.100.202309141235/tools/bin/../lib/gcc/arm-none-eabi/11.3.1/thumb/v7e-m+fp/hard/crtbegin.o
LOAD C:/ST/STM32CubeIDE_1.10.1/STM32CubeIDE/plugins/com.st.stm32cube.ide.mcu.externaltools.gnu-tools-for-stm32.11.3.rel1.win32_1.1.100.202309141235/tools/bin/../lib/gcc/arm-none-eabi/11.3.1/../../../../arm-none-eabi/lib/thumb/v7e-m+fp/hard/crt0.o
LOAD ./Core/Src/CAN_receive.o
LOAD ./Core/Src/bsp_can.o
LOAD ./Core/Src/can.o
LOAD ./Core/Src/gpio.o
LOAD ./Core/Src/main.o
LOAD ./Core/Src/nrf24.o
LOAD ./Core/Src/radio_demo.o
LOAD ./Core/Src/spi.o
LOAD ./Core/Src/stm32f4xx_hal_msp.o
LOAD ./Core/Src/stm32f4xx_it.o
LOAD ./Core/Src/syscalls.o
LOAD ./Core/Src/sysmem.o
LOAD ./Core/Src/system_stm32f4xx.o
LOAD ./Core/Src/usart.o
LOAD ./Core/Startup/startup_stm32f407ighx.o
LOAD ./Drivers/STM32F4xx_HAL_Driver/Src/stm32f4xx_hal.o
LOAD ./Drivers/STM32F4xx_HAL_Driver/Src/stm32f4xx_hal_can.o
LOAD ./Drivers/STM32F4xx_HAL_Driver/Src/stm32f4xx_hal_cortex.o
LOAD ./Drivers/STM32F4xx_HAL_Driver/Src/stm32f4xx_hal_dma.o
LOAD ./Drivers/STM32F4xx_HAL_Driver/Src/stm32f4xx_hal_dma_ex.o
LOAD ./Drivers/STM32F4xx_HAL_Driver/Src/stm32f4xx_hal_exti.o
LOAD ./Drivers/STM32F4xx_HAL_Driver/Src/stm32f4xx_hal_flash.o
LOAD ./Drivers/STM32F4xx_HAL_Driver/Src/stm32f4xx_hal_flash_ex.o
LOAD ./Drivers/STM32F4xx_HAL_Driver/Src/stm32f4xx_hal_flash_ramfunc.o
LOAD ./Drivers/STM32F4xx_HAL_Driver/Src/stm32f4xx_hal_gpio.o
LOAD ./Drivers/STM32F4xx_HAL_Driver/Src/stm32f4xx_hal_pwr.o
LOAD ./Drivers/STM32F4xx_HAL_Driver/Src/stm32f4xx_hal_pwr_ex.o
LOAD ./Drivers/STM32F4xx_HAL_Driver/Src/stm32f4xx_hal_rcc.o
LOAD ./Drivers/STM32F4xx_HAL_Driver/Src/stm32f4xx_hal_rcc_ex.o
LOAD ./Drivers/STM32F4xx_HAL_Driver/Src/stm32f4xx_hal_spi.o
LOAD ./Drivers/STM32F4xx_HAL_Driver/Src/stm32f4xx_hal_tim.o
LOAD ./Drivers/STM32F4xx_HAL_Driver/Src/stm32f4xx_hal_tim_ex.o
LOAD ./Drivers/STM32F4xx_HAL_Driver/Src/stm32f4xx_hal_uart.o
START GROUP
LOAD C:/ST/STM32CubeIDE_1.10.1/STM32CubeIDE/plugins/com.st.stm32cube.ide.mcu.externaltools.gnu-tools-for-stm32.11.3.rel1.win32_1.1.100.202309141235/tools/bin/../lib/gcc/arm-none-eabi/11.3.1/../../../../arm-none-eabi/lib/thumb/v7e-m+fp/hard\libc_nano.a
LOAD C:/ST/STM32CubeIDE_1.10.1/STM32CubeIDE/plugins/com.st.stm32cube.ide.mcu.externaltools.gnu-tools-for-stm32.11.3.rel1.win32_1.1.100.202309141235/tools/bin/../lib/gcc/arm-none-eabi/11.3.1/../../../../arm-none-eabi/lib/thumb/v7e-m+fp/hard\libm.a
END GROUP
START GROUP
LOAD C:/ST/STM32CubeIDE_1.10.1/STM32CubeIDE/plugins/com.st.stm32cube.ide.mcu.externaltools.gnu-tools-for-stm32.11.3.rel1.win32_1.1.100.202309141235/tools/bin/../lib/gcc/arm-none-eabi/11.3.1/thumb/v7e-m+fp/hard\libgcc.a
LOAD C:/ST/STM32CubeIDE_1.10.1/STM32CubeIDE/plugins/com.st.stm32cube.ide.mcu.externaltools.gnu-tools-for-stm32.11.3.rel1.win32_1.1.100.202309141235/tools/bin/../lib/gcc/arm-none-eabi/11.3.1/../../../../arm-none-eabi/lib/thumb/v7e-m+fp/hard\libc_nano.a
END GROUP
START GROUP
LOAD C:/ST/STM32CubeIDE_1.10.1/STM32CubeIDE/plugins/com.st.stm32cube.ide.mcu.externaltools.gnu-tools-for-stm32.11.3.rel1.win32_1.1.100.202309141235/tools/bin/../lib/gcc/arm-none-eabi/11.3.1/thumb/v7e-m+fp/hard\libgcc.a
LOAD C:/ST/STM32CubeIDE_1.10.1/STM32CubeIDE/plugins/com.st.stm32cube.ide.mcu.externaltools.gnu-tools-for-stm32.11.3.rel1.win32_1.1.100.202309141235/tools/bin/../lib/gcc/arm-none-eabi/11.3.1/../../../../arm-none-eabi/lib/thumb/v7e-m+fp/hard\libc_nano.a
LOAD C:/ST/STM32CubeIDE_1.10.1/STM32CubeIDE/plugins/com.st.stm32cube.ide.mcu.externaltools.gnu-tools-for-stm32.11.3.rel1.win32_1.1.100.202309141235/tools/bin/../lib/gcc/arm-none-eabi/11.3.1/../../../../arm-none-eabi/lib/thumb/v7e-m+fp/hard\libnosys.a
END GROUP
START GROUP
LOAD C:/ST/STM32CubeIDE_1.10.1/STM32CubeIDE/plugins/com.st.stm32cube.ide.mcu.externaltools.gnu-tools-for-stm32.11.3.rel1.win32_1.1.100.202309141235/tools/bin/../lib/gcc/arm-none-eabi/11.3.1/thumb/v7e-m+fp/hard\libgcc.a
LOAD C:/ST/STM32CubeIDE_1.10.1/STM32CubeIDE/plugins/com.st.stm32cube.ide.mcu.externaltools.gnu-tools-for-stm32.11.3.rel1.win32_1.1.100.202309141235/tools/bin/../lib/gcc/arm-none-eabi/11.3.1/../../../../arm-none-eabi/lib/thumb/v7e-m+fp/hard\libc_nano.a
LOAD C:/ST/STM32CubeIDE_1.10.1/STM32CubeIDE/plugins/com.st.stm32cube.ide.mcu.externaltools.gnu-tools-for-stm32.11.3.rel1.win32_1.1.100.202309141235/tools/bin/../lib/gcc/arm-none-eabi/11.3.1/../../../../arm-none-eabi/lib/thumb/v7e-m+fp/hard\libnosys.a
END GROUP
LOAD C:/ST/STM32CubeIDE_1.10.1/STM32CubeIDE/plugins/com.st.stm32cube.ide.mcu.externaltools.gnu-tools-for-stm32.11.3.rel1.win32_1.1.100.202309141235/tools/bin/../lib/gcc/arm-none-eabi/11.3.1/thumb/v7e-m+fp/hard/crtend.o
LOAD C:/ST/STM32CubeIDE_1.10.1/STM32CubeIDE/plugins/com.st.stm32cube.ide.mcu.externaltools.gnu-tools-for-stm32.11.3.rel1.win32_1.1.100.202309141235/tools/bin/../lib/gcc/arm-none-eabi/11.3.1/thumb/v7e-m+fp/hard/crtn.o
                0x0000000020020000                _estack = (ORIGIN (RAM) + LENGTH (RAM))
                0x0000000000000200                _Min_Heap_Size = 0x200
                0x0000000000000400                _Min_Stack_Size = 0x400

.isr_vector     0x0000000008000000      0x188
                0x0000000008000000                . = ALIGN (0x4)
 *(.isr_vector)
 .isr_vector    0x0000000008000000      0x188 ./Core/Startup/startup_stm32f407ighx.o
                0x0000000008000000                g_pfnVectors
                0x0000000008000188                . = ALIGN (0x4)

.text           0x0000000008000188     0x4238
                0x0000000008000188                . = ALIGN (0x4)
 *(.text)
 .text          0x0000000008000188       0x40 C:/ST/STM32CubeIDE_1.10.1/STM32CubeIDE/plugins/com.st.stm32cube.ide.mcu.externaltools.gnu-tools-for-stm32.11.3.rel1.win32_1.1.100.202309141235/tools/bin/../lib/gcc/arm-none-eabi/11.3.1/thumb/v7e-m+fp/hard/crtbegin.o
 .text          0x00000000080001c8       0x10 C:/ST/STM32CubeIDE_1.10.1/STM32CubeIDE/plugins/com.st.stm32cube.ide.mcu.externaltools.gnu-tools-for-stm32.11.3.rel1.win32_1.1.100.202309141235/tools/bin/../lib/gcc/arm-none-eabi/11.3.1/../../../../arm-none-eabi/lib/thumb/v7e-m+fp/hard\libc_nano.a(libc_a-strlen.o)
                0x00000000080001c8                strlen
 .text          0x00000000080001d8       0x30 C:/ST/STM32CubeIDE_1.10.1/STM32CubeIDE/plugins/com.st.stm32cube.ide.mcu.externaltools.gnu-tools-for-stm32.11.3.rel1.win32_1.1.100.202309141235/tools/bin/../lib/gcc/arm-none-eabi/11.3.1/thumb/v7e-m+fp/hard\libgcc.a(_aeabi_uldivmod.o)
                0x00000000080001d8                __aeabi_uldivmod
 .text          0x0000000008000208      0x2c8 C:/ST/STM32CubeIDE_1.10.1/STM32CubeIDE/plugins/com.st.stm32cube.ide.mcu.externaltools.gnu-tools-for-stm32.11.3.rel1.win32_1.1.100.202309141235/tools/bin/../lib/gcc/arm-none-eabi/11.3.1/thumb/v7e-m+fp/hard\libgcc.a(_udivmoddi4.o)
                0x0000000008000208                __udivmoddi4
 .text          0x00000000080004d0        0x4 C:/ST/STM32CubeIDE_1.10.1/STM32CubeIDE/plugins/com.st.stm32cube.ide.mcu.externaltools.gnu-tools-for-stm32.11.3.rel1.win32_1.1.100.202309141235/tools/bin/../lib/gcc/arm-none-eabi/11.3.1/thumb/v7e-m+fp/hard\libgcc.a(_dvmd_tls.o)
                0x00000000080004d0                __aeabi_idiv0
                0x00000000080004d0                __aeabi_ldiv0
 *(.text*)
 .text.HAL_CAN_RxFifo0MsgPendingCallback
                0x00000000080004d4      0x118 ./Core/Src/CAN_receive.o
                0x00000000080004d4                HAL_CAN_RxFifo0MsgPendingCallback
 .text.CAN_cmd_chassis
                0x00000000080005ec       0xb4 ./Core/Src/CAN_receive.o
                0x00000000080005ec                CAN_cmd_chassis
 .text.can_filter_init
                0x00000000080006a0       0x74 ./Core/Src/bsp_can.o
                0x00000000080006a0                can_filter_init
 .text.MX_CAN1_Init
                0x0000000008000714       0x6c ./Core/Src/can.o
                0x0000000008000714                MX_CAN1_Init
 .text.MX_CAN2_Init
                0x0000000008000780       0x6c ./Core/Src/can.o
                0x0000000008000780                MX_CAN2_Init
 .text.HAL_CAN_MspInit
                0x00000000080007ec      0x160 ./Core/Src/can.o
                0x00000000080007ec                HAL_CAN_MspInit
 .text.MX_GPIO_Init
                0x000000000800094c      0x16c ./Core/Src/gpio.o
                0x000000000800094c                MX_GPIO_Init
 .text.main     0x0000000008000ab8       0x54 ./Core/Src/main.o
                0x0000000008000ab8                main
 .text.SystemClock_Config
                0x0000000008000b0c       0xd4 ./Core/Src/main.o
                0x0000000008000b0c                SystemClock_Config
 .text.Error_Handler
                0x0000000008000be0        0xa ./Core/Src/main.o
                0x0000000008000be0                Error_Handler
 *fill*         0x0000000008000bea        0x2 
 .text.nRF24_CSN_L
                0x0000000008000bec       0x18 ./Core/Src/nrf24.o
 .text.nRF24_CSN_H
                0x0000000008000c04       0x18 ./Core/Src/nrf24.o
 .text.nRF24_LL_RW
                0x0000000008000c1c       0x38 ./Core/Src/nrf24.o
 .text.nRF24_ReadReg
                0x0000000008000c54       0x34 ./Core/Src/nrf24.o
 .text.nRF24_WriteReg
                0x0000000008000c88       0x70 ./Core/Src/nrf24.o
 .text.nRF24_ReadMBReg
                0x0000000008000cf8       0x44 ./Core/Src/nrf24.o
 .text.nRF24_WriteMBReg
                0x0000000008000d3c       0x42 ./Core/Src/nrf24.o
 .text.nRF24_Init
                0x0000000008000d7e       0x98 ./Core/Src/nrf24.o
                0x0000000008000d7e                nRF24_Init
 *fill*         0x0000000008000e16        0x2 
 .text.nRF24_Check
                0x0000000008000e18       0x5c ./Core/Src/nrf24.o
                0x0000000008000e18                nRF24_Check
 .text.nRF24_SetPowerMode
                0x0000000008000e74       0x3e ./Core/Src/nrf24.o
                0x0000000008000e74                nRF24_SetPowerMode
 .text.nRF24_SetOperationalMode
                0x0000000008000eb2       0x42 ./Core/Src/nrf24.o
                0x0000000008000eb2                nRF24_SetOperationalMode
 .text.nRF24_SetDynamicPayloadLength
                0x0000000008000ef4       0x54 ./Core/Src/nrf24.o
                0x0000000008000ef4                nRF24_SetDynamicPayloadLength
 .text.nRF24_SetPayloadWithAck
                0x0000000008000f48       0x44 ./Core/Src/nrf24.o
                0x0000000008000f48                nRF24_SetPayloadWithAck
 .text.nRF24_SetCRCScheme
                0x0000000008000f8c       0x42 ./Core/Src/nrf24.o
                0x0000000008000f8c                nRF24_SetCRCScheme
 .text.nRF24_SetRFChannel
                0x0000000008000fce       0x1c ./Core/Src/nrf24.o
                0x0000000008000fce                nRF24_SetRFChannel
 .text.nRF24_SetAddrWidth
                0x0000000008000fea       0x20 ./Core/Src/nrf24.o
                0x0000000008000fea                nRF24_SetAddrWidth
 *fill*         0x000000000800100a        0x2 
 .text.nRF24_SetAddr
                0x000000000800100c       0x94 ./Core/Src/nrf24.o
                0x000000000800100c                nRF24_SetAddr
 .text.nRF24_SetTXPower
                0x00000000080010a0       0x36 ./Core/Src/nrf24.o
                0x00000000080010a0                nRF24_SetTXPower
 .text.nRF24_SetDataRate
                0x00000000080010d6       0x36 ./Core/Src/nrf24.o
                0x00000000080010d6                nRF24_SetDataRate
 .text.nRF24_SetRXPipe
                0x000000000800110c       0xa8 ./Core/Src/nrf24.o
                0x000000000800110c                nRF24_SetRXPipe
 .text.nRF24_GetStatus_RXFIFO
                0x00000000080011b4       0x16 ./Core/Src/nrf24.o
                0x00000000080011b4                nRF24_GetStatus_RXFIFO
 .text.nRF24_FlushTX
                0x00000000080011ca       0x10 ./Core/Src/nrf24.o
                0x00000000080011ca                nRF24_FlushTX
 .text.nRF24_FlushRX
                0x00000000080011da       0x10 ./Core/Src/nrf24.o
                0x00000000080011da                nRF24_FlushRX
 .text.nRF24_ClearIRQFlags
                0x00000000080011ea       0x2a ./Core/Src/nrf24.o
                0x00000000080011ea                nRF24_ClearIRQFlags
 .text.nRF24_GetRxDplPayloadWidth
                0x0000000008001214       0x28 ./Core/Src/nrf24.o
 .text.nRF24_ReadPayloadGeneric
                0x000000000800123c       0x90 ./Core/Src/nrf24.o
 .text.nRF24_ReadPayloadDpl
                0x00000000080012cc       0x1e ./Core/Src/nrf24.o
                0x00000000080012cc                nRF24_ReadPayloadDpl
 .text.nRF24_WriteAckPayload
                0x00000000080012ea       0x48 ./Core/Src/nrf24.o
                0x00000000080012ea                nRF24_WriteAckPayload
 *fill*         0x0000000008001332        0x2 
 .text.nRF24_CE_L
                0x0000000008001334       0x18 ./Core/Src/radio_demo.o
 .text.nRF24_CE_H
                0x000000000800134c       0x18 ./Core/Src/radio_demo.o
 .text.Delay_ms
                0x0000000008001364       0x16 ./Core/Src/radio_demo.o
 *fill*         0x000000000800137a        0x2 
 .text.UART_SendChar
                0x000000000800137c       0x24 ./Core/Src/radio_demo.o
                0x000000000800137c                UART_SendChar
 .text.UART_SendStr
                0x00000000080013a0       0x28 ./Core/Src/radio_demo.o
                0x00000000080013a0                UART_SendStr
 .text.Toggle_LED
                0x00000000080013c8       0x18 ./Core/Src/radio_demo.o
                0x00000000080013c8                Toggle_LED
 .text.UART_SendBufHex
                0x00000000080013e0       0x5c ./Core/Src/radio_demo.o
                0x00000000080013e0                UART_SendBufHex
 .text.UART_SendInt
                0x000000000800143c       0x94 ./Core/Src/radio_demo.o
                0x000000000800143c                UART_SendInt
 .text.runRadio
                0x00000000080014d0      0x178 ./Core/Src/radio_demo.o
                0x00000000080014d0                runRadio
 .text.MX_SPI2_Init
                0x0000000008001648       0x6c ./Core/Src/spi.o
                0x0000000008001648                MX_SPI2_Init
 .text.HAL_SPI_MspInit
                0x00000000080016b4       0x90 ./Core/Src/spi.o
                0x00000000080016b4                HAL_SPI_MspInit
 .text.HAL_MspInit
                0x0000000008001744       0x50 ./Core/Src/stm32f4xx_hal_msp.o
                0x0000000008001744                HAL_MspInit
 .text.NMI_Handler
                0x0000000008001794        0x6 ./Core/Src/stm32f4xx_it.o
                0x0000000008001794                NMI_Handler
 .text.HardFault_Handler
                0x000000000800179a        0x6 ./Core/Src/stm32f4xx_it.o
                0x000000000800179a                HardFault_Handler
 .text.MemManage_Handler
                0x00000000080017a0        0x6 ./Core/Src/stm32f4xx_it.o
                0x00000000080017a0                MemManage_Handler
 .text.BusFault_Handler
                0x00000000080017a6        0x6 ./Core/Src/stm32f4xx_it.o
                0x00000000080017a6                BusFault_Handler
 .text.UsageFault_Handler
                0x00000000080017ac        0x6 ./Core/Src/stm32f4xx_it.o
                0x00000000080017ac                UsageFault_Handler
 .text.SVC_Handler
                0x00000000080017b2        0xe ./Core/Src/stm32f4xx_it.o
                0x00000000080017b2                SVC_Handler
 .text.DebugMon_Handler
                0x00000000080017c0        0xe ./Core/Src/stm32f4xx_it.o
                0x00000000080017c0                DebugMon_Handler
 .text.PendSV_Handler
                0x00000000080017ce        0xe ./Core/Src/stm32f4xx_it.o
                0x00000000080017ce                PendSV_Handler
 .text.SysTick_Handler
                0x00000000080017dc        0xc ./Core/Src/stm32f4xx_it.o
                0x00000000080017dc                SysTick_Handler
 .text.CAN1_RX0_IRQHandler
                0x00000000080017e8       0x14 ./Core/Src/stm32f4xx_it.o
                0x00000000080017e8                CAN1_RX0_IRQHandler
 .text.CAN2_RX0_IRQHandler
                0x00000000080017fc       0x14 ./Core/Src/stm32f4xx_it.o
                0x00000000080017fc                CAN2_RX0_IRQHandler
 .text.SystemInit
                0x0000000008001810       0x24 ./Core/Src/system_stm32f4xx.o
                0x0000000008001810                SystemInit
 .text.MX_USART6_UART_Init
                0x0000000008001834       0x54 ./Core/Src/usart.o
                0x0000000008001834                MX_USART6_UART_Init
 .text.HAL_UART_MspInit
                0x0000000008001888       0x90 ./Core/Src/usart.o
                0x0000000008001888                HAL_UART_MspInit
 .text.Reset_Handler
                0x0000000008001918       0x50 ./Core/Startup/startup_stm32f407ighx.o
                0x0000000008001918                Reset_Handler
 .text.Default_Handler
                0x0000000008001968        0x2 ./Core/Startup/startup_stm32f407ighx.o
                0x0000000008001968                RTC_Alarm_IRQHandler
                0x0000000008001968                HASH_RNG_IRQHandler
                0x0000000008001968                EXTI2_IRQHandler
                0x0000000008001968                TIM8_CC_IRQHandler
                0x0000000008001968                TIM1_CC_IRQHandler
                0x0000000008001968                DMA2_Stream5_IRQHandler
                0x0000000008001968                DMA1_Stream5_IRQHandler
                0x0000000008001968                PVD_IRQHandler
                0x0000000008001968                SDIO_IRQHandler
                0x0000000008001968                TAMP_STAMP_IRQHandler
                0x0000000008001968                CAN2_RX1_IRQHandler
                0x0000000008001968                EXTI3_IRQHandler
                0x0000000008001968                TIM8_TRG_COM_TIM14_IRQHandler
                0x0000000008001968                TIM1_UP_TIM10_IRQHandler
                0x0000000008001968                TIM8_UP_TIM13_IRQHandler
                0x0000000008001968                I2C3_ER_IRQHandler
                0x0000000008001968                EXTI0_IRQHandler
                0x0000000008001968                I2C2_EV_IRQHandler
                0x0000000008001968                DMA1_Stream2_IRQHandler
                0x0000000008001968                FPU_IRQHandler
                0x0000000008001968                OTG_HS_WKUP_IRQHandler
                0x0000000008001968                CAN2_SCE_IRQHandler
                0x0000000008001968                DMA2_Stream2_IRQHandler
                0x0000000008001968                SPI1_IRQHandler
                0x0000000008001968                TIM6_DAC_IRQHandler
                0x0000000008001968                TIM1_BRK_TIM9_IRQHandler
                0x0000000008001968                DCMI_IRQHandler
                0x0000000008001968                DMA2_Stream3_IRQHandler
                0x0000000008001968                USART6_IRQHandler
                0x0000000008001968                USART3_IRQHandler
                0x0000000008001968                CAN1_RX1_IRQHandler
                0x0000000008001968                UART5_IRQHandler
                0x0000000008001968                DMA2_Stream0_IRQHandler
                0x0000000008001968                TIM4_IRQHandler
                0x0000000008001968                I2C1_EV_IRQHandler
                0x0000000008001968                DMA1_Stream6_IRQHandler
                0x0000000008001968                DMA1_Stream1_IRQHandler
                0x0000000008001968                UART4_IRQHandler
                0x0000000008001968                TIM3_IRQHandler
                0x0000000008001968                RCC_IRQHandler
                0x0000000008001968                TIM8_BRK_TIM12_IRQHandler
                0x0000000008001968                Default_Handler
                0x0000000008001968                EXTI15_10_IRQHandler
                0x0000000008001968                ADC_IRQHandler
                0x0000000008001968                DMA1_Stream7_IRQHandler
                0x0000000008001968                TIM7_IRQHandler
                0x0000000008001968                CAN2_TX_IRQHandler
                0x0000000008001968                TIM5_IRQHandler
                0x0000000008001968                DMA2_Stream7_IRQHandler
                0x0000000008001968                I2C3_EV_IRQHandler
                0x0000000008001968                EXTI9_5_IRQHandler
                0x0000000008001968                RTC_WKUP_IRQHandler
                0x0000000008001968                ETH_WKUP_IRQHandler
                0x0000000008001968                SPI2_IRQHandler
                0x0000000008001968                OTG_HS_EP1_IN_IRQHandler
                0x0000000008001968                DMA1_Stream0_IRQHandler
                0x0000000008001968                CAN1_TX_IRQHandler
                0x0000000008001968                EXTI4_IRQHandler
                0x0000000008001968                FSMC_IRQHandler
                0x0000000008001968                ETH_IRQHandler
                0x0000000008001968                OTG_HS_EP1_OUT_IRQHandler
                0x0000000008001968                WWDG_IRQHandler
                0x0000000008001968                TIM2_IRQHandler
                0x0000000008001968                OTG_FS_WKUP_IRQHandler
                0x0000000008001968                TIM1_TRG_COM_TIM11_IRQHandler
                0x0000000008001968                OTG_HS_IRQHandler
                0x0000000008001968                EXTI1_IRQHandler
                0x0000000008001968                USART2_IRQHandler
                0x0000000008001968                I2C2_ER_IRQHandler
                0x0000000008001968                DMA2_Stream1_IRQHandler
                0x0000000008001968                CAN1_SCE_IRQHandler
                0x0000000008001968                FLASH_IRQHandler
                0x0000000008001968                DMA2_Stream4_IRQHandler
                0x0000000008001968                USART1_IRQHandler
                0x0000000008001968                OTG_FS_IRQHandler
                0x0000000008001968                SPI3_IRQHandler
                0x0000000008001968                DMA1_Stream4_IRQHandler
                0x0000000008001968                I2C1_ER_IRQHandler
                0x0000000008001968                DMA2_Stream6_IRQHandler
                0x0000000008001968                DMA1_Stream3_IRQHandler
 *fill*         0x000000000800196a        0x2 
 .text.HAL_Init
                0x000000000800196c       0x44 ./Drivers/STM32F4xx_HAL_Driver/Src/stm32f4xx_hal.o
                0x000000000800196c                HAL_Init
 .text.HAL_InitTick
                0x00000000080019b0       0x60 ./Drivers/STM32F4xx_HAL_Driver/Src/stm32f4xx_hal.o
                0x00000000080019b0                HAL_InitTick
 .text.HAL_IncTick
                0x0000000008001a10       0x28 ./Drivers/STM32F4xx_HAL_Driver/Src/stm32f4xx_hal.o
                0x0000000008001a10                HAL_IncTick
 .text.HAL_GetTick
                0x0000000008001a38       0x18 ./Drivers/STM32F4xx_HAL_Driver/Src/stm32f4xx_hal.o
                0x0000000008001a38                HAL_GetTick
 .text.HAL_Delay
                0x0000000008001a50       0x48 ./Drivers/STM32F4xx_HAL_Driver/Src/stm32f4xx_hal.o
                0x0000000008001a50                HAL_Delay
 .text.HAL_CAN_Init
                0x0000000008001a98      0x1f6 ./Drivers/STM32F4xx_HAL_Driver/Src/stm32f4xx_hal_can.o
                0x0000000008001a98                HAL_CAN_Init
 *fill*         0x0000000008001c8e        0x2 
 .text.HAL_CAN_ConfigFilter
                0x0000000008001c90      0x1c0 ./Drivers/STM32F4xx_HAL_Driver/Src/stm32f4xx_hal_can.o
                0x0000000008001c90                HAL_CAN_ConfigFilter
 .text.HAL_CAN_Start
                0x0000000008001e50       0x88 ./Drivers/STM32F4xx_HAL_Driver/Src/stm32f4xx_hal_can.o
                0x0000000008001e50                HAL_CAN_Start
 .text.HAL_CAN_AddTxMessage
                0x0000000008001ed8      0x1b6 ./Drivers/STM32F4xx_HAL_Driver/Src/stm32f4xx_hal_can.o
                0x0000000008001ed8                HAL_CAN_AddTxMessage
 .text.HAL_CAN_GetRxMessage
                0x000000000800208e      0x224 ./Drivers/STM32F4xx_HAL_Driver/Src/stm32f4xx_hal_can.o
                0x000000000800208e                HAL_CAN_GetRxMessage
 .text.HAL_CAN_ActivateNotification
                0x00000000080022b2       0x4c ./Drivers/STM32F4xx_HAL_Driver/Src/stm32f4xx_hal_can.o
                0x00000000080022b2                HAL_CAN_ActivateNotification
 .text.HAL_CAN_IRQHandler
                0x00000000080022fe      0x36e ./Drivers/STM32F4xx_HAL_Driver/Src/stm32f4xx_hal_can.o
                0x00000000080022fe                HAL_CAN_IRQHandler
 .text.HAL_CAN_TxMailbox0CompleteCallback
                0x000000000800266c       0x14 ./Drivers/STM32F4xx_HAL_Driver/Src/stm32f4xx_hal_can.o
                0x000000000800266c                HAL_CAN_TxMailbox0CompleteCallback
 .text.HAL_CAN_TxMailbox1CompleteCallback
                0x0000000008002680       0x14 ./Drivers/STM32F4xx_HAL_Driver/Src/stm32f4xx_hal_can.o
                0x0000000008002680                HAL_CAN_TxMailbox1CompleteCallback
 .text.HAL_CAN_TxMailbox2CompleteCallback
                0x0000000008002694       0x14 ./Drivers/STM32F4xx_HAL_Driver/Src/stm32f4xx_hal_can.o
                0x0000000008002694                HAL_CAN_TxMailbox2CompleteCallback
 .text.HAL_CAN_TxMailbox0AbortCallback
                0x00000000080026a8       0x14 ./Drivers/STM32F4xx_HAL_Driver/Src/stm32f4xx_hal_can.o
                0x00000000080026a8                HAL_CAN_TxMailbox0AbortCallback
 .text.HAL_CAN_TxMailbox1AbortCallback
                0x00000000080026bc       0x14 ./Drivers/STM32F4xx_HAL_Driver/Src/stm32f4xx_hal_can.o
                0x00000000080026bc                HAL_CAN_TxMailbox1AbortCallback
 .text.HAL_CAN_TxMailbox2AbortCallback
                0x00000000080026d0       0x14 ./Drivers/STM32F4xx_HAL_Driver/Src/stm32f4xx_hal_can.o
                0x00000000080026d0                HAL_CAN_TxMailbox2AbortCallback
 .text.HAL_CAN_RxFifo0FullCallback
                0x00000000080026e4       0x14 ./Drivers/STM32F4xx_HAL_Driver/Src/stm32f4xx_hal_can.o
                0x00000000080026e4                HAL_CAN_RxFifo0FullCallback
 .text.HAL_CAN_RxFifo1MsgPendingCallback
                0x00000000080026f8       0x14 ./Drivers/STM32F4xx_HAL_Driver/Src/stm32f4xx_hal_can.o
                0x00000000080026f8                HAL_CAN_RxFifo1MsgPendingCallback
 .text.HAL_CAN_RxFifo1FullCallback
                0x000000000800270c       0x14 ./Drivers/STM32F4xx_HAL_Driver/Src/stm32f4xx_hal_can.o
                0x000000000800270c                HAL_CAN_RxFifo1FullCallback
 .text.HAL_CAN_SleepCallback
                0x0000000008002720       0x14 ./Drivers/STM32F4xx_HAL_Driver/Src/stm32f4xx_hal_can.o
                0x0000000008002720                HAL_CAN_SleepCallback
 .text.HAL_CAN_WakeUpFromRxMsgCallback
                0x0000000008002734       0x14 ./Drivers/STM32F4xx_HAL_Driver/Src/stm32f4xx_hal_can.o
                0x0000000008002734                HAL_CAN_WakeUpFromRxMsgCallback
 .text.HAL_CAN_ErrorCallback
                0x0000000008002748       0x14 ./Drivers/STM32F4xx_HAL_Driver/Src/stm32f4xx_hal_can.o
                0x0000000008002748                HAL_CAN_ErrorCallback
 .text.__NVIC_SetPriorityGrouping
                0x000000000800275c       0x48 ./Drivers/STM32F4xx_HAL_Driver/Src/stm32f4xx_hal_cortex.o
 .text.__NVIC_GetPriorityGrouping
                0x00000000080027a4       0x1c ./Drivers/STM32F4xx_HAL_Driver/Src/stm32f4xx_hal_cortex.o
 .text.__NVIC_EnableIRQ
                0x00000000080027c0       0x3c ./Drivers/STM32F4xx_HAL_Driver/Src/stm32f4xx_hal_cortex.o
 .text.__NVIC_SetPriority
                0x00000000080027fc       0x54 ./Drivers/STM32F4xx_HAL_Driver/Src/stm32f4xx_hal_cortex.o
 .text.NVIC_EncodePriority
                0x0000000008002850       0x66 ./Drivers/STM32F4xx_HAL_Driver/Src/stm32f4xx_hal_cortex.o
 *fill*         0x00000000080028b6        0x2 
 .text.SysTick_Config
                0x00000000080028b8       0x44 ./Drivers/STM32F4xx_HAL_Driver/Src/stm32f4xx_hal_cortex.o
 .text.HAL_NVIC_SetPriorityGrouping
                0x00000000080028fc       0x16 ./Drivers/STM32F4xx_HAL_Driver/Src/stm32f4xx_hal_cortex.o
                0x00000000080028fc                HAL_NVIC_SetPriorityGrouping
 .text.HAL_NVIC_SetPriority
                0x0000000008002912       0x38 ./Drivers/STM32F4xx_HAL_Driver/Src/stm32f4xx_hal_cortex.o
                0x0000000008002912                HAL_NVIC_SetPriority
 .text.HAL_NVIC_EnableIRQ
                0x000000000800294a       0x1c ./Drivers/STM32F4xx_HAL_Driver/Src/stm32f4xx_hal_cortex.o
                0x000000000800294a                HAL_NVIC_EnableIRQ
 .text.HAL_SYSTICK_Config
                0x0000000008002966       0x18 ./Drivers/STM32F4xx_HAL_Driver/Src/stm32f4xx_hal_cortex.o
                0x0000000008002966                HAL_SYSTICK_Config
 *fill*         0x000000000800297e        0x2 
 .text.HAL_GPIO_Init
                0x0000000008002980      0x338 ./Drivers/STM32F4xx_HAL_Driver/Src/stm32f4xx_hal_gpio.o
                0x0000000008002980                HAL_GPIO_Init
 .text.HAL_GPIO_WritePin
                0x0000000008002cb8       0x32 ./Drivers/STM32F4xx_HAL_Driver/Src/stm32f4xx_hal_gpio.o
                0x0000000008002cb8                HAL_GPIO_WritePin
 .text.HAL_GPIO_TogglePin
                0x0000000008002cea       0x34 ./Drivers/STM32F4xx_HAL_Driver/Src/stm32f4xx_hal_gpio.o
                0x0000000008002cea                HAL_GPIO_TogglePin
 *fill*         0x0000000008002d1e        0x2 
 .text.HAL_RCC_OscConfig
                0x0000000008002d20      0x4f0 ./Drivers/STM32F4xx_HAL_Driver/Src/stm32f4xx_hal_rcc.o
                0x0000000008002d20                HAL_RCC_OscConfig
 .text.HAL_RCC_ClockConfig
                0x0000000008003210      0x1cc ./Drivers/STM32F4xx_HAL_Driver/Src/stm32f4xx_hal_rcc.o
                0x0000000008003210                HAL_RCC_ClockConfig
 .text.HAL_RCC_GetSysClockFreq
                0x00000000080033dc      0x18c ./Drivers/STM32F4xx_HAL_Driver/Src/stm32f4xx_hal_rcc.o
                0x00000000080033dc                HAL_RCC_GetSysClockFreq
 .text.HAL_RCC_GetHCLKFreq
                0x0000000008003568       0x18 ./Drivers/STM32F4xx_HAL_Driver/Src/stm32f4xx_hal_rcc.o
                0x0000000008003568                HAL_RCC_GetHCLKFreq
 .text.HAL_RCC_GetPCLK1Freq
                0x0000000008003580       0x28 ./Drivers/STM32F4xx_HAL_Driver/Src/stm32f4xx_hal_rcc.o
                0x0000000008003580                HAL_RCC_GetPCLK1Freq
 .text.HAL_RCC_GetPCLK2Freq
                0x00000000080035a8       0x28 ./Drivers/STM32F4xx_HAL_Driver/Src/stm32f4xx_hal_rcc.o
                0x00000000080035a8                HAL_RCC_GetPCLK2Freq
 .text.HAL_SPI_Init
                0x00000000080035d0      0x112 ./Drivers/STM32F4xx_HAL_Driver/Src/stm32f4xx_hal_spi.o
                0x00000000080035d0                HAL_SPI_Init
 .text.HAL_SPI_TransmitReceive
                0x00000000080036e2      0x344 ./Drivers/STM32F4xx_HAL_Driver/Src/stm32f4xx_hal_spi.o
                0x00000000080036e2                HAL_SPI_TransmitReceive
 *fill*         0x0000000008003a26        0x2 
 .text.SPI_WaitFlagStateUntilTimeout
                0x0000000008003a28      0x110 ./Drivers/STM32F4xx_HAL_Driver/Src/stm32f4xx_hal_spi.o
 .text.SPI_EndRxTxTransaction
                0x0000000008003b38       0x84 ./Drivers/STM32F4xx_HAL_Driver/Src/stm32f4xx_hal_spi.o
 .text.HAL_HalfDuplex_Init
                0x0000000008003bbc       0xaa ./Drivers/STM32F4xx_HAL_Driver/Src/stm32f4xx_hal_uart.o
                0x0000000008003bbc                HAL_HalfDuplex_Init
 .text.HAL_UART_Transmit
                0x0000000008003c66      0x124 ./Drivers/STM32F4xx_HAL_Driver/Src/stm32f4xx_hal_uart.o
                0x0000000008003c66                HAL_UART_Transmit
 .text.UART_WaitOnFlagUntilTimeout
                0x0000000008003d8a       0xdc ./Drivers/STM32F4xx_HAL_Driver/Src/stm32f4xx_hal_uart.o
 *fill*         0x0000000008003e66        0x2 
 .text.UART_SetConfig
                0x0000000008003e68      0x4e8 ./Drivers/STM32F4xx_HAL_Driver/Src/stm32f4xx_hal_uart.o
 .text.memset   0x0000000008004350       0x10 C:/ST/STM32CubeIDE_1.10.1/STM32CubeIDE/plugins/com.st.stm32cube.ide.mcu.externaltools.gnu-tools-for-stm32.11.3.rel1.win32_1.1.100.202309141235/tools/bin/../lib/gcc/arm-none-eabi/11.3.1/../../../../arm-none-eabi/lib/thumb/v7e-m+fp/hard\libc_nano.a(libc_a-memset.o)
                0x0000000008004350                memset
 .text.__libc_init_array
                0x0000000008004360       0x48 C:/ST/STM32CubeIDE_1.10.1/STM32CubeIDE/plugins/com.st.stm32cube.ide.mcu.externaltools.gnu-tools-for-stm32.11.3.rel1.win32_1.1.100.202309141235/tools/bin/../lib/gcc/arm-none-eabi/11.3.1/../../../../arm-none-eabi/lib/thumb/v7e-m+fp/hard\libc_nano.a(libc_a-init.o)
                0x0000000008004360                __libc_init_array
 *(.glue_7)
 .glue_7        0x00000000080043a8        0x0 linker stubs
 *(.glue_7t)
 .glue_7t       0x00000000080043a8        0x0 linker stubs
 *(.eh_frame)
 .eh_frame      0x00000000080043a8        0x0 C:/ST/STM32CubeIDE_1.10.1/STM32CubeIDE/plugins/com.st.stm32cube.ide.mcu.externaltools.gnu-tools-for-stm32.11.3.rel1.win32_1.1.100.202309141235/tools/bin/../lib/gcc/arm-none-eabi/11.3.1/thumb/v7e-m+fp/hard/crtbegin.o
 *(.init)
 .init          0x00000000080043a8        0x4 C:/ST/STM32CubeIDE_1.10.1/STM32CubeIDE/plugins/com.st.stm32cube.ide.mcu.externaltools.gnu-tools-for-stm32.11.3.rel1.win32_1.1.100.202309141235/tools/bin/../lib/gcc/arm-none-eabi/11.3.1/thumb/v7e-m+fp/hard/crti.o
                0x00000000080043a8                _init
 .init          0x00000000080043ac        0x8 C:/ST/STM32CubeIDE_1.10.1/STM32CubeIDE/plugins/com.st.stm32cube.ide.mcu.externaltools.gnu-tools-for-stm32.11.3.rel1.win32_1.1.100.202309141235/tools/bin/../lib/gcc/arm-none-eabi/11.3.1/thumb/v7e-m+fp/hard/crtn.o
 *(.fini)
 .fini          0x00000000080043b4        0x4 C:/ST/STM32CubeIDE_1.10.1/STM32CubeIDE/plugins/com.st.stm32cube.ide.mcu.externaltools.gnu-tools-for-stm32.11.3.rel1.win32_1.1.100.202309141235/tools/bin/../lib/gcc/arm-none-eabi/11.3.1/thumb/v7e-m+fp/hard/crti.o
                0x00000000080043b4                _fini
 .fini          0x00000000080043b8        0x8 C:/ST/STM32CubeIDE_1.10.1/STM32CubeIDE/plugins/com.st.stm32cube.ide.mcu.externaltools.gnu-tools-for-stm32.11.3.rel1.win32_1.1.100.202309141235/tools/bin/../lib/gcc/arm-none-eabi/11.3.1/thumb/v7e-m+fp/hard/crtn.o
                0x00000000080043c0                . = ALIGN (0x4)
                0x00000000080043c0                _etext = .

.vfp11_veneer   0x00000000080043c0        0x0
 .vfp11_veneer  0x00000000080043c0        0x0 linker stubs

.v4_bx          0x00000000080043c0        0x0
 .v4_bx         0x00000000080043c0        0x0 linker stubs

.iplt           0x00000000080043c0        0x0
 .iplt          0x00000000080043c0        0x0 C:/ST/STM32CubeIDE_1.10.1/STM32CubeIDE/plugins/com.st.stm32cube.ide.mcu.externaltools.gnu-tools-for-stm32.11.3.rel1.win32_1.1.100.202309141235/tools/bin/../lib/gcc/arm-none-eabi/11.3.1/thumb/v7e-m+fp/hard/crtbegin.o

.rodata         0x00000000080043c0       0xa8
                0x00000000080043c0                . = ALIGN (0x4)
 *(.rodata)
 .rodata        0x00000000080043c0        0x6 ./Core/Src/nrf24.o
 *fill*         0x00000000080043c6        0x2 
 .rodata        0x00000000080043c8       0x74 ./Core/Src/radio_demo.o
 *(.rodata*)
 .rodata.nRF24_RX_PW_PIPE
                0x000000000800443c        0x6 ./Core/Src/nrf24.o
 *fill*         0x0000000008004442        0x2 
 .rodata.nRF24_ADDR_REGS
                0x0000000008004444        0x7 ./Core/Src/nrf24.o
 *fill*         0x000000000800444b        0x1 
 .rodata.nRF24_ADDR.0
                0x000000000800444c        0x3 ./Core/Src/radio_demo.o
 *fill*         0x000000000800444f        0x1 
 .rodata.AHBPrescTable
                0x0000000008004450       0x10 ./Core/Src/system_stm32f4xx.o
                0x0000000008004450                AHBPrescTable
 .rodata.APBPrescTable
                0x0000000008004460        0x8 ./Core/Src/system_stm32f4xx.o
                0x0000000008004460                APBPrescTable
                0x0000000008004468                . = ALIGN (0x4)

.ARM.extab      0x0000000008004468        0x0
                0x0000000008004468                . = ALIGN (0x4)
 *(.ARM.extab* .gnu.linkonce.armextab.*)
                0x0000000008004468                . = ALIGN (0x4)

.ARM            0x0000000008004468        0x8
                0x0000000008004468                . = ALIGN (0x4)
                0x0000000008004468                __exidx_start = .
 *(.ARM.exidx*)
 .ARM.exidx     0x0000000008004468        0x8 C:/ST/STM32CubeIDE_1.10.1/STM32CubeIDE/plugins/com.st.stm32cube.ide.mcu.externaltools.gnu-tools-for-stm32.11.3.rel1.win32_1.1.100.202309141235/tools/bin/../lib/gcc/arm-none-eabi/11.3.1/thumb/v7e-m+fp/hard\libgcc.a(_udivmoddi4.o)
                0x0000000008004470                __exidx_end = .
                0x0000000008004470                . = ALIGN (0x4)

.rel.dyn        0x0000000008004470        0x0
 .rel.iplt      0x0000000008004470        0x0 C:/ST/STM32CubeIDE_1.10.1/STM32CubeIDE/plugins/com.st.stm32cube.ide.mcu.externaltools.gnu-tools-for-stm32.11.3.rel1.win32_1.1.100.202309141235/tools/bin/../lib/gcc/arm-none-eabi/11.3.1/thumb/v7e-m+fp/hard/crtbegin.o

.preinit_array  0x0000000008004470        0x0
                0x0000000008004470                . = ALIGN (0x4)
                0x0000000008004470                PROVIDE (__preinit_array_start = .)
 *(.preinit_array*)
                0x0000000008004470                PROVIDE (__preinit_array_end = .)
                0x0000000008004470                . = ALIGN (0x4)

.init_array     0x0000000008004470        0x4
                0x0000000008004470                . = ALIGN (0x4)
                0x0000000008004470                PROVIDE (__init_array_start = .)
 *(SORT_BY_NAME(.init_array.*))
 *(.init_array*)
 .init_array    0x0000000008004470        0x4 C:/ST/STM32CubeIDE_1.10.1/STM32CubeIDE/plugins/com.st.stm32cube.ide.mcu.externaltools.gnu-tools-for-stm32.11.3.rel1.win32_1.1.100.202309141235/tools/bin/../lib/gcc/arm-none-eabi/11.3.1/thumb/v7e-m+fp/hard/crtbegin.o
                0x0000000008004474                PROVIDE (__init_array_end = .)
                0x0000000008004474                . = ALIGN (0x4)

.fini_array     0x0000000008004474        0x4
                0x0000000008004474                . = ALIGN (0x4)
                [!provide]                        PROVIDE (__fini_array_start = .)
 *(SORT_BY_NAME(.fini_array.*))
 *(.fini_array*)
 .fini_array    0x0000000008004474        0x4 C:/ST/STM32CubeIDE_1.10.1/STM32CubeIDE/plugins/com.st.stm32cube.ide.mcu.externaltools.gnu-tools-for-stm32.11.3.rel1.win32_1.1.100.202309141235/tools/bin/../lib/gcc/arm-none-eabi/11.3.1/thumb/v7e-m+fp/hard/crtbegin.o
                [!provide]                        PROVIDE (__fini_array_end = .)
                0x0000000008004478                . = ALIGN (0x4)
                0x0000000008004478                _sidata = LOADADDR (.data)

.data           0x0000000020000000        0xc load address 0x0000000008004478
                0x0000000020000000                . = ALIGN (0x4)
                0x0000000020000000                _sdata = .
 *(.data)
 *(.data*)
 .data.SystemCoreClock
                0x0000000020000000        0x4 ./Core/Src/system_stm32f4xx.o
                0x0000000020000000                SystemCoreClock
 .data.uwTickPrio
                0x0000000020000004        0x4 ./Drivers/STM32F4xx_HAL_Driver/Src/stm32f4xx_hal.o
                0x0000000020000004                uwTickPrio
 .data.uwTickFreq
                0x0000000020000008        0x1 ./Drivers/STM32F4xx_HAL_Driver/Src/stm32f4xx_hal.o
                0x0000000020000008                uwTickFreq
 *(.RamFunc)
 *(.RamFunc*)
                0x000000002000000c                . = ALIGN (0x4)
 *fill*         0x0000000020000009        0x3 
                0x000000002000000c                _edata = .
                0x0000000008004484                _siccmram = LOADADDR (.ccmram)

.igot.plt       0x000000002000000c        0x0 load address 0x0000000008004484
 .igot.plt      0x000000002000000c        0x0 C:/ST/STM32CubeIDE_1.10.1/STM32CubeIDE/plugins/com.st.stm32cube.ide.mcu.externaltools.gnu-tools-for-stm32.11.3.rel1.win32_1.1.100.202309141235/tools/bin/../lib/gcc/arm-none-eabi/11.3.1/thumb/v7e-m+fp/hard/crtbegin.o

.ccmram         0x0000000010000000        0x0 load address 0x0000000008004484
                0x0000000010000000                . = ALIGN (0x4)
                0x0000000010000000                _sccmram = .
 *(.ccmram)
 *(.ccmram*)
                0x0000000010000000                . = ALIGN (0x4)
                0x0000000010000000                _eccmram = .
                0x0000000010000000                . = ALIGN (0x4)

.bss            0x000000002000000c      0x1a4
                0x000000002000000c                _sbss = .
                0x000000002000000c                __bss_start__ = _sbss
 *(.bss)
 .bss           0x000000002000000c       0x1c C:/ST/STM32CubeIDE_1.10.1/STM32CubeIDE/plugins/com.st.stm32cube.ide.mcu.externaltools.gnu-tools-for-stm32.11.3.rel1.win32_1.1.100.202309141235/tools/bin/../lib/gcc/arm-none-eabi/11.3.1/thumb/v7e-m+fp/hard/crtbegin.o
 *(.bss*)
 .bss.measuredSpeed
                0x0000000020000028        0x2 ./Core/Src/CAN_receive.o
                0x0000000020000028                measuredSpeed
 *fill*         0x000000002000002a        0x2 
 .bss.motor_chassis
                0x000000002000002c       0x46 ./Core/Src/CAN_receive.o
 *fill*         0x0000000020000072        0x2 
 .bss.chassis_tx_message
                0x0000000020000074       0x18 ./Core/Src/CAN_receive.o
 .bss.chassis_can_send_data
                0x000000002000008c        0x8 ./Core/Src/CAN_receive.o
 .bss.i.0       0x0000000020000094        0x1 ./Core/Src/CAN_receive.o
 *fill*         0x0000000020000095        0x3 
 .bss.hcan1     0x0000000020000098       0x28 ./Core/Src/can.o
                0x0000000020000098                hcan1
 .bss.hcan2     0x00000000200000c0       0x28 ./Core/Src/can.o
                0x00000000200000c0                hcan2
 .bss.HAL_RCC_CAN1_CLK_ENABLED
                0x00000000200000e8        0x4 ./Core/Src/can.o
 .bss.nRF24_payload
                0x00000000200000ec       0x20 ./Core/Src/radio_demo.o
                0x00000000200000ec                nRF24_payload
 .bss.pipe      0x000000002000010c        0x1 ./Core/Src/radio_demo.o
                0x000000002000010c                pipe
 .bss.payload_length
                0x000000002000010d        0x1 ./Core/Src/radio_demo.o
                0x000000002000010d                payload_length
 *fill*         0x000000002000010e        0x2 
 .bss.hspi2     0x0000000020000110       0x58 ./Core/Src/spi.o
                0x0000000020000110                hspi2
 .bss.huart6    0x0000000020000168       0x44 ./Core/Src/usart.o
                0x0000000020000168                huart6
 .bss.uwTick    0x00000000200001ac        0x4 ./Drivers/STM32F4xx_HAL_Driver/Src/stm32f4xx_hal.o
                0x00000000200001ac                uwTick
 *(COMMON)
                0x00000000200001b0                . = ALIGN (0x4)
                0x00000000200001b0                _ebss = .
                0x00000000200001b0                __bss_end__ = _ebss

._user_heap_stack
                0x00000000200001b0      0x600
                0x00000000200001b0                . = ALIGN (0x8)
                [!provide]                        PROVIDE (end = .)
                0x00000000200001b0                PROVIDE (_end = .)
                0x00000000200003b0                . = (. + _Min_Heap_Size)
 *fill*         0x00000000200001b0      0x200 
                0x00000000200007b0                . = (. + _Min_Stack_Size)
 *fill*         0x00000000200003b0      0x400 
                0x00000000200007b0                . = ALIGN (0x8)

/DISCARD/
 libc.a(*)
 libm.a(*)
 libgcc.a(*)

.ARM.attributes
                0x0000000000000000       0x30
 *(.ARM.attributes)
 .ARM.attributes
                0x0000000000000000       0x1e C:/ST/STM32CubeIDE_1.10.1/STM32CubeIDE/plugins/com.st.stm32cube.ide.mcu.externaltools.gnu-tools-for-stm32.11.3.rel1.win32_1.1.100.202309141235/tools/bin/../lib/gcc/arm-none-eabi/11.3.1/thumb/v7e-m+fp/hard/crti.o
 .ARM.attributes
                0x000000000000001e       0x34 C:/ST/STM32CubeIDE_1.10.1/STM32CubeIDE/plugins/com.st.stm32cube.ide.mcu.externaltools.gnu-tools-for-stm32.11.3.rel1.win32_1.1.100.202309141235/tools/bin/../lib/gcc/arm-none-eabi/11.3.1/thumb/v7e-m+fp/hard/crtbegin.o
 .ARM.attributes
                0x0000000000000052       0x34 ./Core/Src/CAN_receive.o
 .ARM.attributes
                0x0000000000000086       0x34 ./Core/Src/bsp_can.o
 .ARM.attributes
                0x00000000000000ba       0x34 ./Core/Src/can.o
 .ARM.attributes
                0x00000000000000ee       0x34 ./Core/Src/gpio.o
 .ARM.attributes
                0x0000000000000122       0x34 ./Core/Src/main.o
 .ARM.attributes
                0x0000000000000156       0x34 ./Core/Src/nrf24.o
 .ARM.attributes
                0x000000000000018a       0x34 ./Core/Src/radio_demo.o
 .ARM.attributes
                0x00000000000001be       0x34 ./Core/Src/spi.o
 .ARM.attributes
                0x00000000000001f2       0x34 ./Core/Src/stm32f4xx_hal_msp.o
 .ARM.attributes
                0x0000000000000226       0x34 ./Core/Src/stm32f4xx_it.o
 .ARM.attributes
                0x000000000000025a       0x34 ./Core/Src/system_stm32f4xx.o
 .ARM.attributes
                0x000000000000028e       0x34 ./Core/Src/usart.o
 .ARM.attributes
                0x00000000000002c2       0x21 ./Core/Startup/startup_stm32f407ighx.o
 .ARM.attributes
                0x00000000000002e3       0x34 ./Drivers/STM32F4xx_HAL_Driver/Src/stm32f4xx_hal.o
 .ARM.attributes
                0x0000000000000317       0x34 ./Drivers/STM32F4xx_HAL_Driver/Src/stm32f4xx_hal_can.o
 .ARM.attributes
                0x000000000000034b       0x34 ./Drivers/STM32F4xx_HAL_Driver/Src/stm32f4xx_hal_cortex.o
 .ARM.attributes
                0x000000000000037f       0x34 ./Drivers/STM32F4xx_HAL_Driver/Src/stm32f4xx_hal_gpio.o
 .ARM.attributes
                0x00000000000003b3       0x34 ./Drivers/STM32F4xx_HAL_Driver/Src/stm32f4xx_hal_rcc.o
 .ARM.attributes
                0x00000000000003e7       0x34 ./Drivers/STM32F4xx_HAL_Driver/Src/stm32f4xx_hal_spi.o
 .ARM.attributes
                0x000000000000041b       0x34 ./Drivers/STM32F4xx_HAL_Driver/Src/stm32f4xx_hal_uart.o
 .ARM.attributes
                0x000000000000044f       0x34 C:/ST/STM32CubeIDE_1.10.1/STM32CubeIDE/plugins/com.st.stm32cube.ide.mcu.externaltools.gnu-tools-for-stm32.11.3.rel1.win32_1.1.100.202309141235/tools/bin/../lib/gcc/arm-none-eabi/11.3.1/../../../../arm-none-eabi/lib/thumb/v7e-m+fp/hard\libc_nano.a(libc_a-memset.o)
 .ARM.attributes
                0x0000000000000483       0x34 C:/ST/STM32CubeIDE_1.10.1/STM32CubeIDE/plugins/com.st.stm32cube.ide.mcu.externaltools.gnu-tools-for-stm32.11.3.rel1.win32_1.1.100.202309141235/tools/bin/../lib/gcc/arm-none-eabi/11.3.1/../../../../arm-none-eabi/lib/thumb/v7e-m+fp/hard\libc_nano.a(libc_a-init.o)
 .ARM.attributes
                0x00000000000004b7       0x17 C:/ST/STM32CubeIDE_1.10.1/STM32CubeIDE/plugins/com.st.stm32cube.ide.mcu.externaltools.gnu-tools-for-stm32.11.3.rel1.win32_1.1.100.202309141235/tools/bin/../lib/gcc/arm-none-eabi/11.3.1/../../../../arm-none-eabi/lib/thumb/v7e-m+fp/hard\libc_nano.a(libc_a-strlen.o)
 .ARM.attributes
                0x00000000000004ce       0x1e C:/ST/STM32CubeIDE_1.10.1/STM32CubeIDE/plugins/com.st.stm32cube.ide.mcu.externaltools.gnu-tools-for-stm32.11.3.rel1.win32_1.1.100.202309141235/tools/bin/../lib/gcc/arm-none-eabi/11.3.1/thumb/v7e-m+fp/hard\libgcc.a(_aeabi_uldivmod.o)
 .ARM.attributes
                0x00000000000004ec       0x34 C:/ST/STM32CubeIDE_1.10.1/STM32CubeIDE/plugins/com.st.stm32cube.ide.mcu.externaltools.gnu-tools-for-stm32.11.3.rel1.win32_1.1.100.202309141235/tools/bin/../lib/gcc/arm-none-eabi/11.3.1/thumb/v7e-m+fp/hard\libgcc.a(_udivmoddi4.o)
 .ARM.attributes
                0x0000000000000520       0x1e C:/ST/STM32CubeIDE_1.10.1/STM32CubeIDE/plugins/com.st.stm32cube.ide.mcu.externaltools.gnu-tools-for-stm32.11.3.rel1.win32_1.1.100.202309141235/tools/bin/../lib/gcc/arm-none-eabi/11.3.1/thumb/v7e-m+fp/hard\libgcc.a(_dvmd_tls.o)
 .ARM.attributes
                0x000000000000053e       0x1e C:/ST/STM32CubeIDE_1.10.1/STM32CubeIDE/plugins/com.st.stm32cube.ide.mcu.externaltools.gnu-tools-for-stm32.11.3.rel1.win32_1.1.100.202309141235/tools/bin/../lib/gcc/arm-none-eabi/11.3.1/thumb/v7e-m+fp/hard/crtn.o
OUTPUT(can.elf elf32-littlearm)
LOAD linker stubs
LOAD C:/ST/STM32CubeIDE_1.10.1/STM32CubeIDE/plugins/com.st.stm32cube.ide.mcu.externaltools.gnu-tools-for-stm32.11.3.rel1.win32_1.1.100.202309141235/tools/bin/../lib/gcc/arm-none-eabi/11.3.1/../../../../arm-none-eabi/lib/thumb/v7e-m+fp/hard\libc.a
LOAD C:/ST/STM32CubeIDE_1.10.1/STM32CubeIDE/plugins/com.st.stm32cube.ide.mcu.externaltools.gnu-tools-for-stm32.11.3.rel1.win32_1.1.100.202309141235/tools/bin/../lib/gcc/arm-none-eabi/11.3.1/../../../../arm-none-eabi/lib/thumb/v7e-m+fp/hard\libm.a
LOAD C:/ST/STM32CubeIDE_1.10.1/STM32CubeIDE/plugins/com.st.stm32cube.ide.mcu.externaltools.gnu-tools-for-stm32.11.3.rel1.win32_1.1.100.202309141235/tools/bin/../lib/gcc/arm-none-eabi/11.3.1/thumb/v7e-m+fp/hard\libgcc.a

.comment        0x0000000000000000       0x43
 .comment       0x0000000000000000       0x43 C:/ST/STM32CubeIDE_1.10.1/STM32CubeIDE/plugins/com.st.stm32cube.ide.mcu.externaltools.gnu-tools-for-stm32.11.3.rel1.win32_1.1.100.202309141235/tools/bin/../lib/gcc/arm-none-eabi/11.3.1/thumb/v7e-m+fp/hard/crtbegin.o
                                         0x44 (size before relaxing)
 .comment       0x0000000000000043       0x44 ./Core/Src/CAN_receive.o
 .comment       0x0000000000000043       0x44 ./Core/Src/bsp_can.o
 .comment       0x0000000000000043       0x44 ./Core/Src/can.o
 .comment       0x0000000000000043       0x44 ./Core/Src/gpio.o
 .comment       0x0000000000000043       0x44 ./Core/Src/main.o
 .comment       0x0000000000000043       0x44 ./Core/Src/nrf24.o
 .comment       0x0000000000000043       0x44 ./Core/Src/radio_demo.o
 .comment       0x0000000000000043       0x44 ./Core/Src/spi.o
 .comment       0x0000000000000043       0x44 ./Core/Src/stm32f4xx_hal_msp.o
 .comment       0x0000000000000043       0x44 ./Core/Src/stm32f4xx_it.o
 .comment       0x0000000000000043       0x44 ./Core/Src/system_stm32f4xx.o
 .comment       0x0000000000000043       0x44 ./Core/Src/usart.o
 .comment       0x0000000000000043       0x44 ./Drivers/STM32F4xx_HAL_Driver/Src/stm32f4xx_hal.o
 .comment       0x0000000000000043       0x44 ./Drivers/STM32F4xx_HAL_Driver/Src/stm32f4xx_hal_can.o
 .comment       0x0000000000000043       0x44 ./Drivers/STM32F4xx_HAL_Driver/Src/stm32f4xx_hal_cortex.o
 .comment       0x0000000000000043       0x44 ./Drivers/STM32F4xx_HAL_Driver/Src/stm32f4xx_hal_gpio.o
 .comment       0x0000000000000043       0x44 ./Drivers/STM32F4xx_HAL_Driver/Src/stm32f4xx_hal_rcc.o
 .comment       0x0000000000000043       0x44 ./Drivers/STM32F4xx_HAL_Driver/Src/stm32f4xx_hal_spi.o
 .comment       0x0000000000000043       0x44 ./Drivers/STM32F4xx_HAL_Driver/Src/stm32f4xx_hal_uart.o

.debug_info     0x0000000000000000     0xd935
 .debug_info    0x0000000000000000      0x8d7 ./Core/Src/CAN_receive.o
 .debug_info    0x00000000000008d7      0x59f ./Core/Src/bsp_can.o
 .debug_info    0x0000000000000e76      0xb45 ./Core/Src/can.o
 .debug_info    0x00000000000019bb      0x441 ./Core/Src/gpio.o
 .debug_info    0x0000000000001dfc      0x5ee ./Core/Src/main.o
 .debug_info    0x00000000000023ea      0xf1f ./Core/Src/nrf24.o
 .debug_info    0x0000000000003309      0xc6f ./Core/Src/radio_demo.o
 .debug_info    0x0000000000003f78      0x943 ./Core/Src/spi.o
 .debug_info    0x00000000000048bb      0x269 ./Core/Src/stm32f4xx_hal_msp.o
 .debug_info    0x0000000000004b24      0x525 ./Core/Src/stm32f4xx_it.o
 .debug_info    0x0000000000005049      0x512 ./Core/Src/system_stm32f4xx.o
 .debug_info    0x000000000000555b      0x8ff ./Core/Src/usart.o
 .debug_info    0x0000000000005e5a       0x23 ./Core/Startup/startup_stm32f407ighx.o
 .debug_info    0x0000000000005e7d      0x948 ./Drivers/STM32F4xx_HAL_Driver/Src/stm32f4xx_hal.o
 .debug_info    0x00000000000067c5      0xf03 ./Drivers/STM32F4xx_HAL_Driver/Src/stm32f4xx_hal_can.o
 .debug_info    0x00000000000076c8      0xd46 ./Drivers/STM32F4xx_HAL_Driver/Src/stm32f4xx_hal_cortex.o
 .debug_info    0x000000000000840e      0x6c3 ./Drivers/STM32F4xx_HAL_Driver/Src/stm32f4xx_hal_gpio.o
 .debug_info    0x0000000000008ad1      0x8b1 ./Drivers/STM32F4xx_HAL_Driver/Src/stm32f4xx_hal_rcc.o
 .debug_info    0x0000000000009382     0x15fb ./Drivers/STM32F4xx_HAL_Driver/Src/stm32f4xx_hal_spi.o
 .debug_info    0x000000000000a97d     0x2fb8 ./Drivers/STM32F4xx_HAL_Driver/Src/stm32f4xx_hal_uart.o

.debug_abbrev   0x0000000000000000     0x2845
 .debug_abbrev  0x0000000000000000      0x237 ./Core/Src/CAN_receive.o
 .debug_abbrev  0x0000000000000237      0x186 ./Core/Src/bsp_can.o
 .debug_abbrev  0x00000000000003bd      0x236 ./Core/Src/can.o
 .debug_abbrev  0x00000000000005f3      0x152 ./Core/Src/gpio.o
 .debug_abbrev  0x0000000000000745      0x1f8 ./Core/Src/main.o
 .debug_abbrev  0x000000000000093d      0x34f ./Core/Src/nrf24.o
 .debug_abbrev  0x0000000000000c8c      0x299 ./Core/Src/radio_demo.o
 .debug_abbrev  0x0000000000000f25      0x1f3 ./Core/Src/spi.o
 .debug_abbrev  0x0000000000001118       0xd8 ./Core/Src/stm32f4xx_hal_msp.o
 .debug_abbrev  0x00000000000011f0      0x1a1 ./Core/Src/stm32f4xx_it.o
 .debug_abbrev  0x0000000000001391      0x11a ./Core/Src/system_stm32f4xx.o
 .debug_abbrev  0x00000000000014ab      0x1f9 ./Core/Src/usart.o
 .debug_abbrev  0x00000000000016a4       0x12 ./Core/Startup/startup_stm32f407ighx.o
 .debug_abbrev  0x00000000000016b6      0x213 ./Drivers/STM32F4xx_HAL_Driver/Src/stm32f4xx_hal.o
 .debug_abbrev  0x00000000000018c9      0x239 ./Drivers/STM32F4xx_HAL_Driver/Src/stm32f4xx_hal_can.o
 .debug_abbrev  0x0000000000001b02      0x327 ./Drivers/STM32F4xx_HAL_Driver/Src/stm32f4xx_hal_cortex.o
 .debug_abbrev  0x0000000000001e29      0x1d4 ./Drivers/STM32F4xx_HAL_Driver/Src/stm32f4xx_hal_gpio.o
 .debug_abbrev  0x0000000000001ffd      0x2b6 ./Drivers/STM32F4xx_HAL_Driver/Src/stm32f4xx_hal_rcc.o
 .debug_abbrev  0x00000000000022b3      0x284 ./Drivers/STM32F4xx_HAL_Driver/Src/stm32f4xx_hal_spi.o
 .debug_abbrev  0x0000000000002537      0x30e ./Drivers/STM32F4xx_HAL_Driver/Src/stm32f4xx_hal_uart.o

.debug_aranges  0x0000000000000000      0xc00
 .debug_aranges
                0x0000000000000000       0x58 ./Core/Src/CAN_receive.o
 .debug_aranges
                0x0000000000000058       0x20 ./Core/Src/bsp_can.o
 .debug_aranges
                0x0000000000000078       0x38 ./Core/Src/can.o
 .debug_aranges
                0x00000000000000b0       0x20 ./Core/Src/gpio.o
 .debug_aranges
                0x00000000000000d0       0x30 ./Core/Src/main.o
 .debug_aranges
                0x0000000000000100      0x168 ./Core/Src/nrf24.o
 .debug_aranges
                0x0000000000000268       0x68 ./Core/Src/radio_demo.o
 .debug_aranges
                0x00000000000002d0       0x30 ./Core/Src/spi.o
 .debug_aranges
                0x0000000000000300       0x20 ./Core/Src/stm32f4xx_hal_msp.o
 .debug_aranges
                0x0000000000000320       0x70 ./Core/Src/stm32f4xx_it.o
 .debug_aranges
                0x0000000000000390       0x28 ./Core/Src/system_stm32f4xx.o
 .debug_aranges
                0x00000000000003b8       0x30 ./Core/Src/usart.o
 .debug_aranges
                0x00000000000003e8       0x28 ./Core/Startup/startup_stm32f407ighx.o
 .debug_aranges
                0x0000000000000410       0xf0 ./Drivers/STM32F4xx_HAL_Driver/Src/stm32f4xx_hal.o
 .debug_aranges
                0x0000000000000500      0x138 ./Drivers/STM32F4xx_HAL_Driver/Src/stm32f4xx_hal_can.o
 .debug_aranges
                0x0000000000000638      0x118 ./Drivers/STM32F4xx_HAL_Driver/Src/stm32f4xx_hal_cortex.o
 .debug_aranges
                0x0000000000000750       0x58 ./Drivers/STM32F4xx_HAL_Driver/Src/stm32f4xx_hal_gpio.o
 .debug_aranges
                0x00000000000007a8       0x88 ./Drivers/STM32F4xx_HAL_Driver/Src/stm32f4xx_hal_rcc.o
 .debug_aranges
                0x0000000000000830      0x1d0 ./Drivers/STM32F4xx_HAL_Driver/Src/stm32f4xx_hal_spi.o
 .debug_aranges
                0x0000000000000a00      0x200 ./Drivers/STM32F4xx_HAL_Driver/Src/stm32f4xx_hal_uart.o

.debug_rnglists
                0x0000000000000000      0x911
 .debug_rnglists
                0x0000000000000000       0x40 ./Core/Src/CAN_receive.o
 .debug_rnglists
                0x0000000000000040       0x13 ./Core/Src/bsp_can.o
 .debug_rnglists
                0x0000000000000053       0x27 ./Core/Src/can.o
 .debug_rnglists
                0x000000000000007a       0x14 ./Core/Src/gpio.o
 .debug_rnglists
                0x000000000000008e       0x20 ./Core/Src/main.o
 .debug_rnglists
                0x00000000000000ae      0x10d ./Core/Src/nrf24.o
 .debug_rnglists
                0x00000000000001bb       0x4b ./Core/Src/radio_demo.o
 .debug_rnglists
                0x0000000000000206       0x20 ./Core/Src/spi.o
 .debug_rnglists
                0x0000000000000226       0x13 ./Core/Src/stm32f4xx_hal_msp.o
 .debug_rnglists
                0x0000000000000239       0x4f ./Core/Src/stm32f4xx_it.o
 .debug_rnglists
                0x0000000000000288       0x1a ./Core/Src/system_stm32f4xx.o
 .debug_rnglists
                0x00000000000002a2       0x20 ./Core/Src/usart.o
 .debug_rnglists
                0x00000000000002c2       0x19 ./Core/Startup/startup_stm32f407ighx.o
 .debug_rnglists
                0x00000000000002db       0xaf ./Drivers/STM32F4xx_HAL_Driver/Src/stm32f4xx_hal.o
 .debug_rnglists
                0x000000000000038a       0xee ./Drivers/STM32F4xx_HAL_Driver/Src/stm32f4xx_hal_can.o
 .debug_rnglists
                0x0000000000000478       0xce ./Drivers/STM32F4xx_HAL_Driver/Src/stm32f4xx_hal_cortex.o
 .debug_rnglists
                0x0000000000000546       0x3f ./Drivers/STM32F4xx_HAL_Driver/Src/stm32f4xx_hal_gpio.o
 .debug_rnglists
                0x0000000000000585       0x66 ./Drivers/STM32F4xx_HAL_Driver/Src/stm32f4xx_hal_rcc.o
 .debug_rnglists
                0x00000000000005eb      0x16f ./Drivers/STM32F4xx_HAL_Driver/Src/stm32f4xx_hal_spi.o
 .debug_rnglists
                0x000000000000075a      0x1b7 ./Drivers/STM32F4xx_HAL_Driver/Src/stm32f4xx_hal_uart.o

.debug_macro    0x0000000000000000    0x218b2
 .debug_macro   0x0000000000000000      0x20a ./Core/Src/CAN_receive.o
 .debug_macro   0x000000000000020a      0xaa8 ./Core/Src/CAN_receive.o
 .debug_macro   0x0000000000000cb2       0x1c ./Core/Src/CAN_receive.o
 .debug_macro   0x0000000000000cce      0x2a1 ./Core/Src/CAN_receive.o
 .debug_macro   0x0000000000000f6f       0x2e ./Core/Src/CAN_receive.o
 .debug_macro   0x0000000000000f9d       0x2f ./Core/Src/CAN_receive.o
 .debug_macro   0x0000000000000fcc       0x22 ./Core/Src/CAN_receive.o
 .debug_macro   0x0000000000000fee       0x8e ./Core/Src/CAN_receive.o
 .debug_macro   0x000000000000107c       0x51 ./Core/Src/CAN_receive.o
 .debug_macro   0x00000000000010cd      0x103 ./Core/Src/CAN_receive.o
 .debug_macro   0x00000000000011d0       0x6a ./Core/Src/CAN_receive.o
 .debug_macro   0x000000000000123a      0x1df ./Core/Src/CAN_receive.o
 .debug_macro   0x0000000000001419       0x1c ./Core/Src/CAN_receive.o
 .debug_macro   0x0000000000001435       0x22 ./Core/Src/CAN_receive.o
 .debug_macro   0x0000000000001457       0xd9 ./Core/Src/CAN_receive.o
 .debug_macro   0x0000000000001530     0x102d ./Core/Src/CAN_receive.o
 .debug_macro   0x000000000000255d      0x11f ./Core/Src/CAN_receive.o
 .debug_macro   0x000000000000267c    0x15e82 ./Core/Src/CAN_receive.o
 .debug_macro   0x00000000000184fe       0x6d ./Core/Src/CAN_receive.o
 .debug_macro   0x000000000001856b     0x367e ./Core/Src/CAN_receive.o
 .debug_macro   0x000000000001bbe9      0x174 ./Core/Src/CAN_receive.o
 .debug_macro   0x000000000001bd5d       0x5c ./Core/Src/CAN_receive.o
 .debug_macro   0x000000000001bdb9      0x96b ./Core/Src/CAN_receive.o
 .debug_macro   0x000000000001c724      0x9fe ./Core/Src/CAN_receive.o
 .debug_macro   0x000000000001d122      0x115 ./Core/Src/CAN_receive.o
 .debug_macro   0x000000000001d237      0x13e ./Core/Src/CAN_receive.o
 .debug_macro   0x000000000001d375       0xa5 ./Core/Src/CAN_receive.o
 .debug_macro   0x000000000001d41a      0x174 ./Core/Src/CAN_receive.o
 .debug_macro   0x000000000001d58e      0x287 ./Core/Src/CAN_receive.o
 .debug_macro   0x000000000001d815       0x5f ./Core/Src/CAN_receive.o
 .debug_macro   0x000000000001d874      0x236 ./Core/Src/CAN_receive.o
 .debug_macro   0x000000000001daaa      0x40f ./Core/Src/CAN_receive.o
 .debug_macro   0x000000000001deb9      0x12c ./Core/Src/CAN_receive.o
 .debug_macro   0x000000000001dfe5      0x21e ./Core/Src/CAN_receive.o
 .debug_macro   0x000000000001e203       0x2e ./Core/Src/CAN_receive.o
 .debug_macro   0x000000000001e231      0x11a ./Core/Src/CAN_receive.o
 .debug_macro   0x000000000001e34b       0x7e ./Core/Src/CAN_receive.o
 .debug_macro   0x000000000001e3c9       0x89 ./Core/Src/CAN_receive.o
 .debug_macro   0x000000000001e452      0x225 ./Core/Src/CAN_receive.o
 .debug_macro   0x000000000001e677      0x295 ./Core/Src/CAN_receive.o
 .debug_macro   0x000000000001e90c      0x12d ./Core/Src/CAN_receive.o
 .debug_macro   0x000000000001ea39       0x4c ./Core/Src/CAN_receive.o
 .debug_macro   0x000000000001ea85      0x1f1 ./Core/Src/bsp_can.o
 .debug_macro   0x000000000001ec76      0x1e7 ./Core/Src/can.o
 .debug_macro   0x000000000001ee5d      0x1e7 ./Core/Src/gpio.o
 .debug_macro   0x000000000001f044      0x232 ./Core/Src/main.o
 .debug_macro   0x000000000001f276      0x1f6 ./Core/Src/nrf24.o
 .debug_macro   0x000000000001f46c      0x186 ./Core/Src/nrf24.o
 .debug_macro   0x000000000001f5f2      0x2fb ./Core/Src/radio_demo.o
 .debug_macro   0x000000000001f8ed       0x5b ./Core/Src/radio_demo.o
 .debug_macro   0x000000000001f948       0x2a ./Core/Src/radio_demo.o
 .debug_macro   0x000000000001f972       0x94 ./Core/Src/radio_demo.o
 .debug_macro   0x000000000001fa06       0x43 ./Core/Src/radio_demo.o
 .debug_macro   0x000000000001fa49       0x34 ./Core/Src/radio_demo.o
 .debug_macro   0x000000000001fa7d       0x16 ./Core/Src/radio_demo.o
 .debug_macro   0x000000000001fa93       0x43 ./Core/Src/radio_demo.o
 .debug_macro   0x000000000001fad6       0x57 ./Core/Src/radio_demo.o
 .debug_macro   0x000000000001fb2d       0x34 ./Core/Src/radio_demo.o
 .debug_macro   0x000000000001fb61       0x10 ./Core/Src/radio_demo.o
 .debug_macro   0x000000000001fb71       0x58 ./Core/Src/radio_demo.o
 .debug_macro   0x000000000001fbc9       0x8e ./Core/Src/radio_demo.o
 .debug_macro   0x000000000001fc57       0x1c ./Core/Src/radio_demo.o
 .debug_macro   0x000000000001fc73      0x177 ./Core/Src/radio_demo.o
 .debug_macro   0x000000000001fdea      0x369 ./Core/Src/radio_demo.o
 .debug_macro   0x0000000000020153       0x10 ./Core/Src/radio_demo.o
 .debug_macro   0x0000000000020163       0x35 ./Core/Src/radio_demo.o
 .debug_macro   0x0000000000020198       0x20 ./Core/Src/radio_demo.o
 .debug_macro   0x00000000000201b8       0x56 ./Core/Src/radio_demo.o
 .debug_macro   0x000000000002020e      0x1e7 ./Core/Src/spi.o
 .debug_macro   0x00000000000203f5      0x1dd ./Core/Src/stm32f4xx_hal_msp.o
 .debug_macro   0x00000000000205d2      0x1e7 ./Core/Src/stm32f4xx_it.o
 .debug_macro   0x00000000000207b9      0x1ce ./Core/Src/system_stm32f4xx.o
 .debug_macro   0x0000000000020987      0x1e7 ./Core/Src/usart.o
 .debug_macro   0x0000000000020b6e      0x22e ./Drivers/STM32F4xx_HAL_Driver/Src/stm32f4xx_hal.o
 .debug_macro   0x0000000000020d9c      0x1d6 ./Drivers/STM32F4xx_HAL_Driver/Src/stm32f4xx_hal_can.o
 .debug_macro   0x0000000000020f72      0x1ce ./Drivers/STM32F4xx_HAL_Driver/Src/stm32f4xx_hal_cortex.o
 .debug_macro   0x0000000000021140      0x1d4 ./Drivers/STM32F4xx_HAL_Driver/Src/stm32f4xx_hal_gpio.o
 .debug_macro   0x0000000000021314      0x1f2 ./Drivers/STM32F4xx_HAL_Driver/Src/stm32f4xx_hal_rcc.o
 .debug_macro   0x0000000000021506      0x1dd ./Drivers/STM32F4xx_HAL_Driver/Src/stm32f4xx_hal_spi.o
 .debug_macro   0x00000000000216e3      0x1cf ./Drivers/STM32F4xx_HAL_Driver/Src/stm32f4xx_hal_uart.o

.debug_line     0x0000000000000000     0xf138
 .debug_line    0x0000000000000000      0x88a ./Core/Src/CAN_receive.o
 .debug_line    0x000000000000088a      0x789 ./Core/Src/bsp_can.o
 .debug_line    0x0000000000001013      0x85d ./Core/Src/can.o
 .debug_line    0x0000000000001870      0x783 ./Core/Src/gpio.o
 .debug_line    0x0000000000001ff3      0x81b ./Core/Src/main.o
 .debug_line    0x000000000000280e      0xd75 ./Core/Src/nrf24.o
 .debug_line    0x0000000000003583      0xad4 ./Core/Src/radio_demo.o
 .debug_line    0x0000000000004057      0x7bd ./Core/Src/spi.o
 .debug_line    0x0000000000004814      0x74c ./Core/Src/stm32f4xx_hal_msp.o
 .debug_line    0x0000000000004f60      0x83e ./Core/Src/stm32f4xx_it.o
 .debug_line    0x000000000000579e      0x7cd ./Core/Src/system_stm32f4xx.o
 .debug_line    0x0000000000005f6b      0x7b5 ./Core/Src/usart.o
 .debug_line    0x0000000000006720       0x7a ./Core/Startup/startup_stm32f407ighx.o
 .debug_line    0x000000000000679a      0xa33 ./Drivers/STM32F4xx_HAL_Driver/Src/stm32f4xx_hal.o
 .debug_line    0x00000000000071cd     0x119f ./Drivers/STM32F4xx_HAL_Driver/Src/stm32f4xx_hal_can.o
 .debug_line    0x000000000000836c      0xce2 ./Drivers/STM32F4xx_HAL_Driver/Src/stm32f4xx_hal_cortex.o
 .debug_line    0x000000000000904e      0xba7 ./Drivers/STM32F4xx_HAL_Driver/Src/stm32f4xx_hal_gpio.o
 .debug_line    0x0000000000009bf5      0xdaa ./Drivers/STM32F4xx_HAL_Driver/Src/stm32f4xx_hal_rcc.o
 .debug_line    0x000000000000a99f     0x1cc4 ./Drivers/STM32F4xx_HAL_Driver/Src/stm32f4xx_hal_spi.o
 .debug_line    0x000000000000c663     0x2ad5 ./Drivers/STM32F4xx_HAL_Driver/Src/stm32f4xx_hal_uart.o

.debug_str      0x0000000000000000    0xc72bf
 .debug_str     0x0000000000000000    0xc03a4 ./Core/Src/CAN_receive.o
                                      0xc0699 (size before relaxing)
 .debug_str     0x00000000000c03a4      0x11d ./Core/Src/bsp_can.o
                                      0xc0322 (size before relaxing)
 .debug_str     0x00000000000c04c1      0x705 ./Core/Src/can.o
                                      0xc0919 (size before relaxing)
 .debug_str     0x00000000000c0bc6       0x68 ./Core/Src/gpio.o
                                      0xc00f7 (size before relaxing)
 .debug_str     0x00000000000c0c2e      0x1fa ./Core/Src/main.o
                                      0xc03be (size before relaxing)
 .debug_str     0x00000000000c0e28     0x10d7 ./Core/Src/nrf24.o
                                      0xc1144 (size before relaxing)
 .debug_str     0x00000000000c1eff     0x3548 ./Core/Src/radio_demo.o
                                      0xc436a (size before relaxing)
 .debug_str     0x00000000000c5447       0x4b ./Core/Src/spi.o
                                      0xc0583 (size before relaxing)
 .debug_str     0x00000000000c5492       0x2c ./Core/Src/stm32f4xx_hal_msp.o
                                      0xc002c (size before relaxing)
 .debug_str     0x00000000000c54be      0x104 ./Core/Src/stm32f4xx_it.o
                                      0xc02a7 (size before relaxing)
 .debug_str     0x00000000000c55c2       0xdb ./Core/Src/system_stm32f4xx.o
                                      0xbffcc (size before relaxing)
 .debug_str     0x00000000000c569d       0x57 ./Core/Src/usart.o
                                      0xc0592 (size before relaxing)
 .debug_str     0x00000000000c56f4       0x34 ./Core/Startup/startup_stm32f407ighx.o
                                         0x7a (size before relaxing)
 .debug_str     0x00000000000c5728      0x603 ./Drivers/STM32F4xx_HAL_Driver/Src/stm32f4xx_hal.o
                                      0xc0b50 (size before relaxing)
 .debug_str     0x00000000000c5d2b      0x3c4 ./Drivers/STM32F4xx_HAL_Driver/Src/stm32f4xx_hal_can.o
                                      0xc06b8 (size before relaxing)
 .debug_str     0x00000000000c60ef      0x323 ./Drivers/STM32F4xx_HAL_Driver/Src/stm32f4xx_hal_cortex.o
                                      0xc0883 (size before relaxing)
 .debug_str     0x00000000000c6412      0x10e ./Drivers/STM32F4xx_HAL_Driver/Src/stm32f4xx_hal_gpio.o
                                      0xc0147 (size before relaxing)
 .debug_str     0x00000000000c6520      0x233 ./Drivers/STM32F4xx_HAL_Driver/Src/stm32f4xx_hal_rcc.o
                                      0xc0400 (size before relaxing)
 .debug_str     0x00000000000c6753      0x585 ./Drivers/STM32F4xx_HAL_Driver/Src/stm32f4xx_hal_spi.o
                                      0xc0890 (size before relaxing)
 .debug_str     0x00000000000c6cd8      0x5e7 ./Drivers/STM32F4xx_HAL_Driver/Src/stm32f4xx_hal_uart.o
                                      0xc099f (size before relaxing)

.debug_frame    0x0000000000000000     0x2f1c
 .debug_frame   0x0000000000000000      0x130 ./Core/Src/CAN_receive.o
 .debug_frame   0x0000000000000130       0x34 ./Core/Src/bsp_can.o
 .debug_frame   0x0000000000000164       0x90 ./Core/Src/can.o
 .debug_frame   0x00000000000001f4       0x34 ./Core/Src/gpio.o
 .debug_frame   0x0000000000000228       0x68 ./Core/Src/main.o
 .debug_frame   0x0000000000000290      0x594 ./Core/Src/nrf24.o
 .debug_frame   0x0000000000000824      0x15c ./Core/Src/radio_demo.o
 .debug_frame   0x0000000000000980       0x74 ./Core/Src/spi.o
 .debug_frame   0x00000000000009f4       0x38 ./Core/Src/stm32f4xx_hal_msp.o
 .debug_frame   0x0000000000000a2c      0x13c ./Core/Src/stm32f4xx_it.o
 .debug_frame   0x0000000000000b68       0x58 ./Core/Src/system_stm32f4xx.o
 .debug_frame   0x0000000000000bc0       0x74 ./Core/Src/usart.o
 .debug_frame   0x0000000000000c34      0x374 ./Drivers/STM32F4xx_HAL_Driver/Src/stm32f4xx_hal.o
 .debug_frame   0x0000000000000fa8      0x5a0 ./Drivers/STM32F4xx_HAL_Driver/Src/stm32f4xx_hal_can.o
 .debug_frame   0x0000000000001548      0x498 ./Drivers/STM32F4xx_HAL_Driver/Src/stm32f4xx_hal_cortex.o
 .debug_frame   0x00000000000019e0      0x14c ./Drivers/STM32F4xx_HAL_Driver/Src/stm32f4xx_hal_gpio.o
 .debug_frame   0x0000000000001b2c      0x1f4 ./Drivers/STM32F4xx_HAL_Driver/Src/stm32f4xx_hal_rcc.o
 .debug_frame   0x0000000000001d20      0x824 ./Drivers/STM32F4xx_HAL_Driver/Src/stm32f4xx_hal_spi.o
 .debug_frame   0x0000000000002544      0x92c ./Drivers/STM32F4xx_HAL_Driver/Src/stm32f4xx_hal_uart.o
 .debug_frame   0x0000000000002e70       0x20 C:/ST/STM32CubeIDE_1.10.1/STM32CubeIDE/plugins/com.st.stm32cube.ide.mcu.externaltools.gnu-tools-for-stm32.11.3.rel1.win32_1.1.100.202309141235/tools/bin/../lib/gcc/arm-none-eabi/11.3.1/../../../../arm-none-eabi/lib/thumb/v7e-m+fp/hard\libc_nano.a(libc_a-memset.o)
 .debug_frame   0x0000000000002e90       0x2c C:/ST/STM32CubeIDE_1.10.1/STM32CubeIDE/plugins/com.st.stm32cube.ide.mcu.externaltools.gnu-tools-for-stm32.11.3.rel1.win32_1.1.100.202309141235/tools/bin/../lib/gcc/arm-none-eabi/11.3.1/../../../../arm-none-eabi/lib/thumb/v7e-m+fp/hard\libc_nano.a(libc_a-init.o)
 .debug_frame   0x0000000000002ebc       0x2c C:/ST/STM32CubeIDE_1.10.1/STM32CubeIDE/plugins/com.st.stm32cube.ide.mcu.externaltools.gnu-tools-for-stm32.11.3.rel1.win32_1.1.100.202309141235/tools/bin/../lib/gcc/arm-none-eabi/11.3.1/thumb/v7e-m+fp/hard\libgcc.a(_aeabi_uldivmod.o)
 .debug_frame   0x0000000000002ee8       0x34 C:/ST/STM32CubeIDE_1.10.1/STM32CubeIDE/plugins/com.st.stm32cube.ide.mcu.externaltools.gnu-tools-for-stm32.11.3.rel1.win32_1.1.100.202309141235/tools/bin/../lib/gcc/arm-none-eabi/11.3.1/thumb/v7e-m+fp/hard\libgcc.a(_udivmoddi4.o)

.debug_line_str
                0x0000000000000000       0x6e
 .debug_line_str
                0x0000000000000000       0x6e ./Core/Startup/startup_stm32f407ighx.o
                                         0x86 (size before relaxing)
